#
# A fatal error has been detected by the Java Runtime Environment:
#
#  EXCEPTION_ACCESS_VIOLATION (0xc0000005) at pc=0x00007ffd1cbb2519, pid=10336, tid=21732
#
# JRE version: Java(TM) SE Runtime Environment (17.0.2+8) (build 17.0.2+8-LTS-86)
# Java VM: Java HotSpot(TM) 64-Bit Server VM (17.0.2+8-LTS-86, mixed mode, sharing, tiered, compressed oops, compressed class ptrs, g1 gc, windows-amd64)
# Problematic frame:
# C  [ig11icd64.dll+0x5c2519]
#
# No core dump will be written. Minidumps are not enabled by default on client versions of Windows
#
# If you would like to submit a bug report, please visit:
#   https://bugreport.java.com/bugreport/crash.jsp
#

---------------  S U M M A R Y ------------

Command Line: -Djava.library.path=C:\RT\VoluMarch\lib -javaagent:C:\Program Files\JetBrains\IntelliJ IDEA 2024.3.3\lib\idea_rt.jar=57534:C:\Program Files\JetBrains\IntelliJ IDEA 2024.3.3\bin -Dfile.encoding=UTF-8 VolumeRaymarchLWJGLWithImGui

Host: Intel(R) Core(TM) i7-1065G7 CPU @ 1.30GHz, 8 cores, 15G,  Windows 10 , 64 bit Build 19041 (10.0.19041.5438)
Time: Sat Mar 29 19:12:33 2025 W. Europe Standard Time elapsed time: 1.864204 seconds (0d 0h 0m 1s)

---------------  T H R E A D  ---------------

Current thread (0x00000285666aee80):  VMThread "VM Thread" [stack: 0x000000bcdc100000,0x000000bcdc200000] [id=21732]

Stack: [0x000000bcdc100000,0x000000bcdc200000],  sp=0x000000bcdc1fe4c0,  free space=1017k
Native frames: (J=compiled Java code, j=interpreted, Vv=VM code, C=native code)
C  [ig11icd64.dll+0x5c2519]


siginfo: EXCEPTION_ACCESS_VIOLATION (0xc0000005), reading address 0x00000000000352e8


Register to memory mapping:

RIP=0x00007ffd1cbb2519 ig11icd64.dll
RAX=0x00000285713e2fc0 points into unknown readable memory: 0x000000000000013f | 3f 01 00 00 00 00 00 00
RBX=0x00000285713e2eb0 points into unknown readable memory: 0x000002856773ebe0 | e0 eb 73 67 85 02 00 00
RCX=0x0 is NULL
RDX=0x00000285713e2f80 points into unknown readable memory: 0x0000000000000000 | 00 00 00 00 00 00 00 00
RSP=0x000000bcdc1fe4c0 points into unknown readable memory: 0x000002856771e390 | 90 e3 71 67 85 02 00 00
RBP=0x00000285713e9860 points into unknown readable memory: 0x000002856773ebe0 | e0 eb 73 67 85 02 00 00
RSI=0x00000285713e33c8 points into unknown readable memory: 0x00000285713e9860 | 60 98 3e 71 85 02 00 00
RDI=0x000002856738f780 points into unknown readable memory: 0x0000000000000000 | 00 00 00 00 00 00 00 00
R8 =0x0000000000000008 is an unknown value
R9 =0x0 is NULL
R10=0x0 is NULL
R11=0x0000000000000246 is an unknown value
R12=0x0 is NULL
R13=0x0 is NULL
R14=0x0 is NULL
R15=0x0 is NULL


Registers:
RAX=0x00000285713e2fc0, RBX=0x00000285713e2eb0, RCX=0x0000000000000000, RDX=0x00000285713e2f80
RSP=0x000000bcdc1fe4c0, RBP=0x00000285713e9860, RSI=0x00000285713e33c8, RDI=0x000002856738f780
R8 =0x0000000000000008, R9 =0x0000000000000000, R10=0x0000000000000000, R11=0x0000000000000246
R12=0x0000000000000000, R13=0x0000000000000000, R14=0x0000000000000000, R15=0x0000000000000000
RIP=0x00007ffd1cbb2519, EFLAGS=0x0000000000010206

Top of Stack: (sp=0x000000bcdc1fe4c0)
0x000000bcdc1fe4c0:   000002856771e390 0000000300000020
0x000000bcdc1fe4d0:   000000bcdc1fe508 0000005400000000
0x000000bcdc1fe4e0:   00007ffd1d58fc50 0000000000000140
0x000000bcdc1fe4f0:   0000028567b77cc0 0000000000000068
0x000000bcdc1fe500:   0000000000000000 00007ffd1cb93bc2
0x000000bcdc1fe510:   000002856771e390 000002856738f780
0x000000bcdc1fe520:   000000bcdc1fe610 0000000000000000
0x000000bcdc1fe530:   000000000000a2f4 0000000000000000
0x000000bcdc1fe540:   0000000000000008 000000bcdc1fe580
0x000000bcdc1fe550:   000000bcdc1fe5b0 000000bcdc1fe5f8
0x000000bcdc1fe560:   0000120dc859f5f6 000000bcdc1fe658
0x000000bcdc1fe570:   00000285679b5510 0000000000000000
0x000000bcdc1fe580:   0000000000140012 00007ffd99b7da38
0x000000bcdc1fe590:   0000000000000000 0000000000000000
0x000000bcdc1fe5a0:   0000000000000000 0000000000000000
0x000000bcdc1fe5b0:   0000b802008a0000 000000000000a2f4 

Instructions: (pc=0x00007ffd1cbb2519)
0x00007ffd1cbb2419:   30 44 38 24 01 75 05 e8 e3 13 f9 ff 65 48 8b 04
0x00007ffd1cbb2429:   25 58 00 00 00 41 be 10 00 00 00 48 8b 04 30 4d
0x00007ffd1cbb2439:   8b 34 06 48 85 ed 0f 84 6f 03 00 00 66 66 66 0f
0x00007ffd1cbb2449:   1f 84 00 00 00 00 00 48 8b dd 48 8d b5 18 05 00
0x00007ffd1cbb2459:   00 48 8b 2e 45 84 ff 74 1d 48 8b 0b 48 8b d3 80
0x00007ffd1cbb2469:   bb 6a 05 00 00 00 0f 85 f2 02 00 00 e8 b6 67 fe
0x00007ffd1cbb2479:   ff e9 f4 02 00 00 8b 8f d0 01 00 00 48 8b 05 a4
0x00007ffd1cbb2489:   11 8e 00 83 b8 54 03 00 00 02 0f 85 f4 00 00 00
0x00007ffd1cbb2499:   48 8d 93 d0 00 00 00 83 f9 10 73 04 8b c1 eb 56
0x00007ffd1cbb24a9:   44 8d 41 f0 41 8b c0 c1 e8 04 83 f8 03 73 20 0f
0x00007ffd1cbb24b9:   ae e8 41 83 e0 0f 4c 8b 8c c2 00 04 00 00 4d 85
0x00007ffd1cbb24c9:   c9 74 25 41 8b c0 48 c1 e0 06 49 03 c1 eb 2e 48
0x00007ffd1cbb24d9:   8b 82 18 04 00 00 48 85 c0 74 0d 39 08 74 29 48
0x00007ffd1cbb24e9:   8b 40 48 48 85 c0 75 f3 80 ba 20 04 00 00 00 74
0x00007ffd1cbb24f9:   1d 8b c1 83 e0 0f 48 c1 e0 06 48 03 c2 48 85 c0
0x00007ffd1cbb2509:   74 0c 48 8b 48 08 eb 08 48 83 c0 08 eb ef 33 c9
0x00007ffd1cbb2519:   49 3b 8e e8 52 03 00 76 6b 48 8b 87 80 02 00 00
0x00007ffd1cbb2529:   48 89 06 48 89 9f 80 02 00 00 ff 87 88 02 00 00
0x00007ffd1cbb2539:   48 8b 4b 08 48 8b 01 ba 01 00 00 00 48 8b 80 d8
0x00007ffd1cbb2549:   02 00 00 ff 15 9e 70 58 00 0f b7 c8 48 2b c1 48
0x00007ffd1cbb2559:   05 00 00 01 00 48 01 87 90 02 00 00 48 8b 4b 08
0x00007ffd1cbb2569:   48 8b 01 ba 01 00 00 00 48 8b 80 d8 02 00 00 ff
0x00007ffd1cbb2579:   15 72 70 58 00 48 01 87 a0 02 00 00 41 b4 01 e9
0x00007ffd1cbb2589:   e6 01 00 00 44 8b 9f d0 01 00 00 48 8b 87 e8 01
0x00007ffd1cbb2599:   00 00 4c 8b 10 8b 8f d0 01 00 00 48 8d 93 d0 00
0x00007ffd1cbb25a9:   00 00 83 f9 10 73 04 8b c1 eb 57 44 8d 41 f0 41
0x00007ffd1cbb25b9:   8b c0 c1 e8 04 83 f8 03 73 20 0f ae e8 41 83 e0
0x00007ffd1cbb25c9:   0f 4c 8b 8c c2 00 04 00 00 4d 85 c9 74 26 41 8b
0x00007ffd1cbb25d9:   c0 48 c1 e0 06 49 03 c1 eb 2f 48 8b 82 18 04 00
0x00007ffd1cbb25e9:   00 48 85 c0 74 0e 90 39 08 74 3c 48 8b 40 48 48
0x00007ffd1cbb25f9:   85 c0 75 f3 80 ba 20 04 00 00 00 74 1b 8b c1 83
0x00007ffd1cbb2609:   e0 0f 48 c1 e0 06 48 03 c2 48 85 c0 74 0a 4c 39 


Stack slot to memory mapping:
stack at sp + 0 slots: 0x000002856771e390 points into unknown readable memory: 0xffffffffffffffff | ff ff ff ff ff ff ff ff
stack at sp + 1 slots: 0x0000000300000020 is an unknown value
stack at sp + 2 slots: 0x000000bcdc1fe508 points into unknown readable memory: 0x00007ffd1cb93bc2 | c2 3b b9 1c fd 7f 00 00
stack at sp + 3 slots: 0x0000005400000000 is an unknown value
stack at sp + 4 slots: 0x00007ffd1d58fc50 ig11icd64.dll
stack at sp + 5 slots: 0x0000000000000140 is an unknown value
stack at sp + 6 slots: 0x0000028567b77cc0 points into unknown readable memory: 0x0000000000000000 | 00 00 00 00 00 00 00 00
stack at sp + 7 slots: 0x0000000000000068 is an unknown value

VM_Operation (0x000000bcdbbfe7a0): Exit, mode: safepoint, requested by thread 0x0000028543af1010


---------------  P R O C E S S  ---------------

Threads class SMR info:
_java_thread_list=0x000002856e0d5a00, length=19, elements={
0x0000028543af1010, 0x00000285666b3820, 0x00000285666b41d0, 0x00000285666c24b0,
0x00000285666c2e60, 0x00000285666c5820, 0x00000285666c81e0, 0x00000285666c8f70,
0x00000285666c9a10, 0x00000285666ca400, 0x00000285670d5ee0, 0x00000285672e3090,
0x00000285672e3560, 0x0000028567ae27a0, 0x0000028567ae5c90, 0x0000028567ae52f0,
0x0000028567ae2c70, 0x000002856e0cc030, 0x000002856e291d80
}

Java Threads: ( => current thread )
  0x0000028543af1010 JavaThread "main" [_thread_blocked, id=17620, stack(0x000000bcdbb00000,0x000000bcdbc00000)]
  0x00000285666b3820 JavaThread "Reference Handler" daemon [_thread_blocked, id=20212, stack(0x000000bcdc200000,0x000000bcdc300000)]
  0x00000285666b41d0 JavaThread "Finalizer" daemon [_thread_blocked, id=3220, stack(0x000000bcdc300000,0x000000bcdc400000)]
  0x00000285666c24b0 JavaThread "Signal Dispatcher" daemon [_thread_blocked, id=9504, stack(0x000000bcdc400000,0x000000bcdc500000)]
  0x00000285666c2e60 JavaThread "Attach Listener" daemon [_thread_blocked, id=22596, stack(0x000000bcdc500000,0x000000bcdc600000)]
  0x00000285666c5820 JavaThread "Service Thread" daemon [_thread_blocked, id=16036, stack(0x000000bcdc600000,0x000000bcdc700000)]
  0x00000285666c81e0 JavaThread "Monitor Deflation Thread" daemon [_thread_blocked, id=13848, stack(0x000000bcdc700000,0x000000bcdc800000)]
  0x00000285666c8f70 JavaThread "C2 CompilerThread0" daemon [_thread_blocked, id=2844, stack(0x000000bcdc800000,0x000000bcdc900000)]
  0x00000285666c9a10 JavaThread "C1 CompilerThread0" daemon [_thread_blocked, id=14240, stack(0x000000bcdc900000,0x000000bcdca00000)]
  0x00000285666ca400 JavaThread "Sweeper thread" daemon [_thread_blocked, id=8672, stack(0x000000bcdca00000,0x000000bcdcb00000)]
  0x00000285670d5ee0 JavaThread "Common-Cleaner" daemon [_thread_blocked, id=16980, stack(0x000000bcdcb00000,0x000000bcdcc00000)]
  0x00000285672e3090 JavaThread "Monitor Ctrl-Break" daemon [_thread_in_native, id=2680, stack(0x000000bcdcc00000,0x000000bcdcd00000)]
  0x00000285672e3560 JavaThread "Notification Thread" daemon [_thread_blocked, id=22004, stack(0x000000bcdcd00000,0x000000bcdce00000)]
  0x0000028567ae27a0 JavaThread "RMI TCP Accept-0" daemon [_thread_in_native, id=14176, stack(0x000000bcdd600000,0x000000bcdd700000)]
  0x0000028567ae5c90 JavaThread "RMI TCP Connection(1)-192.168.2.37" daemon [_thread_in_native, id=18672, stack(0x000000bcdd800000,0x000000bcdd900000)]
  0x0000028567ae52f0 JavaThread "RMI Scheduler(0)" daemon [_thread_blocked, id=21844, stack(0x000000bcdd900000,0x000000bcdda00000)]
  0x0000028567ae2c70 JavaThread "JMX server connection timeout 20" daemon [_thread_blocked, id=23044, stack(0x000000bcdda00000,0x000000bcddb00000)]
  0x000002856e0cc030 JavaThread "Java2D Disposer" daemon [_thread_blocked, id=800, stack(0x000000bcdcf00000,0x000000bcdd000000)]
  0x000002856e291d80 JavaThread "C2 CompilerThread1" daemon [_thread_blocked, id=9636, stack(0x000000bcddb00000,0x000000bcddc00000)]

Other Threads:
=>0x00000285666aee80 VMThread "VM Thread" [stack: 0x000000bcdc100000,0x000000bcdc200000] [id=21732]
  0x0000028543b3ee70 GCTaskThread "GC Thread#0" [stack: 0x000000bcdbc00000,0x000000bcdbd00000] [id=21592]
  0x000002856e12eea0 GCTaskThread "GC Thread#1" [stack: 0x000000bcddd00000,0x000000bcdde00000] [id=20120]
  0x000002856de83cf0 GCTaskThread "GC Thread#2" [stack: 0x000000bcdde00000,0x000000bcddf00000] [id=14888]
  0x000002856deb7480 GCTaskThread "GC Thread#3" [stack: 0x000000bcddf00000,0x000000bcde000000] [id=19696]
  0x0000028567537360 GCTaskThread "GC Thread#4" [stack: 0x000000bcde000000,0x000000bcde100000] [id=19948]
  0x000002856e1e35a0 GCTaskThread "GC Thread#5" [stack: 0x000000bcde100000,0x000000bcde200000] [id=22844]
  0x000002856e85e810 GCTaskThread "GC Thread#6" [stack: 0x000000bcde200000,0x000000bcde300000] [id=17372]
  0x000002856e177b20 GCTaskThread "GC Thread#7" [stack: 0x000000bcde300000,0x000000bcde400000] [id=5148]
  0x0000028543b4ba00 ConcurrentGCThread "G1 Main Marker" terminated
  0x0000028543b4cab0 ConcurrentGCThread "G1 Conc#0" [stack: 0x000000bcdbe00000,0x000000bcdbf00000] [id=20748]
  0x0000028543bbd930 ConcurrentGCThread "G1 Refine#0" terminated
  0x000002856daf6510 ConcurrentGCThread "G1 Refine#1" terminated
  0x000002856daf53d0 ConcurrentGCThread "G1 Refine#2" terminated
  0x0000028543bbe250 ConcurrentGCThread "G1 Service" terminated

Threads with active compile tasks:

VM state: at safepoint (shutting down)

VM Mutex/Monitor currently owned by a thread:  ([mutex/lock_event])
[0x0000028543aeca00] Threads_lock - owner thread: 0x00000285666aee80
[0x0000028543aebe30] Heap_lock - owner thread: 0x0000028543af1010

Heap address: 0x0000000703800000, size: 4040 MB, Compressed Oops mode: Zero based, Oop shift amount: 3

CDS archive(s) mapped at: [0x0000000800000000-0x0000000800bc0000-0x0000000800bc0000), size 12320768, SharedBaseAddress: 0x0000000800000000, ArchiveRelocationMode: 0.
Compressed class space mapped at: 0x0000000800c00000-0x0000000840c00000, reserved size: 1073741824
Narrow klass base: 0x0000000800000000, Narrow klass shift: 0, Narrow klass range: 0x100000000

GC Precious Log:
 CPUs: 8 total, 8 available
 Memory: 16152M
 Large Page Support: Disabled
 NUMA Support: Disabled
 Compressed Oops: Enabled (Zero based)
 Heap Region Size: 2M
 Heap Min Capacity: 8M
 Heap Initial Capacity: 254M
 Heap Max Capacity: 4040M
 Pre-touch: Disabled
 Parallel Workers: 8
 Concurrent Workers: 2
 Concurrent Refinement Workers: 8
 Periodic GC: Disabled

Heap:
 garbage-first heap   total 260096K, used 11742K [0x0000000703800000, 0x0000000800000000)
  region size 2048K, 6 young (12288K), 2 survivors (4096K)
 Metaspace       used 12959K, committed 13248K, reserved 1064960K
  class space    used 1130K, committed 1280K, reserved 1048576K

Heap Regions: E=young(eden), S=young(survivor), O=old, HS=humongous(starts), HC=humongous(continues), CS=collection set, F=free, OA=open archive, CA=closed archive, TAMS=top-at-mark-start (previous, next)
|   0|0x0000000703800000, 0x0000000703977800, 0x0000000703a00000| 73%| O|  |TAMS 0x0000000703800000, 0x0000000703800000| Untracked 
|   1|0x0000000703a00000, 0x0000000703a00000, 0x0000000703c00000|  0%| F|  |TAMS 0x0000000703a00000, 0x0000000703a00000| Untracked 
|   2|0x0000000703c00000, 0x0000000703c00000, 0x0000000703e00000|  0%| F|  |TAMS 0x0000000703c00000, 0x0000000703c00000| Untracked 
|   3|0x0000000703e00000, 0x0000000703e00000, 0x0000000704000000|  0%| F|  |TAMS 0x0000000703e00000, 0x0000000703e00000| Untracked 
|   4|0x0000000704000000, 0x0000000704000000, 0x0000000704200000|  0%| F|  |TAMS 0x0000000704000000, 0x0000000704000000| Untracked 
|   5|0x0000000704200000, 0x0000000704200000, 0x0000000704400000|  0%| F|  |TAMS 0x0000000704200000, 0x0000000704200000| Untracked 
|   6|0x0000000704400000, 0x0000000704400000, 0x0000000704600000|  0%| F|  |TAMS 0x0000000704400000, 0x0000000704400000| Untracked 
|   7|0x0000000704600000, 0x0000000704600000, 0x0000000704800000|  0%| F|  |TAMS 0x0000000704600000, 0x0000000704600000| Untracked 
|   8|0x0000000704800000, 0x0000000704800000, 0x0000000704a00000|  0%| F|  |TAMS 0x0000000704800000, 0x0000000704800000| Untracked 
|   9|0x0000000704a00000, 0x0000000704a00000, 0x0000000704c00000|  0%| F|  |TAMS 0x0000000704a00000, 0x0000000704a00000| Untracked 
|  10|0x0000000704c00000, 0x0000000704c00000, 0x0000000704e00000|  0%| F|  |TAMS 0x0000000704c00000, 0x0000000704c00000| Untracked 
|  11|0x0000000704e00000, 0x0000000704e00000, 0x0000000705000000|  0%| F|  |TAMS 0x0000000704e00000, 0x0000000704e00000| Untracked 
|  12|0x0000000705000000, 0x0000000705000000, 0x0000000705200000|  0%| F|  |TAMS 0x0000000705000000, 0x0000000705000000| Untracked 
|  13|0x0000000705200000, 0x0000000705200000, 0x0000000705400000|  0%| F|  |TAMS 0x0000000705200000, 0x0000000705200000| Untracked 
|  14|0x0000000705400000, 0x0000000705400000, 0x0000000705600000|  0%| F|  |TAMS 0x0000000705400000, 0x0000000705400000| Untracked 
|  15|0x0000000705600000, 0x0000000705600000, 0x0000000705800000|  0%| F|  |TAMS 0x0000000705600000, 0x0000000705600000| Untracked 
|  16|0x0000000705800000, 0x0000000705800000, 0x0000000705a00000|  0%| F|  |TAMS 0x0000000705800000, 0x0000000705800000| Untracked 
|  17|0x0000000705a00000, 0x0000000705a00000, 0x0000000705c00000|  0%| F|  |TAMS 0x0000000705a00000, 0x0000000705a00000| Untracked 
|  18|0x0000000705c00000, 0x0000000705c00000, 0x0000000705e00000|  0%| F|  |TAMS 0x0000000705c00000, 0x0000000705c00000| Untracked 
|  19|0x0000000705e00000, 0x0000000705e00000, 0x0000000706000000|  0%| F|  |TAMS 0x0000000705e00000, 0x0000000705e00000| Untracked 
|  20|0x0000000706000000, 0x0000000706000000, 0x0000000706200000|  0%| F|  |TAMS 0x0000000706000000, 0x0000000706000000| Untracked 
|  21|0x0000000706200000, 0x0000000706200000, 0x0000000706400000|  0%| F|  |TAMS 0x0000000706200000, 0x0000000706200000| Untracked 
|  22|0x0000000706400000, 0x0000000706400000, 0x0000000706600000|  0%| F|  |TAMS 0x0000000706400000, 0x0000000706400000| Untracked 
|  23|0x0000000706600000, 0x0000000706600000, 0x0000000706800000|  0%| F|  |TAMS 0x0000000706600000, 0x0000000706600000| Untracked 
|  24|0x0000000706800000, 0x0000000706800000, 0x0000000706a00000|  0%| F|  |TAMS 0x0000000706800000, 0x0000000706800000| Untracked 
|  25|0x0000000706a00000, 0x0000000706a00000, 0x0000000706c00000|  0%| F|  |TAMS 0x0000000706a00000, 0x0000000706a00000| Untracked 
|  26|0x0000000706c00000, 0x0000000706c00000, 0x0000000706e00000|  0%| F|  |TAMS 0x0000000706c00000, 0x0000000706c00000| Untracked 
|  27|0x0000000706e00000, 0x0000000706e00000, 0x0000000707000000|  0%| F|  |TAMS 0x0000000706e00000, 0x0000000706e00000| Untracked 
|  28|0x0000000707000000, 0x0000000707000000, 0x0000000707200000|  0%| F|  |TAMS 0x0000000707000000, 0x0000000707000000| Untracked 
|  29|0x0000000707200000, 0x0000000707200000, 0x0000000707400000|  0%| F|  |TAMS 0x0000000707200000, 0x0000000707200000| Untracked 
|  30|0x0000000707400000, 0x0000000707400000, 0x0000000707600000|  0%| F|  |TAMS 0x0000000707400000, 0x0000000707400000| Untracked 
|  31|0x0000000707600000, 0x0000000707600000, 0x0000000707800000|  0%| F|  |TAMS 0x0000000707600000, 0x0000000707600000| Untracked 
|  32|0x0000000707800000, 0x0000000707800000, 0x0000000707a00000|  0%| F|  |TAMS 0x0000000707800000, 0x0000000707800000| Untracked 
|  33|0x0000000707a00000, 0x0000000707a00000, 0x0000000707c00000|  0%| F|  |TAMS 0x0000000707a00000, 0x0000000707a00000| Untracked 
|  34|0x0000000707c00000, 0x0000000707c00000, 0x0000000707e00000|  0%| F|  |TAMS 0x0000000707c00000, 0x0000000707c00000| Untracked 
|  35|0x0000000707e00000, 0x0000000707e00000, 0x0000000708000000|  0%| F|  |TAMS 0x0000000707e00000, 0x0000000707e00000| Untracked 
|  36|0x0000000708000000, 0x0000000708000000, 0x0000000708200000|  0%| F|  |TAMS 0x0000000708000000, 0x0000000708000000| Untracked 
|  37|0x0000000708200000, 0x0000000708200000, 0x0000000708400000|  0%| F|  |TAMS 0x0000000708200000, 0x0000000708200000| Untracked 
|  38|0x0000000708400000, 0x0000000708400000, 0x0000000708600000|  0%| F|  |TAMS 0x0000000708400000, 0x0000000708400000| Untracked 
|  39|0x0000000708600000, 0x0000000708600000, 0x0000000708800000|  0%| F|  |TAMS 0x0000000708600000, 0x0000000708600000| Untracked 
|  40|0x0000000708800000, 0x0000000708800000, 0x0000000708a00000|  0%| F|  |TAMS 0x0000000708800000, 0x0000000708800000| Untracked 
|  41|0x0000000708a00000, 0x0000000708a00000, 0x0000000708c00000|  0%| F|  |TAMS 0x0000000708a00000, 0x0000000708a00000| Untracked 
|  42|0x0000000708c00000, 0x0000000708c00000, 0x0000000708e00000|  0%| F|  |TAMS 0x0000000708c00000, 0x0000000708c00000| Untracked 
|  43|0x0000000708e00000, 0x0000000708e00000, 0x0000000709000000|  0%| F|  |TAMS 0x0000000708e00000, 0x0000000708e00000| Untracked 
|  44|0x0000000709000000, 0x0000000709000000, 0x0000000709200000|  0%| F|  |TAMS 0x0000000709000000, 0x0000000709000000| Untracked 
|  45|0x0000000709200000, 0x0000000709200000, 0x0000000709400000|  0%| F|  |TAMS 0x0000000709200000, 0x0000000709200000| Untracked 
|  46|0x0000000709400000, 0x0000000709400000, 0x0000000709600000|  0%| F|  |TAMS 0x0000000709400000, 0x0000000709400000| Untracked 
|  47|0x0000000709600000, 0x0000000709600000, 0x0000000709800000|  0%| F|  |TAMS 0x0000000709600000, 0x0000000709600000| Untracked 
|  48|0x0000000709800000, 0x0000000709800000, 0x0000000709a00000|  0%| F|  |TAMS 0x0000000709800000, 0x0000000709800000| Untracked 
|  49|0x0000000709a00000, 0x0000000709a00000, 0x0000000709c00000|  0%| F|  |TAMS 0x0000000709a00000, 0x0000000709a00000| Untracked 
|  50|0x0000000709c00000, 0x0000000709c00000, 0x0000000709e00000|  0%| F|  |TAMS 0x0000000709c00000, 0x0000000709c00000| Untracked 
|  51|0x0000000709e00000, 0x0000000709e00000, 0x000000070a000000|  0%| F|  |TAMS 0x0000000709e00000, 0x0000000709e00000| Untracked 
|  52|0x000000070a000000, 0x000000070a000000, 0x000000070a200000|  0%| F|  |TAMS 0x000000070a000000, 0x000000070a000000| Untracked 
|  53|0x000000070a200000, 0x000000070a200000, 0x000000070a400000|  0%| F|  |TAMS 0x000000070a200000, 0x000000070a200000| Untracked 
|  54|0x000000070a400000, 0x000000070a400000, 0x000000070a600000|  0%| F|  |TAMS 0x000000070a400000, 0x000000070a400000| Untracked 
|  55|0x000000070a600000, 0x000000070a600000, 0x000000070a800000|  0%| F|  |TAMS 0x000000070a600000, 0x000000070a600000| Untracked 
|  56|0x000000070a800000, 0x000000070a800000, 0x000000070aa00000|  0%| F|  |TAMS 0x000000070a800000, 0x000000070a800000| Untracked 
|  57|0x000000070aa00000, 0x000000070aa00000, 0x000000070ac00000|  0%| F|  |TAMS 0x000000070aa00000, 0x000000070aa00000| Untracked 
|  58|0x000000070ac00000, 0x000000070ac00000, 0x000000070ae00000|  0%| F|  |TAMS 0x000000070ac00000, 0x000000070ac00000| Untracked 
|  59|0x000000070ae00000, 0x000000070ae00000, 0x000000070b000000|  0%| F|  |TAMS 0x000000070ae00000, 0x000000070ae00000| Untracked 
|  60|0x000000070b000000, 0x000000070b000000, 0x000000070b200000|  0%| F|  |TAMS 0x000000070b000000, 0x000000070b000000| Untracked 
|  61|0x000000070b200000, 0x000000070b200000, 0x000000070b400000|  0%| F|  |TAMS 0x000000070b200000, 0x000000070b200000| Untracked 
|  62|0x000000070b400000, 0x000000070b400000, 0x000000070b600000|  0%| F|  |TAMS 0x000000070b400000, 0x000000070b400000| Untracked 
|  63|0x000000070b600000, 0x000000070b600000, 0x000000070b800000|  0%| F|  |TAMS 0x000000070b600000, 0x000000070b600000| Untracked 
|  64|0x000000070b800000, 0x000000070b800000, 0x000000070ba00000|  0%| F|  |TAMS 0x000000070b800000, 0x000000070b800000| Untracked 
|  65|0x000000070ba00000, 0x000000070ba00000, 0x000000070bc00000|  0%| F|  |TAMS 0x000000070ba00000, 0x000000070ba00000| Untracked 
|  66|0x000000070bc00000, 0x000000070bc00000, 0x000000070be00000|  0%| F|  |TAMS 0x000000070bc00000, 0x000000070bc00000| Untracked 
|  67|0x000000070be00000, 0x000000070be00000, 0x000000070c000000|  0%| F|  |TAMS 0x000000070be00000, 0x000000070be00000| Untracked 
|  68|0x000000070c000000, 0x000000070c000000, 0x000000070c200000|  0%| F|  |TAMS 0x000000070c000000, 0x000000070c000000| Untracked 
|  69|0x000000070c200000, 0x000000070c200000, 0x000000070c400000|  0%| F|  |TAMS 0x000000070c200000, 0x000000070c200000| Untracked 
|  70|0x000000070c400000, 0x000000070c400000, 0x000000070c600000|  0%| F|  |TAMS 0x000000070c400000, 0x000000070c400000| Untracked 
|  71|0x000000070c600000, 0x000000070c600000, 0x000000070c800000|  0%| F|  |TAMS 0x000000070c600000, 0x000000070c600000| Untracked 
|  72|0x000000070c800000, 0x000000070c800000, 0x000000070ca00000|  0%| F|  |TAMS 0x000000070c800000, 0x000000070c800000| Untracked 
|  73|0x000000070ca00000, 0x000000070ca00000, 0x000000070cc00000|  0%| F|  |TAMS 0x000000070ca00000, 0x000000070ca00000| Untracked 
|  74|0x000000070cc00000, 0x000000070cc00000, 0x000000070ce00000|  0%| F|  |TAMS 0x000000070cc00000, 0x000000070cc00000| Untracked 
|  75|0x000000070ce00000, 0x000000070ce00000, 0x000000070d000000|  0%| F|  |TAMS 0x000000070ce00000, 0x000000070ce00000| Untracked 
|  76|0x000000070d000000, 0x000000070d000000, 0x000000070d200000|  0%| F|  |TAMS 0x000000070d000000, 0x000000070d000000| Untracked 
|  77|0x000000070d200000, 0x000000070d200000, 0x000000070d400000|  0%| F|  |TAMS 0x000000070d200000, 0x000000070d200000| Untracked 
|  78|0x000000070d400000, 0x000000070d400000, 0x000000070d600000|  0%| F|  |TAMS 0x000000070d400000, 0x000000070d400000| Untracked 
|  79|0x000000070d600000, 0x000000070d600000, 0x000000070d800000|  0%| F|  |TAMS 0x000000070d600000, 0x000000070d600000| Untracked 
|  80|0x000000070d800000, 0x000000070d800000, 0x000000070da00000|  0%| F|  |TAMS 0x000000070d800000, 0x000000070d800000| Untracked 
|  81|0x000000070da00000, 0x000000070da00000, 0x000000070dc00000|  0%| F|  |TAMS 0x000000070da00000, 0x000000070da00000| Untracked 
|  82|0x000000070dc00000, 0x000000070dc00000, 0x000000070de00000|  0%| F|  |TAMS 0x000000070dc00000, 0x000000070dc00000| Untracked 
|  83|0x000000070de00000, 0x000000070de00000, 0x000000070e000000|  0%| F|  |TAMS 0x000000070de00000, 0x000000070de00000| Untracked 
|  84|0x000000070e000000, 0x000000070e000000, 0x000000070e200000|  0%| F|  |TAMS 0x000000070e000000, 0x000000070e000000| Untracked 
|  85|0x000000070e200000, 0x000000070e200000, 0x000000070e400000|  0%| F|  |TAMS 0x000000070e200000, 0x000000070e200000| Untracked 
|  86|0x000000070e400000, 0x000000070e400000, 0x000000070e600000|  0%| F|  |TAMS 0x000000070e400000, 0x000000070e400000| Untracked 
|  87|0x000000070e600000, 0x000000070e600000, 0x000000070e800000|  0%| F|  |TAMS 0x000000070e600000, 0x000000070e600000| Untracked 
|  88|0x000000070e800000, 0x000000070e800000, 0x000000070ea00000|  0%| F|  |TAMS 0x000000070e800000, 0x000000070e800000| Untracked 
|  89|0x000000070ea00000, 0x000000070ea00000, 0x000000070ec00000|  0%| F|  |TAMS 0x000000070ea00000, 0x000000070ea00000| Untracked 
|  90|0x000000070ec00000, 0x000000070ec00000, 0x000000070ee00000|  0%| F|  |TAMS 0x000000070ec00000, 0x000000070ec00000| Untracked 
|  91|0x000000070ee00000, 0x000000070ee00000, 0x000000070f000000|  0%| F|  |TAMS 0x000000070ee00000, 0x000000070ee00000| Untracked 
|  92|0x000000070f000000, 0x000000070f000000, 0x000000070f200000|  0%| F|  |TAMS 0x000000070f000000, 0x000000070f000000| Untracked 
|  93|0x000000070f200000, 0x000000070f200000, 0x000000070f400000|  0%| F|  |TAMS 0x000000070f200000, 0x000000070f200000| Untracked 
|  94|0x000000070f400000, 0x000000070f400000, 0x000000070f600000|  0%| F|  |TAMS 0x000000070f400000, 0x000000070f400000| Untracked 
|  95|0x000000070f600000, 0x000000070f600000, 0x000000070f800000|  0%| F|  |TAMS 0x000000070f600000, 0x000000070f600000| Untracked 
|  96|0x000000070f800000, 0x000000070f800000, 0x000000070fa00000|  0%| F|  |TAMS 0x000000070f800000, 0x000000070f800000| Untracked 
|  97|0x000000070fa00000, 0x000000070fa00000, 0x000000070fc00000|  0%| F|  |TAMS 0x000000070fa00000, 0x000000070fa00000| Untracked 
|  98|0x000000070fc00000, 0x000000070fc00000, 0x000000070fe00000|  0%| F|  |TAMS 0x000000070fc00000, 0x000000070fc00000| Untracked 
|  99|0x000000070fe00000, 0x000000070fe00000, 0x0000000710000000|  0%| F|  |TAMS 0x000000070fe00000, 0x000000070fe00000| Untracked 
| 100|0x0000000710000000, 0x0000000710000000, 0x0000000710200000|  0%| F|  |TAMS 0x0000000710000000, 0x0000000710000000| Untracked 
| 101|0x0000000710200000, 0x0000000710200000, 0x0000000710400000|  0%| F|  |TAMS 0x0000000710200000, 0x0000000710200000| Untracked 
| 102|0x0000000710400000, 0x0000000710400000, 0x0000000710600000|  0%| F|  |TAMS 0x0000000710400000, 0x0000000710400000| Untracked 
| 103|0x0000000710600000, 0x0000000710600000, 0x0000000710800000|  0%| F|  |TAMS 0x0000000710600000, 0x0000000710600000| Untracked 
| 104|0x0000000710800000, 0x0000000710800000, 0x0000000710a00000|  0%| F|  |TAMS 0x0000000710800000, 0x0000000710800000| Untracked 
| 105|0x0000000710a00000, 0x0000000710a00000, 0x0000000710c00000|  0%| F|  |TAMS 0x0000000710a00000, 0x0000000710a00000| Untracked 
| 106|0x0000000710c00000, 0x0000000710c00000, 0x0000000710e00000|  0%| F|  |TAMS 0x0000000710c00000, 0x0000000710c00000| Untracked 
| 107|0x0000000710e00000, 0x0000000710e00000, 0x0000000711000000|  0%| F|  |TAMS 0x0000000710e00000, 0x0000000710e00000| Untracked 
| 108|0x0000000711000000, 0x0000000711000000, 0x0000000711200000|  0%| F|  |TAMS 0x0000000711000000, 0x0000000711000000| Untracked 
| 109|0x0000000711200000, 0x0000000711200000, 0x0000000711400000|  0%| F|  |TAMS 0x0000000711200000, 0x0000000711200000| Untracked 
| 110|0x0000000711400000, 0x0000000711400000, 0x0000000711600000|  0%| F|  |TAMS 0x0000000711400000, 0x0000000711400000| Untracked 
| 111|0x0000000711600000, 0x0000000711600000, 0x0000000711800000|  0%| F|  |TAMS 0x0000000711600000, 0x0000000711600000| Untracked 
| 112|0x0000000711800000, 0x0000000711800000, 0x0000000711a00000|  0%| F|  |TAMS 0x0000000711800000, 0x0000000711800000| Untracked 
| 113|0x0000000711a00000, 0x0000000711a00000, 0x0000000711c00000|  0%| F|  |TAMS 0x0000000711a00000, 0x0000000711a00000| Untracked 
| 114|0x0000000711c00000, 0x0000000711e00000, 0x0000000711e00000|100%| S|CS|TAMS 0x0000000711c00000, 0x0000000711c00000| Complete 
| 115|0x0000000711e00000, 0x0000000712000000, 0x0000000712000000|100%| S|CS|TAMS 0x0000000711e00000, 0x0000000711e00000| Complete 
| 116|0x0000000712000000, 0x0000000712000000, 0x0000000712200000|  0%| F|  |TAMS 0x0000000712000000, 0x0000000712000000| Untracked 
| 117|0x0000000712200000, 0x0000000712200000, 0x0000000712400000|  0%| F|  |TAMS 0x0000000712200000, 0x0000000712200000| Untracked 
| 118|0x0000000712400000, 0x0000000712400000, 0x0000000712600000|  0%| F|  |TAMS 0x0000000712400000, 0x0000000712400000| Untracked 
| 119|0x0000000712600000, 0x0000000712600000, 0x0000000712800000|  0%| F|  |TAMS 0x0000000712600000, 0x0000000712600000| Untracked 
| 120|0x0000000712800000, 0x0000000712800000, 0x0000000712a00000|  0%| F|  |TAMS 0x0000000712800000, 0x0000000712800000| Untracked 
| 121|0x0000000712a00000, 0x0000000712a00000, 0x0000000712c00000|  0%| F|  |TAMS 0x0000000712a00000, 0x0000000712a00000| Untracked 
| 122|0x0000000712c00000, 0x0000000712c00000, 0x0000000712e00000|  0%| F|  |TAMS 0x0000000712c00000, 0x0000000712c00000| Untracked 
| 123|0x0000000712e00000, 0x0000000712ec3000, 0x0000000713000000| 38%| E|  |TAMS 0x0000000712e00000, 0x0000000712e00000| Complete 
| 124|0x0000000713000000, 0x0000000713200000, 0x0000000713200000|100%| E|CS|TAMS 0x0000000713000000, 0x0000000713000000| Complete 
| 125|0x0000000713200000, 0x0000000713400000, 0x0000000713400000|100%| E|CS|TAMS 0x0000000713200000, 0x0000000713200000| Complete 
| 126|0x0000000713400000, 0x0000000713600000, 0x0000000713600000|100%| E|CS|TAMS 0x0000000713400000, 0x0000000713400000| Complete 

Card table byte_map: [0x000002855ae60000,0x000002855b650000] _byte_map_base: 0x0000028557644000

Marking Bits (Prev, Next): (CMBitMap*) 0x0000028543b3f380, (CMBitMap*) 0x0000028543b3f3c0
 Prev Bits: [0x000002855be40000, 0x000002855fd60000)
 Next Bits: [0x000002855fd60000, 0x0000028563c80000)

Polling page: 0x0000028541a90000

Metaspace:

Usage:
  Non-class:     11.55 MB used.
      Class:      1.10 MB used.
       Both:     12.66 MB used.

Virtual space:
  Non-class space:       16.00 MB reserved,      11.69 MB ( 73%) committed,  2 nodes.
      Class space:        1.00 GB reserved,       1.25 MB ( <1%) committed,  1 nodes.
             Both:        1.02 GB reserved,      12.94 MB (  1%) committed. 

Chunk freelists:
   Non-Class:  128.00 KB
       Class:  2.72 MB
        Both:  2.85 MB

MaxMetaspaceSize: unlimited
CompressedClassSpaceSize: 1.00 GB
Initial GC threshold: 21.00 MB
Current GC threshold: 21.00 MB
CDS: on
MetaspaceReclaimPolicy: balanced
 - commit_granule_bytes: 65536.
 - commit_granule_words: 8192.
 - virtual_space_node_default_size: 1048576.
 - enlarge_chunks_in_place: 1.
 - new_chunks_are_fully_committed: 0.
 - uncommit_free_chunks: 1.
 - use_allocation_guard: 0.
 - handle_deallocations: 1.


Internal statistics:

num_allocs_failed_limit: 0.
num_arena_births: 238.
num_arena_deaths: 0.
num_vsnodes_births: 3.
num_vsnodes_deaths: 0.
num_space_committed: 205.
num_space_uncommitted: 0.
num_chunks_returned_to_freelist: 0.
num_chunks_taken_from_freelist: 457.
num_chunk_merges: 0.
num_chunk_splits: 268.
num_chunks_enlarged: 144.
num_purges: 0.
num_inconsistent_stats: 0.

CodeHeap 'non-profiled nmethods': size=120000Kb used=494Kb max_used=494Kb free=119505Kb
 bounds [0x0000028552e10000, 0x0000028553080000, 0x000002855a340000]
CodeHeap 'profiled nmethods': size=120000Kb used=2626Kb max_used=2626Kb free=117374Kb
 bounds [0x000002854b8e0000, 0x000002854bb80000, 0x0000028552e10000]
CodeHeap 'non-nmethods': size=5760Kb used=1886Kb max_used=1886Kb free=3874Kb
 bounds [0x000002854b340000, 0x000002854b5b0000, 0x000002854b8e0000]
 total_blobs=2924 nmethods=1533 adapters=1304
 compilation: enabled
              stopped_count=0, restarted_count=0
 full_count=0

Compilation events (20 events):
Event: 1.323 Thread 0x00000285666c9a10 1522       3       java.lang.invoke.MemberName::isVarargs (23 bytes)
Event: 1.323 Thread 0x00000285666c9a10 nmethod 1522 0x000002854bb6d210 code [0x000002854bb6d3e0, 0x000002854bb6d878]
Event: 1.323 Thread 0x00000285666c9a10 1524       3       jdk.internal.org.objectweb.asm.ClassReader::readUtf (161 bytes)
Event: 1.323 Thread 0x00000285666c9a10 nmethod 1524 0x000002854bb6da10 code [0x000002854bb6dbe0, 0x000002854bb6e048]
Event: 1.324 Thread 0x00000285666c9a10 1526       3       java.lang.invoke.InnerClassLambdaMetafactory::getOpcodeOffset (38 bytes)
Event: 1.324 Thread 0x00000285666c9a10 nmethod 1526 0x000002854bb6e310 code [0x000002854bb6e4e0, 0x000002854bb6e7b8]
Event: 1.324 Thread 0x00000285666c9a10 1528       3       jdk.internal.org.objectweb.asm.ClassWriter::<init> (7 bytes)
Event: 1.324 Thread 0x00000285666c9a10 nmethod 1528 0x000002854bb6e890 code [0x000002854bb6ea40, 0x000002854bb6eb88]
Event: 1.324 Thread 0x00000285666c9a10 1529       3       jdk.internal.org.objectweb.asm.ClassWriter::<init> (68 bytes)
Event: 1.325 Thread 0x00000285666c9a10 nmethod 1529 0x000002854bb6ec10 code [0x000002854bb6ede0, 0x000002854bb6f288]
Event: 1.327 Thread 0x00000285666c9a10 1530       1       java.util.zip.ZipEntry::getName (5 bytes)
Event: 1.327 Thread 0x00000285666c9a10 nmethod 1530 0x0000028552e8b310 code [0x0000028552e8b4a0, 0x0000028552e8b578]
Event: 1.327 Thread 0x00000285666c9a10 1531       3       jdk.internal.loader.URLClassPath::getResource (74 bytes)
Event: 1.327 Thread 0x00000285666c9a10 nmethod 1531 0x000002854bb6f410 code [0x000002854bb6f5e0, 0x000002854bb6f938]
Event: 1.327 Thread 0x00000285666c9a10 1532       3       java.util.ArrayDeque::addLast (51 bytes)
Event: 1.328 Thread 0x00000285666c9a10 nmethod 1532 0x000002854bb6fa90 code [0x000002854bb6fc60, 0x000002854bb70138]
Event: 1.341 Thread 0x00000285666c9a10 1533       3       java.util.HashSet::add (20 bytes)
Event: 1.341 Thread 0x00000285666c9a10 nmethod 1533 0x000002854bb70310 code [0x000002854bb704c0, 0x000002854bb70708]
Event: 1.342 Thread 0x00000285666c9a10 1534       1       java.util.concurrent.CopyOnWriteArrayList::getArray (5 bytes)
Event: 1.342 Thread 0x00000285666c9a10 nmethod 1534 0x0000028552e8b610 code [0x0000028552e8b7a0, 0x0000028552e8b878]

GC Heap History (2 events):
Event: 1.242 GC heap before
{Heap before GC invocations=0 (full 0):
 garbage-first heap   total 260096K, used 20480K [0x0000000703800000, 0x0000000800000000)
  region size 2048K, 11 young (22528K), 0 survivors (0K)
 Metaspace       used 12008K, committed 12288K, reserved 1064960K
  class space    used 1097K, committed 1216K, reserved 1048576K
}
Event: 1.247 GC heap after
{Heap after GC invocations=1 (full 0):
 garbage-first heap   total 260096K, used 5598K [0x0000000703800000, 0x0000000800000000)
  region size 2048K, 2 young (4096K), 2 survivors (4096K)
 Metaspace       used 12008K, committed 12288K, reserved 1064960K
  class space    used 1097K, committed 1216K, reserved 1048576K
}

Deoptimization events (20 events):
Event: 1.137 Thread 0x0000028543af1010 DEOPT PACKING pc=0x0000028552e267c0 sp=0x000000bcdbbfdce0
Event: 1.137 Thread 0x0000028543af1010 DEOPT UNPACKING pc=0x000002854b395c23 sp=0x000000bcdbbfdc60 mode 2
Event: 1.145 Thread 0x0000028543af1010 Uncommon trap: trap_request=0xffffffc6 fr.pc=0x0000028552e4bfa0 relative=0x0000000000001260
Event: 1.145 Thread 0x0000028543af1010 Uncommon trap: reason=bimorphic_or_optimized_type_check action=maybe_recompile pc=0x0000028552e4bfa0 method=java.util.HashMap.putVal(ILjava/lang/Object;Ljava/lang/Object;ZZ)Ljava/lang/Object; @ 56 c2
Event: 1.145 Thread 0x0000028543af1010 DEOPT PACKING pc=0x0000028552e4bfa0 sp=0x000000bcdbbfd490
Event: 1.145 Thread 0x0000028543af1010 DEOPT UNPACKING pc=0x000002854b395c23 sp=0x000000bcdbbfd3c0 mode 2
Event: 1.145 Thread 0x0000028543af1010 Uncommon trap: trap_request=0xffffffc6 fr.pc=0x0000028552e4bfa0 relative=0x0000000000001260
Event: 1.145 Thread 0x0000028543af1010 Uncommon trap: reason=bimorphic_or_optimized_type_check action=maybe_recompile pc=0x0000028552e4bfa0 method=java.util.HashMap.putVal(ILjava/lang/Object;Ljava/lang/Object;ZZ)Ljava/lang/Object; @ 56 c2
Event: 1.145 Thread 0x0000028543af1010 DEOPT PACKING pc=0x0000028552e4bfa0 sp=0x000000bcdbbfd490
Event: 1.145 Thread 0x0000028543af1010 DEOPT UNPACKING pc=0x000002854b395c23 sp=0x000000bcdbbfd3c0 mode 2
Event: 1.145 Thread 0x0000028543af1010 Uncommon trap: trap_request=0xffffffc6 fr.pc=0x0000028552e4bfa0 relative=0x0000000000001260
Event: 1.145 Thread 0x0000028543af1010 Uncommon trap: reason=bimorphic_or_optimized_type_check action=maybe_recompile pc=0x0000028552e4bfa0 method=java.util.HashMap.putVal(ILjava/lang/Object;Ljava/lang/Object;ZZ)Ljava/lang/Object; @ 56 c2
Event: 1.145 Thread 0x0000028543af1010 DEOPT PACKING pc=0x0000028552e4bfa0 sp=0x000000bcdbbfd490
Event: 1.145 Thread 0x0000028543af1010 DEOPT UNPACKING pc=0x000002854b395c23 sp=0x000000bcdbbfd3c0 mode 2
Event: 1.145 Thread 0x0000028543af1010 Uncommon trap: trap_request=0xffffffc6 fr.pc=0x0000028552e4bfa0 relative=0x0000000000001260
Event: 1.145 Thread 0x0000028543af1010 Uncommon trap: reason=bimorphic_or_optimized_type_check action=maybe_recompile pc=0x0000028552e4bfa0 method=java.util.HashMap.putVal(ILjava/lang/Object;Ljava/lang/Object;ZZ)Ljava/lang/Object; @ 56 c2
Event: 1.145 Thread 0x0000028543af1010 DEOPT PACKING pc=0x0000028552e4bfa0 sp=0x000000bcdbbfd490
Event: 1.145 Thread 0x0000028543af1010 DEOPT UNPACKING pc=0x000002854b395c23 sp=0x000000bcdbbfd3c0 mode 2
Event: 1.283 Thread 0x0000028543af1010 DEOPT PACKING pc=0x000002854bb6658a sp=0x000000bcdbbff1c0
Event: 1.283 Thread 0x0000028543af1010 DEOPT UNPACKING pc=0x000002854b396763 sp=0x000000bcdbbfe768 mode 0

Classes unloaded (0 events):
No events

Classes redefined (0 events):
No events

Internal exceptions (20 events):
Event: 0.264 Thread 0x0000028543af1010 Exception <a 'java/lang/NoSuchMethodError'{0x0000000712f441a8}: 'java.lang.Object java.lang.invoke.Invokers$Holder.linkToTargetMethod(java.lang.Object, long, java.lang.Object)'> (0x0000000712f441a8) 
thrown [t:\workspace\open\src\hotspot\share\interpreter\linkResolver.cpp, line 766]
Event: 0.265 Thread 0x0000028543af1010 Exception <a 'java/lang/NoSuchMethodError'{0x0000000712f4b8c0}: 'int java.lang.invoke.DirectMethodHandle$Holder.invokeStaticInit(java.lang.Object, java.lang.Object, java.lang.Object, long)'> (0x0000000712f4b8c0) 
thrown [t:\workspace\open\src\hotspot\share\interpreter\linkResolver.cpp, line 766]
Event: 0.290 Thread 0x0000028543af1010 Exception <a 'sun/nio/fs/WindowsException'{0x0000000712c498c0}> (0x0000000712c498c0) 
thrown [t:\workspace\open\src\hotspot\share\prims\jni.cpp, line 516]
Event: 0.291 Thread 0x0000028543af1010 Exception <a 'sun/nio/fs/WindowsException'{0x0000000712c49c38}> (0x0000000712c49c38) 
thrown [t:\workspace\open\src\hotspot\share\prims\jni.cpp, line 516]
Event: 0.354 Thread 0x00000285666c2e60 Exception <a 'java/lang/NoSuchMethodError'{0x0000000712a7b3d8}: 'void java.lang.invoke.DirectMethodHandle$Holder.invokeStatic(java.lang.Object, java.lang.Object, java.lang.Object)'> (0x0000000712a7b3d8) 
thrown [t:\workspace\open\src\hotspot\share\interpreter\linkResolver.cpp, line 766]
Event: 0.384 Thread 0x00000285666c2e60 Exception <a 'java/lang/NoSuchMethodError'{0x0000000712b263f0}: 'java.lang.Object java.lang.invoke.DirectMethodHandle$Holder.invokeStaticInit(java.lang.Object, int, int, int, int)'> (0x0000000712b263f0) 
thrown [t:\workspace\open\src\hotspot\share\interpreter\linkResolver.cpp, line 766]
Event: 0.440 Thread 0x00000285666c2e60 Exception <a 'java/lang/NoSuchMethodError'{0x0000000712bfbf60}: 'java.lang.Object java.lang.invoke.DirectMethodHandle$Holder.invokeStaticInit(java.lang.Object, java.lang.Object, int, int, int, int)'> (0x0000000712bfbf60) 
thrown [t:\workspace\open\src\hotspot\share\interpreter\linkResolver.cpp, line 766]
Event: 0.453 Thread 0x00000285666c2e60 Exception <a 'java/lang/ClassNotFoundException'{0x000000071281a7f0}: javax/management/remote/rmi/RMIServerImpl_Skel> (0x000000071281a7f0) 
thrown [t:\workspace\open\src\hotspot\share\classfile\systemDictionary.cpp, line 256]
Event: 0.513 Thread 0x0000028543af1010 Exception <a 'sun/nio/fs/WindowsException'{0x0000000712d422e0}> (0x0000000712d422e0) 
thrown [t:\workspace\open\src\hotspot\share\prims\jni.cpp, line 516]
Event: 0.513 Thread 0x0000028543af1010 Exception <a 'sun/nio/fs/WindowsException'{0x0000000712d42690}> (0x0000000712d42690) 
thrown [t:\workspace\open\src\hotspot\share\prims\jni.cpp, line 516]
Event: 0.518 Thread 0x0000028543af1010 Exception <a 'sun/nio/fs/WindowsException'{0x0000000712d4e998}> (0x0000000712d4e998) 
thrown [t:\workspace\open\src\hotspot\share\prims\jni.cpp, line 516]
Event: 0.519 Thread 0x0000028543af1010 Exception <a 'sun/nio/fs/WindowsException'{0x0000000712d4ec88}> (0x0000000712d4ec88) 
thrown [t:\workspace\open\src\hotspot\share\prims\jni.cpp, line 516]
Event: 0.532 Thread 0x0000028567ae5c90 Exception <a 'java/lang/NoSuchMethodError'{0x0000000712946240}: static [B.<clinit>()V> (0x0000000712946240) 
thrown [t:\workspace\open\src\hotspot\share\prims\jni.cpp, line 1107]
Event: 0.542 Thread 0x0000028567ae5c90 Exception <a 'java/lang/ClassNotFoundException'{0x0000000712615150}: javax/management/remote/rmi/RMIConnectionImpl_Skel> (0x0000000712615150) 
thrown [t:\workspace\open\src\hotspot\share\classfile\systemDictionary.cpp, line 256]
Event: 1.043 Thread 0x0000028543af1010 Exception <a 'java/lang/ClassNotFoundException'{0x00000007125afa00}: sun/awt/resources/spi/awtProvider> (0x00000007125afa00) 
thrown [t:\workspace\open\src\hotspot\share\classfile\systemDictionary.cpp, line 256]
Event: 1.056 Thread 0x0000028543af1010 Exception <a 'java/io/FileNotFoundException'{0x00000007125bdc80}> (0x00000007125bdc80) 
thrown [t:\workspace\open\src\hotspot\share\prims\jni.cpp, line 516]
Event: 1.060 Thread 0x0000028543af1010 Exception <a 'java/io/FileNotFoundException'{0x00000007125eada8}> (0x00000007125eada8) 
thrown [t:\workspace\open\src\hotspot\share\prims\jni.cpp, line 516]
Event: 1.323 Thread 0x0000028543af1010 Exception <a 'java/lang/NoSuchMethodError'{0x0000000712e480f8}: 'void java.lang.invoke.DirectMethodHandle$Holder.invokeVirtual(java.lang.Object, java.lang.Object, long, double, double)'> (0x0000000712e480f8) 
thrown [t:\workspace\open\src\hotspot\share\interpreter\linkResolver.cpp, line 766]
Event: 1.323 Thread 0x0000028543af1010 Exception <a 'java/lang/NoSuchMethodError'{0x0000000712e4dc48}: 'void java.lang.invoke.DirectMethodHandle$Holder.invokeVirtual(java.lang.Object, java.lang.Object, long, int, int, int)'> (0x0000000712e4dc48) 
thrown [t:\workspace\open\src\hotspot\share\interpreter\linkResolver.cpp, line 766]
Event: 1.324 Thread 0x0000028543af1010 Exception <a 'java/lang/NoSuchMethodError'{0x0000000712e57c88}: 'void java.lang.invoke.DirectMethodHandle$Holder.invokeVirtual(java.lang.Object, java.lang.Object, long, int, int, int, int)'> (0x0000000712e57c88) 
thrown [t:\workspace\open\src\hotspot\share\interpreter\linkResolver.cpp, line 766]

VM Operations (19 events):
Event: 0.241 Executing VM operation: HandshakeAllThreads
Event: 0.241 Executing VM operation: HandshakeAllThreads done
Event: 0.375 Executing VM operation: HandshakeAllThreads
Event: 0.375 Executing VM operation: HandshakeAllThreads done
Event: 0.541 Executing VM operation: HandshakeAllThreads
Event: 0.542 Executing VM operation: HandshakeAllThreads done
Event: 0.545 Executing VM operation: ICBufferFull
Event: 0.545 Executing VM operation: ICBufferFull done
Event: 0.600 Executing VM operation: HandshakeAllThreads
Event: 0.600 Executing VM operation: HandshakeAllThreads done
Event: 1.104 Executing VM operation: HandshakeAllThreads
Event: 1.104 Executing VM operation: HandshakeAllThreads done
Event: 1.144 Executing VM operation: HandshakeAllThreads
Event: 1.144 Executing VM operation: HandshakeAllThreads done
Event: 1.157 Executing VM operation: HandshakeAllThreads
Event: 1.157 Executing VM operation: HandshakeAllThreads done
Event: 1.242 Executing VM operation: G1CollectForAllocation
Event: 1.247 Executing VM operation: G1CollectForAllocation done
Event: 1.342 Executing VM operation: Exit

Events (20 events):
Event: 1.307 loading class java/io/UncheckedIOException
Event: 1.307 loading class java/io/UncheckedIOException done
Event: 1.307 loading class java/nio/file/AccessDeniedException
Event: 1.307 loading class java/nio/file/AccessDeniedException done
Event: 1.310 Loaded shared library C:\RT\VoluMarch\lib\imgui-java64.dll
Event: 1.341 loading class java/lang/Throwable$WrappedPrintStream
Event: 1.341 loading class java/lang/Throwable$PrintStreamOrWriter
Event: 1.341 loading class java/lang/Throwable$PrintStreamOrWriter done
Event: 1.341 loading class java/lang/Throwable$WrappedPrintStream done
Event: 1.341 loading class java/lang/StackTraceElement$HashedModules
Event: 1.341 loading class java/lang/StackTraceElement$HashedModules done
Event: 1.341 Thread 0x000002856e0f9780 Thread exited: 0x000002856e0f9780
Event: 1.342 Thread 0x000002856e0ce1e0 Thread added: 0x000002856e0ce1e0
Event: 1.342 Thread 0x000002856e0cc500 Thread added: 0x000002856e0cc500
Event: 1.342 loading class java/util/WeakHashMap$KeyIterator
Event: 1.342 Thread 0x000002856e0ce1e0 Thread exited: 0x000002856e0ce1e0
Event: 1.342 loading class java/util/WeakHashMap$HashIterator
Event: 1.342 loading class java/util/WeakHashMap$HashIterator done
Event: 1.342 loading class java/util/WeakHashMap$KeyIterator done
Event: 1.342 Thread 0x000002856e0cc500 Thread exited: 0x000002856e0cc500


Dynamic libraries:
0x00007ff7cc860000 - 0x00007ff7cc870000 	C:\Program Files\Java\jdk-17.0.2\bin\java.exe
0x00007ffd9c610000 - 0x00007ffd9c808000 	C:\Windows\SYSTEM32\ntdll.dll
0x00007ffd9b580000 - 0x00007ffd9b642000 	C:\Windows\System32\KERNEL32.DLL
0x00007ffd99df0000 - 0x00007ffd9a0ef000 	C:\Windows\System32\KERNELBASE.dll
0x00007ffd9a0f0000 - 0x00007ffd9a1f0000 	C:\Windows\System32\ucrtbase.dll
0x00007ffd93650000 - 0x00007ffd9366a000 	C:\Program Files\Java\jdk-17.0.2\bin\VCRUNTIME140.dll
0x00007ffd93630000 - 0x00007ffd93648000 	C:\Program Files\Java\jdk-17.0.2\bin\jli.dll
0x00007ffd9b650000 - 0x00007ffd9b6ff000 	C:\Windows\System32\ADVAPI32.dll
0x00007ffd9c080000 - 0x00007ffd9c11e000 	C:\Windows\System32\msvcrt.dll
0x00007ffd9c180000 - 0x00007ffd9c21f000 	C:\Windows\System32\sechost.dll
0x00007ffd9a630000 - 0x00007ffd9a753000 	C:\Windows\System32\RPCRT4.dll
0x00007ffd99cb0000 - 0x00007ffd99cd7000 	C:\Windows\System32\bcrypt.dll
0x00007ffd9aa30000 - 0x00007ffd9abcd000 	C:\Windows\System32\USER32.dll
0x00007ffd9a500000 - 0x00007ffd9a522000 	C:\Windows\System32\win32u.dll
0x00007ffd9a760000 - 0x00007ffd9a78b000 	C:\Windows\System32\GDI32.dll
0x00007ffd7c790000 - 0x00007ffd7ca2a000 	C:\Windows\WinSxS\amd64_microsoft.windows.common-controls_6595b64144ccf1df_6.0.19041.4355_none_60b8b9eb71f62e16\COMCTL32.dll
0x00007ffd9a3e0000 - 0x00007ffd9a4fa000 	C:\Windows\System32\gdi32full.dll
0x00007ffd99d50000 - 0x00007ffd99ded000 	C:\Windows\System32\msvcp_win.dll
0x00007ffd91200000 - 0x00007ffd9120a000 	C:\Windows\SYSTEM32\VERSION.dll
0x00007ffd9c5a0000 - 0x00007ffd9c5cf000 	C:\Windows\System32\IMM32.DLL
0x00007ffd91ea0000 - 0x00007ffd91eac000 	C:\Program Files\Java\jdk-17.0.2\bin\vcruntime140_1.dll
0x00007ffd7cb20000 - 0x00007ffd7cbad000 	C:\Program Files\Java\jdk-17.0.2\bin\msvcp140.dll
0x00007ffd3b980000 - 0x00007ffd3c541000 	C:\Program Files\Java\jdk-17.0.2\bin\server\jvm.dll
0x00007ffd977d0000 - 0x00007ffd977f7000 	C:\Windows\SYSTEM32\WINMM.dll
0x00007ffd6e060000 - 0x00007ffd6e069000 	C:\Windows\SYSTEM32\WSOCK32.dll
0x00007ffd9b3a0000 - 0x00007ffd9b3a8000 	C:\Windows\System32\PSAPI.DLL
0x00007ffd9b430000 - 0x00007ffd9b49b000 	C:\Windows\System32\WS2_32.dll
0x00007ffd984d0000 - 0x00007ffd984e2000 	C:\Windows\SYSTEM32\kernel.appcore.dll
0x00007ffd91e90000 - 0x00007ffd91e9a000 	C:\Program Files\Java\jdk-17.0.2\bin\jimage.dll
0x00007ffd975c0000 - 0x00007ffd977a4000 	C:\Windows\SYSTEM32\DBGHELP.DLL
0x00007ffd97800000 - 0x00007ffd97834000 	C:\Windows\SYSTEM32\dbgcore.DLL
0x00007ffd9a350000 - 0x00007ffd9a3d2000 	C:\Windows\System32\bcryptPrimitives.dll
0x00007ffd903b0000 - 0x00007ffd903be000 	C:\Program Files\Java\jdk-17.0.2\bin\instrument.dll
0x00007ffd90470000 - 0x00007ffd90495000 	C:\Program Files\Java\jdk-17.0.2\bin\java.dll
0x00007ffd66c30000 - 0x00007ffd66d06000 	C:\Program Files\Java\jdk-17.0.2\bin\jsvml.dll
0x00007ffd9ac30000 - 0x00007ffd9b39d000 	C:\Windows\System32\SHELL32.dll
0x00007ffd97d10000 - 0x00007ffd984b4000 	C:\Windows\SYSTEM32\windows.storage.dll
0x00007ffd9bc90000 - 0x00007ffd9bfe5000 	C:\Windows\System32\combase.dll
0x00007ffd996e0000 - 0x00007ffd9970b000 	C:\Windows\SYSTEM32\Wldp.dll
0x00007ffd9c340000 - 0x00007ffd9c40d000 	C:\Windows\System32\OLEAUT32.dll
0x00007ffd9b4c0000 - 0x00007ffd9b56d000 	C:\Windows\System32\SHCORE.dll
0x00007ffd9c540000 - 0x00007ffd9c595000 	C:\Windows\System32\shlwapi.dll
0x00007ffd99be0000 - 0x00007ffd99c05000 	C:\Windows\SYSTEM32\profapi.dll
0x00007ffd8e480000 - 0x00007ffd8e498000 	C:\Program Files\Java\jdk-17.0.2\bin\zip.dll
0x00007ffd8e550000 - 0x00007ffd8e569000 	C:\Program Files\Java\jdk-17.0.2\bin\net.dll
0x00007ffd96c60000 - 0x00007ffd96d6a000 	C:\Windows\SYSTEM32\WINHTTP.dll
0x00007ffd99440000 - 0x00007ffd994ac000 	C:\Windows\system32\mswsock.dll
0x00007ffd8e4a0000 - 0x00007ffd8e4b6000 	C:\Program Files\Java\jdk-17.0.2\bin\nio.dll
0x00007ffd8e3d0000 - 0x00007ffd8e3ea000 	C:\Program Files\JetBrains\IntelliJ IDEA 2024.3.3\bin\breakgen64.dll
0x00007ffd99110000 - 0x00007ffd991da000 	C:\Windows\SYSTEM32\DNSAPI.dll
0x00007ffd990d0000 - 0x00007ffd9910b000 	C:\Windows\SYSTEM32\IPHLPAPI.DLL
0x00007ffd9a940000 - 0x00007ffd9a948000 	C:\Windows\System32\NSI.dll
0x00007ffd91250000 - 0x00007ffd9125a000 	C:\Windows\System32\rasadhlp.dll
0x00007ffd8ebf0000 - 0x00007ffd8ec70000 	C:\Windows\System32\fwpuclnt.dll
0x00007ffd8e540000 - 0x00007ffd8e549000 	C:\Program Files\Java\jdk-17.0.2\bin\management.dll
0x00007ffd660c0000 - 0x00007ffd6613a000 	C:\Users\Lenovo\AppData\Local\Temp\lwjgl_Lenovo\3.3.2+13\x64\lwjgl.dll
0x00007ffd8e3c0000 - 0x00007ffd8e3cb000 	C:\Program Files\Java\jdk-17.0.2\bin\management_ext.dll
0x00007ffd63c60000 - 0x00007ffd63ce2000 	C:\Users\Lenovo\AppData\Local\Temp\lwjgl_Lenovo\3.3.2+13\x64\glfw.dll
0x00007ffd667f0000 - 0x00007ffd66835000 	C:\Windows\SYSTEM32\dinput8.dll
0x00007ffd8c950000 - 0x00007ffd8c961000 	C:\Windows\SYSTEM32\xinput1_4.dll
0x00007ffd9a5e0000 - 0x00007ffd9a62e000 	C:\Windows\System32\cfgmgr32.dll
0x00007ffd99a50000 - 0x00007ffd99a83000 	C:\Windows\SYSTEM32\DEVOBJ.dll
0x00007ffd971b0000 - 0x00007ffd971df000 	C:\Windows\SYSTEM32\dwmapi.dll
0x00007ffd81bb0000 - 0x00007ffd81d02000 	C:\Windows\SYSTEM32\inputhost.dll
0x00007ffd908e0000 - 0x00007ffd90c3b000 	C:\Windows\SYSTEM32\CoreUIComponents.dll
0x00007ffd91a00000 - 0x00007ffd91af2000 	C:\Windows\SYSTEM32\CoreMessaging.dll
0x00007ffd93100000 - 0x00007ffd931f6000 	C:\Windows\SYSTEM32\PROPSYS.dll
0x00007ffd92b20000 - 0x00007ffd92c77000 	C:\Windows\SYSTEM32\wintypes.dll
0x00007ffd98f40000 - 0x00007ffd98f73000 	C:\Windows\SYSTEM32\ntmarta.dll
0x00007ffd938b0000 - 0x00007ffd9394e000 	C:\Windows\system32\uxtheme.dll
0x00007ffd9c220000 - 0x00007ffd9c335000 	C:\Windows\System32\MSCTF.dll
0x00007ffd52be0000 - 0x00007ffd52d08000 	C:\Windows\SYSTEM32\opengl32.dll
0x00007ffd534f0000 - 0x00007ffd5351c000 	C:\Windows\SYSTEM32\GLU32.dll
0x00007ffd9bb80000 - 0x00007ffd9bc29000 	C:\Windows\System32\clbcatq.dll
0x00007ffd1c5f0000 - 0x00007ffd1d65b000 	C:\Windows\System32\DriverStore\FileRepository\iigd_dch.inf_amd64_e8ea786461261bbf\ig11icd64.dll
0x00007ffd9c410000 - 0x00007ffd9c53b000 	C:\Windows\System32\ole32.dll
0x00007ffd98580000 - 0x00007ffd98676000 	C:\Windows\system32\dxgi.dll
0x00007ffd2bf00000 - 0x00007ffd2c307000 	C:\Windows\System32\DriverStore\FileRepository\iigd_dch.inf_amd64_e8ea786461261bbf\igdml64.dll
0x00007ffd874a0000 - 0x00007ffd8774a000 	C:\Windows\System32\DriverStore\FileRepository\iigd_dch.inf_amd64_e8ea786461261bbf\igdgmm64.dll
0x00007ffd99630000 - 0x00007ffd99648000 	C:\Windows\SYSTEM32\CRYPTSP.dll
0x00007ffd98cf0000 - 0x00007ffd98d28000 	C:\Windows\system32\rsaenh.dll
0x00007ffd99b60000 - 0x00007ffd99b8e000 	C:\Windows\SYSTEM32\USERENV.dll
0x00007ffd99650000 - 0x00007ffd9965c000 	C:\Windows\SYSTEM32\CRYPTBASE.dll
0x00007ffd848c0000 - 0x00007ffd8744f000 	C:\Windows\System32\DriverStore\FileRepository\iigd_dch.inf_amd64_e8ea786461261bbf\igc64.dll
0x00007ffd92300000 - 0x00007ffd92317000 	C:\Windows\SYSTEM32\dhcpcsvc6.DLL
0x00007ffd922e0000 - 0x00007ffd922fd000 	C:\Windows\SYSTEM32\dhcpcsvc.DLL
0x00007ffd991f0000 - 0x00007ffd9923b000 	C:\Windows\SYSTEM32\powrprof.dll
0x00007ffd990b0000 - 0x00007ffd990c2000 	C:\Windows\SYSTEM32\UMPDC.dll
0x00007ffd6e720000 - 0x00007ffd6e737000 	C:\Windows\system32\napinsp.dll
0x00007ffd6e350000 - 0x00007ffd6e36b000 	C:\Windows\system32\pnrpnsp.dll
0x00007ffd92aa0000 - 0x00007ffd92ab5000 	C:\Windows\system32\wshbth.dll
0x00007ffd92970000 - 0x00007ffd9298d000 	C:\Windows\system32\NLAapi.dll
0x00007ffd6e330000 - 0x00007ffd6e342000 	C:\Windows\System32\winrnr.dll
0x00007ffd81d10000 - 0x00007ffd81e09000 	C:\Windows\SYSTEM32\textinputframework.dll
0x00007ffd64d40000 - 0x00007ffd64d9e000 	C:\Users\Lenovo\AppData\Local\Temp\lwjgl_Lenovo\3.3.2+13\x64\lwjgl_opengl.dll
0x00007ffd8ab30000 - 0x00007ffd8ab81000 	C:\Windows\SYSTEM32\pdh.dll
0x00007ffd8c940000 - 0x00007ffd8c94f000 	C:\Windows\System32\perfproc.dll
0x00007ffd5d9c0000 - 0x00007ffd5d9cf000 	C:\Windows\System32\perfos.dll
0x00007ffd4f980000 - 0x00007ffd4fb0f000 	C:\Program Files\Java\jdk-17.0.2\bin\awt.dll
0x00007ffd91160000 - 0x00007ffd911f4000 	C:\Windows\SYSTEM32\apphelp.dll
0x00007ffd63bd0000 - 0x00007ffd63c59000 	C:\Program Files\Java\jdk-17.0.2\bin\freetype.dll
0x00007ffd63470000 - 0x00007ffd63518000 	C:\Program Files\Java\jdk-17.0.2\bin\fontmanager.dll
0x00007ffd21430000 - 0x00007ffd21c24000 	C:\RT\VoluMarch\lib\imgui-java64.dll

dbghelp: loaded successfully - version: 4.0.5 - missing functions: none
symbol engine: initialized successfully - sym options: 0x614 - pdb path: .;C:\Program Files\Java\jdk-17.0.2\bin;C:\Windows\SYSTEM32;C:\Windows\WinSxS\amd64_microsoft.windows.common-controls_6595b64144ccf1df_6.0.19041.4355_none_60b8b9eb71f62e16;C:\Program Files\Java\jdk-17.0.2\bin\server;C:\Program Files\JetBrains\IntelliJ IDEA 2024.3.3\bin;C:\Users\Lenovo\AppData\Local\Temp\lwjgl_Lenovo\3.3.2+13\x64;C:\Windows\System32\DriverStore\FileRepository\iigd_dch.inf_amd64_e8ea786461261bbf;C:\RT\VoluMarch\lib

VM Arguments:
jvm_args: -Djava.library.path=C:\RT\VoluMarch\lib -javaagent:C:\Program Files\JetBrains\IntelliJ IDEA 2024.3.3\lib\idea_rt.jar=57534:C:\Program Files\JetBrains\IntelliJ IDEA 2024.3.3\bin -Dfile.encoding=UTF-8 
java_command: VolumeRaymarchLWJGLWithImGui
java_class_path (initial): C:\RT\VoluMarch\out\production\VoluMarch;C:\RT\VoluMarch\lib\lwjgl-glfw-natives-linux.jar;C:\RT\VoluMarch\lib\lwjgl-glfw-natives-windows-arm64.jar;C:\RT\VoluMarch\lib\lwjgl-glfw-natives-windows-x86.jar;C:\RT\VoluMarch\lib\lwjgl-glfw-natives-windows.jar;C:\RT\VoluMarch\lib\lwjgl-glfw.jar;C:\RT\VoluMarch\lib\lwjgl-natives-windows-arm64.jar;C:\RT\VoluMarch\lib\lwjgl-natives-windows.jar;C:\RT\VoluMarch\lib\lwjgl-opengl-natives-windows-arm64.jar;C:\RT\VoluMarch\lib\lwjgl-opengl-natives-windows.jar;C:\RT\VoluMarch\lib\lwjgl-opengl.jar;C:\RT\VoluMarch\lib\lwjgl-stb.jar;C:\RT\VoluMarch\lib\lwjgl.jar;C:\RT\VoluMarch\lib\slick.jar;C:\RT\VoluMarch\lib\lwjgl-stb-natives-windows.jar;C:\RT\VoluMarch\lib\imgui-binding-1.89.0.jar;C:\RT\VoluMarch\lib\imgui-lwjgl3-1.89.0.jar;C:\RT\VoluMarch\lib\lwjgl-openxr.jar;C:\RT\VoluMarch\lib\lwjgl-openxr-natives-windows.jar;C:\RT\VoluMarch\lib\lwjgl-openxr-natives-windows-arm64.jar
Launcher Type: SUN_STANDARD

[Global flags]
     intx CICompilerCount                          = 4                                         {product} {ergonomic}
     uint ConcGCThreads                            = 2                                         {product} {ergonomic}
     uint G1ConcRefinementThreads                  = 8                                         {product} {ergonomic}
   size_t G1HeapRegionSize                         = 2097152                                   {product} {ergonomic}
    uintx GCDrainStackTargetSize                   = 64                                        {product} {ergonomic}
   size_t InitialHeapSize                          = 266338304                                 {product} {ergonomic}
   size_t MarkStackSize                            = 4194304                                   {product} {ergonomic}
   size_t MaxHeapSize                              = 4236247040                                {product} {ergonomic}
   size_t MaxNewSize                               = 2541748224                                {product} {ergonomic}
   size_t MinHeapDeltaBytes                        = 2097152                                   {product} {ergonomic}
   size_t MinHeapSize                              = 8388608                                   {product} {ergonomic}
    uintx NonNMethodCodeHeapSize                   = 5839372                                {pd product} {ergonomic}
    uintx NonProfiledCodeHeapSize                  = 122909434                              {pd product} {ergonomic}
    uintx ProfiledCodeHeapSize                     = 122909434                              {pd product} {ergonomic}
    uintx ReservedCodeCacheSize                    = 251658240                              {pd product} {ergonomic}
     bool SegmentedCodeCache                       = true                                      {product} {ergonomic}
   size_t SoftMaxHeapSize                          = 4236247040                             {manageable} {ergonomic}
     bool UseCompressedClassPointers               = true                           {product lp64_product} {ergonomic}
     bool UseCompressedOops                        = true                           {product lp64_product} {ergonomic}
     bool UseG1GC                                  = true                                      {product} {ergonomic}
     bool UseLargePagesIndividualAllocation        = false                                  {pd product} {ergonomic}

Logging:
Log output configuration:
 #0: stdout all=off uptime,level,tags
 #1: stderr all=off uptime,level,tags

Environment Variables:
JAVA_HOME=C:\Program Files\Java\jdk-17.0.2
PATH=C:\Program Files\Java\jdk-17.0.2;C:\Program Files\Zulu\zulu-17\bin\;C:\Program Files\Java\jdk-11.0.11;C:\Program Files\Common Files\Oracle\Java\javapath;C:\Program Files\apache-maven-3.8.1\bin;C:\Windows\system32;C:\Program Files (x86)\GnuWin32\bin;C:\Windows\System32\OpenSSH;C:\Program Files\Git\cmd;C:\Program Files\dotnet\;C:\Program Files\Git LFS;C:\Program Files (x86)\GtkSharp\2.12\bin;C:\Users\Lenovo\AppData\Local\Programs\Python\Python310\Scripts\;C:\Users\Lenovo\AppData\Local\Programs\Python\Python310\;C:\Program Files\Java\jdk-16.0.1;C:\Program Files\JetBrains\IntelliJ IDEA Community Edition 2021.3.3\bin;;C:\Users\Lenovo\AppData\Local\Programs\Microsoft VS Code\bin;C:\Program Files\node-v14.18.1-win-x64;C:\Program Files\JetBrains\PyCharm Community Edition 2021.2.3\bin;;C:\Program Files\JetBrains\IntelliJ IDEA 2024.3.3\bin;;C:\Program Files\JetBrains\DataGrip 2022.1.4\bin;;C:\Users\Lenovo\.dotnet\tools;C:\Users\Lenovo\AppData\Local\GitHubDesktop\bin
USERNAME=Lenovo
OS=Windows_NT
PROCESSOR_IDENTIFIER=Intel64 Family 6 Model 126 Stepping 5, GenuineIntel



---------------  S Y S T E M  ---------------

OS:
 Windows 10 , 64 bit Build 19041 (10.0.19041.5438)
OS uptime: 3 days 7:15 hours

CPU: total 8 (initial active 8) (4 cores per cpu, 2 threads per core) family 6 model 126 stepping 5 microcode 0x70, cx8, cmov, fxsr, ht, mmx, 3dnowpref, sse, sse2, sse3, ssse3, sse4.1, sse4.2, popcnt, lzcnt, tsc, tscinvbit, avx, avx2, aes, erms, clmul, bmi1, bmi2, adx, avx512f, avx512dq, avx512cd, avx512bw, avx512vl, sha, fma, vzeroupper, avx512_vpopcntdq, avx512_vpclmulqdq, avx512_vaes, avx512_vnni, clflush, clflushopt, avx512_vbmi2, avx512_vbmi

Memory: 4k page, system-wide physical 16152M (4178M free)
TotalPageFile size 19627M (AvailPageFile size 3175M)
current process WorkingSet (physical memory assigned to process): 192M, peak: 196M
current process commit charge ("private bytes"): 429M, peak: 437M

vm_info: Java HotSpot(TM) 64-Bit Server VM (17.0.2+8-LTS-86) for windows-amd64 JRE (17.0.2+8-LTS-86), built on Dec  7 2021 21:51:03 by "mach5one" with MS VC++ 16.8 / 16.9 (VS2019)

END.
