#
# A fatal error has been detected by the Java Runtime Environment:
#
#  EXCEPTION_ACCESS_VIOLATION (0xc0000005) at pc=0x00007ff87900d254, pid=12992, tid=15488
#
# JRE version: OpenJDK Runtime Environment (17.0.2+8) (build 17.0.2+8-86)
# Java VM: OpenJDK 64-Bit Server VM (17.0.2+8-86, mixed mode, sharing, tiered, compressed oops, compressed class ptrs, g1 gc, windows-amd64)
# Problematic frame:
# C  [nvoglv64.dll+0x129d254]
#
# No core dump will be written. Minidumps are not enabled by default on client versions of Windows
#
# If you would like to submit a bug report, please visit:
#   https://bugreport.java.com/bugreport/crash.jsp
# The crash happened outside the Java Virtual Machine in native code.
# See problematic frame for where to report the bug.
#

---------------  S U M M A R Y ------------

Command Line: -Djava.library.path=C:\RT\VoluMarch\lib -javaagent:C:\Program Files\JetBrains\IntelliJ IDEA 2024.3\lib\idea_rt.jar=53020:C:\Program Files\JetBrains\IntelliJ IDEA 2024.3\bin -Dfile.encoding=UTF-8 VolumeRaymarchLWJGLWithImGui

Host: Intel(R) Core(TM) i5-9400F CPU @ 2.90GHz, 6 cores, 15G,  Windows 10 , 64 bit Build 19041 (10.0.19041.5438)
Time: Thu Apr  3 15:28:30 2025 W. Europe Daylight Time elapsed time: 1.214220 seconds (0d 0h 0m 1s)

---------------  T H R E A D  ---------------

Current thread (0x0000021f82fe98a0):  JavaThread "main" [_thread_in_native, id=15488, stack(0x000000773b700000,0x000000773b800000)]

Stack: [0x000000773b700000,0x000000773b800000],  sp=0x000000773b7fef30,  free space=1019k
Native frames: (J=compiled Java code, j=interpreted, Vv=VM code, C=native code)
C  [nvoglv64.dll+0x129d254]

Java frames: (J=compiled Java code, j=interpreted, Vv=VM code)
j  org.lwjgl.opengl.GL32C.nglDrawElementsBaseVertex(IIIJI)V+0
j  org.lwjgl.opengl.GL32C.glDrawElementsBaseVertex(IIIJI)V+6
j  org.lwjgl.opengl.GL32.glDrawElementsBaseVertex(IIIJI)V+6
j  imgui.gl3.ImGuiImplGl3.renderDrawData(Limgui/ImDrawData;)V+691
j  VolumeRaymarchLWJGLWithImGui.loop()V+479
j  VolumeRaymarchLWJGLWithImGui.run()V+5
j  VolumeRaymarchLWJGLWithImGui.main([Ljava/lang/String;)V+7
v  ~StubRoutines::call_stub

siginfo: EXCEPTION_ACCESS_VIOLATION (0xc0000005), reading address 0x000000000000013c


Register to memory mapping:

RIP=0x00007ff87900d254 nvoglv64.dll
RAX=0x0000017b61b892bd is an unknown value
RBX=0x0000000000000001 is an unknown value
RCX=0x0005c9f5b8fd33d8 is an unknown value
RDX=0x0000017b61b892bd is an unknown value
RSP=0x000000773b7fef30 is pointing into the stack for thread: 0x0000021f82fe98a0
RBP=0x000000000000009f is an unknown value
RSI=0x000000000000009f is an unknown value
RDI=0x0 is NULL
R8 =0x0000000000000215 is an unknown value
R9 =0x0 is NULL
R10=0x00000000546c6148 is an unknown value
R11=0x00000d674b0c2103 is an unknown value
R12=0x0000000000000004 is an unknown value
R13=0x0000021fab669080 points into unknown readable memory: 0x0000000000000000 | 00 00 00 00 00 00 00 00
R14=0x0 is NULL
R15=0x0000000000001403 is an unknown value


Registers:
RAX=0x0000017b61b892bd, RBX=0x0000000000000001, RCX=0x0005c9f5b8fd33d8, RDX=0x0000017b61b892bd
RSP=0x000000773b7fef30, RBP=0x000000000000009f, RSI=0x000000000000009f, RDI=0x0000000000000000
R8 =0x0000000000000215, R9 =0x0000000000000000, R10=0x00000000546c6148, R11=0x00000d674b0c2103
R12=0x0000000000000004, R13=0x0000021fab669080, R14=0x0000000000000000, R15=0x0000000000001403
RIP=0x00007ff87900d254, EFLAGS=0x0000000000010246

Top of Stack: (sp=0x000000773b7fef30)
0x000000773b7fef30:   0000000000000001 0000021f82fe9800
0x000000773b7fef40:   0000000000000000 00000000000000b8
0x000000773b7fef50:   0000000000000000 0000000000000000
0x000000773b7fef60:   0000000000000000 0000000000000000
0x000000773b7fef70:   0000000000000000 0000000000000000
0x000000773b7fef80:   0000021fab670980 0000021fa87f6730
0x000000773b7fef90:   0000021f0000000e 000000000157555d
0x000000773b7fefa0:   0000021fb1ff2e08 0000000000000000
0x000000773b7fefb0:   000000773b7ff160 0000000000001403
0x000000773b7fefc0:   0000000000000004 0000021fab669080
0x000000773b7fefd0:   000000000000009f 000000773b7ff118
0x000000773b7fefe0:   0000021fb1ff2e08 00007ff878c6e2af
0x000000773b7feff0:   0000000000000010 0000021f00000004
0x000000773b7ff000:   0000007700000000 00007ff800000000
0x000000773b7ff010:   000000000000013e 0000021f00001403
0x000000773b7ff020:   0000000000000000 0000021f00000000 

Instructions: (pc=0x00007ff87900d254)
0x00007ff87900d154:   8b 8a 14 06 00 00 f7 d0 44 23 d8 89 94 24 e0 00
0x00007ff87900d164:   00 00 41 8b 82 08 06 00 00 41 0b cb f7 d1 23 c8
0x00007ff87900d174:   c1 e8 14 a8 01 0f 85 81 08 00 00 41 80 bd a4 08
0x00007ff87900d184:   8e 00 00 0f 85 73 08 00 00 41 3b f9 0f 82 6a 08
0x00007ff87900d194:   00 00 85 ed 0f 8e 62 08 00 00 41 83 f8 0e 0f 87
0x00007ff87900d1a4:   58 08 00 00 41 3b 95 e8 0a 8e 00 0f 8f 4b 08 00
0x00007ff87900d1b4:   00 41 83 ba 00 06 00 00 00 0f 85 3d 08 00 00 41
0x00007ff87900d1c4:   80 ba 29 06 00 00 00 0f 85 2f 08 00 00 41 80 ba
0x00007ff87900d1d4:   28 06 00 00 00 0f 85 21 08 00 00 41 80 bd 2d e5
0x00007ff87900d1e4:   8c 00 00 0f 85 13 08 00 00 41 80 bd 34 e5 8c 00
0x00007ff87900d1f4:   00 0f 85 05 08 00 00 f7 c1 00 00 03 00 0f 85 f9
0x00007ff87900d204:   07 00 00 44 0b d9 45 85 9a 48 08 00 00 0f 85 e9
0x00007ff87900d214:   07 00 00 bb 01 00 00 00 49 8d 8d 40 0c 8e 00 8b
0x00007ff87900d224:   d3 e8 86 a1 e7 ff 41 81 ff 05 14 00 00 75 18 41
0x00007ff87900d234:   8b 44 ae fc 4c 8d 65 ff 41 8b 0e 8b f8 3b c8 0f
0x00007ff87900d244:   47 f9 0f 42 c1 eb 5d 41 81 ff 03 14 00 00 75 24
0x00007ff87900d254:   41 0f b7 4c 6e fe 4c 8d 65 ff 41 0f b7 16 0f b7
0x00007ff87900d264:   c1 66 3b d1 66 0f 47 c2 66 0f 42 ca 0f b7 f8 0f
0x00007ff87900d274:   b7 c1 eb 30 41 81 ff 01 14 00 00 0f 85 7b 07 00
0x00007ff87900d284:   00 42 0f b6 54 35 ff 4c 8d 65 ff 45 0f b6 06 8b
0x00007ff87900d294:   ca 44 3a c2 41 0f 47 c8 0f b6 f9 8b ca 41 0f 42
0x00007ff87900d2a4:   c8 0f b6 c1 48 8b 4c 24 50 8d 75 ff 2b f8 e8 49
0x00007ff87900d2b4:   0b 00 00 48 8b 44 24 50 44 8b 50 20 41 8b c2 0f
0x00007ff87900d2c4:   af c7 44 89 94 24 c0 00 00 00 41 3b 85 ec 0a 8e
0x00007ff87900d2d4:   00 0f 8f 1e 07 00 00 0f 29 74 24 60 41 81 ff 05
0x00007ff87900d2e4:   14 00 00 0f 85 f8 00 00 00 45 8b 3e 41 8b ff 49
0x00007ff87900d2f4:   8d 56 04 3b eb 0f 8e 72 03 00 00 83 fe 08 0f 82
0x00007ff87900d304:   b3 00 00 00 83 3d 91 57 cb 02 02 0f 8c a6 00 00
0x00007ff87900d314:   00 81 e6 07 00 00 80 7d 07 ff ce 83 ce f8 ff c6
0x00007ff87900d324:   66 41 0f 6e cf 8b c5 66 0f 70 c9 00 2b c6 66 0f
0x00007ff87900d334:   6f d9 66 0f 6f e1 66 0f 6f d1 66 90 f3 0f 6f 02
0x00007ff87900d344:   83 c3 08 66 0f 38 3b c8 66 0f 38 3f d0 f3 0f 6f 


Stack slot to memory mapping:
stack at sp + 0 slots: 0x0000000000000001 is an unknown value
stack at sp + 1 slots: 0x0000021f82fe9800 points into unknown readable memory: 0x0000021f82ff9820 | 20 98 ff 82 1f 02 00 00
stack at sp + 2 slots: 0x0 is NULL
stack at sp + 3 slots: 0x00000000000000b8 is an unknown value
stack at sp + 4 slots: 0x0 is NULL
stack at sp + 5 slots: 0x0 is NULL
stack at sp + 6 slots: 0x0 is NULL
stack at sp + 7 slots: 0x0 is NULL


---------------  P R O C E S S  ---------------

Threads class SMR info:
_java_thread_list=0x0000021fab2283f0, length=18, elements={
0x0000021f82fe98a0, 0x0000021fa7886ed0, 0x0000021fa7887d40, 0x0000021fa78993e0,
0x0000021fa789bea0, 0x0000021fa789c850, 0x0000021fa78a5210, 0x0000021fa78c6300,
0x0000021fa78c6da0, 0x0000021fa78c9f80, 0x0000021fa786e550, 0x0000021fa86ecaa0,
0x0000021fa86ee430, 0x0000021fa923c670, 0x0000021fa933bd50, 0x0000021faa6e8f40,
0x0000021faa7b5100, 0x0000021faac55350
}

Java Threads: ( => current thread )
=>0x0000021f82fe98a0 JavaThread "main" [_thread_in_native, id=15488, stack(0x000000773b700000,0x000000773b800000)]
  0x0000021fa7886ed0 JavaThread "Reference Handler" daemon [_thread_blocked, id=29200, stack(0x000000773be00000,0x000000773bf00000)]
  0x0000021fa7887d40 JavaThread "Finalizer" daemon [_thread_blocked, id=29524, stack(0x000000773bf00000,0x000000773c000000)]
  0x0000021fa78993e0 JavaThread "Signal Dispatcher" daemon [_thread_blocked, id=15096, stack(0x000000773c000000,0x000000773c100000)]
  0x0000021fa789bea0 JavaThread "Attach Listener" daemon [_thread_blocked, id=19512, stack(0x000000773c100000,0x000000773c200000)]
  0x0000021fa789c850 JavaThread "Service Thread" daemon [_thread_blocked, id=9204, stack(0x000000773c200000,0x000000773c300000)]
  0x0000021fa78a5210 JavaThread "Monitor Deflation Thread" daemon [_thread_blocked, id=5728, stack(0x000000773c300000,0x000000773c400000)]
  0x0000021fa78c6300 JavaThread "C2 CompilerThread0" daemon [_thread_blocked, id=15044, stack(0x000000773c400000,0x000000773c500000)]
  0x0000021fa78c6da0 JavaThread "C1 CompilerThread0" daemon [_thread_blocked, id=10808, stack(0x000000773c500000,0x000000773c600000)]
  0x0000021fa78c9f80 JavaThread "Sweeper thread" daemon [_thread_blocked, id=500, stack(0x000000773c600000,0x000000773c700000)]
  0x0000021fa786e550 JavaThread "Common-Cleaner" daemon [_thread_blocked, id=13876, stack(0x000000773c700000,0x000000773c800000)]
  0x0000021fa86ecaa0 JavaThread "Monitor Ctrl-Break" daemon [_thread_in_native, id=10168, stack(0x000000773c800000,0x000000773c900000)]
  0x0000021fa86ee430 JavaThread "Notification Thread" daemon [_thread_blocked, id=24480, stack(0x000000773c900000,0x000000773ca00000)]
  0x0000021fa923c670 JavaThread "RMI TCP Accept-0" daemon [_thread_in_native, id=20140, stack(0x000000773ca00000,0x000000773cb00000)]
  0x0000021fa933bd50 JavaThread "RMI TCP Connection(1)-192.168.56.1" daemon [_thread_in_native, id=22280, stack(0x000000773d100000,0x000000773d200000)]
  0x0000021faa6e8f40 JavaThread "RMI Scheduler(0)" daemon [_thread_blocked, id=16544, stack(0x000000773d200000,0x000000773d300000)]
  0x0000021faa7b5100 JavaThread "JMX server connection timeout 19" daemon [_thread_blocked, id=27820, stack(0x000000773d300000,0x000000773d400000)]
  0x0000021faac55350 JavaThread "Java2D Disposer" daemon [_thread_blocked, id=5204, stack(0x000000773d500000,0x000000773d600000)]

Other Threads:
  0x0000021fa78832e0 VMThread "VM Thread" [stack: 0x000000773bd00000,0x000000773be00000] [id=26616]
  0x0000021f82fea760 WatcherThread [stack: 0x000000773cb00000,0x000000773cc00000] [id=24720]
  0x0000021f83037930 GCTaskThread "GC Thread#0" [stack: 0x000000773b800000,0x000000773b900000] [id=10824]
  0x0000021fa8ba00a0 GCTaskThread "GC Thread#1" [stack: 0x000000773d700000,0x000000773d800000] [id=27608]
  0x0000021fa8ba0350 GCTaskThread "GC Thread#2" [stack: 0x000000773d800000,0x000000773d900000] [id=2224]
  0x0000021fab1bacf0 GCTaskThread "GC Thread#3" [stack: 0x000000773d900000,0x000000773da00000] [id=30044]
  0x0000021fab22f670 GCTaskThread "GC Thread#4" [stack: 0x000000773da00000,0x000000773db00000] [id=8120]
  0x0000021fab1afae0 GCTaskThread "GC Thread#5" [stack: 0x000000773db00000,0x000000773dc00000] [id=11336]
  0x0000021f83048770 ConcurrentGCThread "G1 Main Marker" [stack: 0x000000773b900000,0x000000773ba00000] [id=26732]
  0x0000021f8304a930 ConcurrentGCThread "G1 Conc#0" [stack: 0x000000773ba00000,0x000000773bb00000] [id=24272]
  0x0000021fa77424c0 ConcurrentGCThread "G1 Refine#0" [stack: 0x000000773bb00000,0x000000773bc00000] [id=24284]
  0x0000021fa7742ee0 ConcurrentGCThread "G1 Service" [stack: 0x000000773bc00000,0x000000773bd00000] [id=24368]

Threads with active compile tasks:

VM state: not at safepoint (normal execution)

VM Mutex/Monitor currently owned by a thread: None

Heap address: 0x0000000701000000, size: 4080 MB, Compressed Oops mode: Zero based, Oop shift amount: 3

CDS archive(s) mapped at: [0x0000000800000000-0x0000000800bc0000-0x0000000800bc0000), size 12320768, SharedBaseAddress: 0x0000000800000000, ArchiveRelocationMode: 0.
Compressed class space mapped at: 0x0000000800c00000-0x0000000840c00000, reserved size: 1073741824
Narrow klass base: 0x0000000800000000, Narrow klass shift: 0, Narrow klass range: 0x100000000

GC Precious Log:
 CPUs: 6 total, 6 available
 Memory: 16313M
 Large Page Support: Disabled
 NUMA Support: Disabled
 Compressed Oops: Enabled (Zero based)
 Heap Region Size: 2M
 Heap Min Capacity: 8M
 Heap Initial Capacity: 256M
 Heap Max Capacity: 4080M
 Pre-touch: Disabled
 Parallel Workers: 6
 Concurrent Workers: 2
 Concurrent Refinement Workers: 6
 Periodic GC: Disabled

Heap:
 garbage-first heap   total 262144K, used 14805K [0x0000000701000000, 0x0000000800000000)
  region size 2048K, 8 young (16384K), 2 survivors (4096K)
 Metaspace       used 13127K, committed 13376K, reserved 1064960K
  class space    used 1129K, committed 1280K, reserved 1048576K

Heap Regions: E=young(eden), S=young(survivor), O=old, HS=humongous(starts), HC=humongous(continues), CS=collection set, F=free, OA=open archive, CA=closed archive, TAMS=top-at-mark-start (previous, next)
|   0|0x0000000701000000, 0x0000000701075600, 0x0000000701200000| 22%| O|  |TAMS 0x0000000701000000, 0x0000000701000000| Untracked 
|   1|0x0000000701200000, 0x0000000701200000, 0x0000000701400000|  0%| F|  |TAMS 0x0000000701200000, 0x0000000701200000| Untracked 
|   2|0x0000000701400000, 0x0000000701400000, 0x0000000701600000|  0%| F|  |TAMS 0x0000000701400000, 0x0000000701400000| Untracked 
|   3|0x0000000701600000, 0x0000000701600000, 0x0000000701800000|  0%| F|  |TAMS 0x0000000701600000, 0x0000000701600000| Untracked 
|   4|0x0000000701800000, 0x0000000701800000, 0x0000000701a00000|  0%| F|  |TAMS 0x0000000701800000, 0x0000000701800000| Untracked 
|   5|0x0000000701a00000, 0x0000000701a00000, 0x0000000701c00000|  0%| F|  |TAMS 0x0000000701a00000, 0x0000000701a00000| Untracked 
|   6|0x0000000701c00000, 0x0000000701c00000, 0x0000000701e00000|  0%| F|  |TAMS 0x0000000701c00000, 0x0000000701c00000| Untracked 
|   7|0x0000000701e00000, 0x0000000701e00000, 0x0000000702000000|  0%| F|  |TAMS 0x0000000701e00000, 0x0000000701e00000| Untracked 
|   8|0x0000000702000000, 0x0000000702000000, 0x0000000702200000|  0%| F|  |TAMS 0x0000000702000000, 0x0000000702000000| Untracked 
|   9|0x0000000702200000, 0x0000000702200000, 0x0000000702400000|  0%| F|  |TAMS 0x0000000702200000, 0x0000000702200000| Untracked 
|  10|0x0000000702400000, 0x0000000702400000, 0x0000000702600000|  0%| F|  |TAMS 0x0000000702400000, 0x0000000702400000| Untracked 
|  11|0x0000000702600000, 0x0000000702600000, 0x0000000702800000|  0%| F|  |TAMS 0x0000000702600000, 0x0000000702600000| Untracked 
|  12|0x0000000702800000, 0x0000000702800000, 0x0000000702a00000|  0%| F|  |TAMS 0x0000000702800000, 0x0000000702800000| Untracked 
|  13|0x0000000702a00000, 0x0000000702a00000, 0x0000000702c00000|  0%| F|  |TAMS 0x0000000702a00000, 0x0000000702a00000| Untracked 
|  14|0x0000000702c00000, 0x0000000702c00000, 0x0000000702e00000|  0%| F|  |TAMS 0x0000000702c00000, 0x0000000702c00000| Untracked 
|  15|0x0000000702e00000, 0x0000000702e00000, 0x0000000703000000|  0%| F|  |TAMS 0x0000000702e00000, 0x0000000702e00000| Untracked 
|  16|0x0000000703000000, 0x0000000703000000, 0x0000000703200000|  0%| F|  |TAMS 0x0000000703000000, 0x0000000703000000| Untracked 
|  17|0x0000000703200000, 0x0000000703200000, 0x0000000703400000|  0%| F|  |TAMS 0x0000000703200000, 0x0000000703200000| Untracked 
|  18|0x0000000703400000, 0x0000000703400000, 0x0000000703600000|  0%| F|  |TAMS 0x0000000703400000, 0x0000000703400000| Untracked 
|  19|0x0000000703600000, 0x0000000703600000, 0x0000000703800000|  0%| F|  |TAMS 0x0000000703600000, 0x0000000703600000| Untracked 
|  20|0x0000000703800000, 0x0000000703800000, 0x0000000703a00000|  0%| F|  |TAMS 0x0000000703800000, 0x0000000703800000| Untracked 
|  21|0x0000000703a00000, 0x0000000703a00000, 0x0000000703c00000|  0%| F|  |TAMS 0x0000000703a00000, 0x0000000703a00000| Untracked 
|  22|0x0000000703c00000, 0x0000000703c00000, 0x0000000703e00000|  0%| F|  |TAMS 0x0000000703c00000, 0x0000000703c00000| Untracked 
|  23|0x0000000703e00000, 0x0000000703e00000, 0x0000000704000000|  0%| F|  |TAMS 0x0000000703e00000, 0x0000000703e00000| Untracked 
|  24|0x0000000704000000, 0x0000000704000000, 0x0000000704200000|  0%| F|  |TAMS 0x0000000704000000, 0x0000000704000000| Untracked 
|  25|0x0000000704200000, 0x0000000704200000, 0x0000000704400000|  0%| F|  |TAMS 0x0000000704200000, 0x0000000704200000| Untracked 
|  26|0x0000000704400000, 0x0000000704400000, 0x0000000704600000|  0%| F|  |TAMS 0x0000000704400000, 0x0000000704400000| Untracked 
|  27|0x0000000704600000, 0x0000000704600000, 0x0000000704800000|  0%| F|  |TAMS 0x0000000704600000, 0x0000000704600000| Untracked 
|  28|0x0000000704800000, 0x0000000704800000, 0x0000000704a00000|  0%| F|  |TAMS 0x0000000704800000, 0x0000000704800000| Untracked 
|  29|0x0000000704a00000, 0x0000000704a00000, 0x0000000704c00000|  0%| F|  |TAMS 0x0000000704a00000, 0x0000000704a00000| Untracked 
|  30|0x0000000704c00000, 0x0000000704c00000, 0x0000000704e00000|  0%| F|  |TAMS 0x0000000704c00000, 0x0000000704c00000| Untracked 
|  31|0x0000000704e00000, 0x0000000704e00000, 0x0000000705000000|  0%| F|  |TAMS 0x0000000704e00000, 0x0000000704e00000| Untracked 
|  32|0x0000000705000000, 0x0000000705000000, 0x0000000705200000|  0%| F|  |TAMS 0x0000000705000000, 0x0000000705000000| Untracked 
|  33|0x0000000705200000, 0x0000000705200000, 0x0000000705400000|  0%| F|  |TAMS 0x0000000705200000, 0x0000000705200000| Untracked 
|  34|0x0000000705400000, 0x0000000705400000, 0x0000000705600000|  0%| F|  |TAMS 0x0000000705400000, 0x0000000705400000| Untracked 
|  35|0x0000000705600000, 0x0000000705600000, 0x0000000705800000|  0%| F|  |TAMS 0x0000000705600000, 0x0000000705600000| Untracked 
|  36|0x0000000705800000, 0x0000000705800000, 0x0000000705a00000|  0%| F|  |TAMS 0x0000000705800000, 0x0000000705800000| Untracked 
|  37|0x0000000705a00000, 0x0000000705a00000, 0x0000000705c00000|  0%| F|  |TAMS 0x0000000705a00000, 0x0000000705a00000| Untracked 
|  38|0x0000000705c00000, 0x0000000705c00000, 0x0000000705e00000|  0%| F|  |TAMS 0x0000000705c00000, 0x0000000705c00000| Untracked 
|  39|0x0000000705e00000, 0x0000000705e00000, 0x0000000706000000|  0%| F|  |TAMS 0x0000000705e00000, 0x0000000705e00000| Untracked 
|  40|0x0000000706000000, 0x0000000706000000, 0x0000000706200000|  0%| F|  |TAMS 0x0000000706000000, 0x0000000706000000| Untracked 
|  41|0x0000000706200000, 0x0000000706200000, 0x0000000706400000|  0%| F|  |TAMS 0x0000000706200000, 0x0000000706200000| Untracked 
|  42|0x0000000706400000, 0x0000000706400000, 0x0000000706600000|  0%| F|  |TAMS 0x0000000706400000, 0x0000000706400000| Untracked 
|  43|0x0000000706600000, 0x0000000706600000, 0x0000000706800000|  0%| F|  |TAMS 0x0000000706600000, 0x0000000706600000| Untracked 
|  44|0x0000000706800000, 0x0000000706800000, 0x0000000706a00000|  0%| F|  |TAMS 0x0000000706800000, 0x0000000706800000| Untracked 
|  45|0x0000000706a00000, 0x0000000706a00000, 0x0000000706c00000|  0%| F|  |TAMS 0x0000000706a00000, 0x0000000706a00000| Untracked 
|  46|0x0000000706c00000, 0x0000000706c00000, 0x0000000706e00000|  0%| F|  |TAMS 0x0000000706c00000, 0x0000000706c00000| Untracked 
|  47|0x0000000706e00000, 0x0000000706e00000, 0x0000000707000000|  0%| F|  |TAMS 0x0000000706e00000, 0x0000000706e00000| Untracked 
|  48|0x0000000707000000, 0x0000000707000000, 0x0000000707200000|  0%| F|  |TAMS 0x0000000707000000, 0x0000000707000000| Untracked 
|  49|0x0000000707200000, 0x0000000707200000, 0x0000000707400000|  0%| F|  |TAMS 0x0000000707200000, 0x0000000707200000| Untracked 
|  50|0x0000000707400000, 0x0000000707400000, 0x0000000707600000|  0%| F|  |TAMS 0x0000000707400000, 0x0000000707400000| Untracked 
|  51|0x0000000707600000, 0x0000000707600000, 0x0000000707800000|  0%| F|  |TAMS 0x0000000707600000, 0x0000000707600000| Untracked 
|  52|0x0000000707800000, 0x0000000707800000, 0x0000000707a00000|  0%| F|  |TAMS 0x0000000707800000, 0x0000000707800000| Untracked 
|  53|0x0000000707a00000, 0x0000000707a00000, 0x0000000707c00000|  0%| F|  |TAMS 0x0000000707a00000, 0x0000000707a00000| Untracked 
|  54|0x0000000707c00000, 0x0000000707c00000, 0x0000000707e00000|  0%| F|  |TAMS 0x0000000707c00000, 0x0000000707c00000| Untracked 
|  55|0x0000000707e00000, 0x0000000707e00000, 0x0000000708000000|  0%| F|  |TAMS 0x0000000707e00000, 0x0000000707e00000| Untracked 
|  56|0x0000000708000000, 0x0000000708000000, 0x0000000708200000|  0%| F|  |TAMS 0x0000000708000000, 0x0000000708000000| Untracked 
|  57|0x0000000708200000, 0x0000000708200000, 0x0000000708400000|  0%| F|  |TAMS 0x0000000708200000, 0x0000000708200000| Untracked 
|  58|0x0000000708400000, 0x0000000708400000, 0x0000000708600000|  0%| F|  |TAMS 0x0000000708400000, 0x0000000708400000| Untracked 
|  59|0x0000000708600000, 0x0000000708600000, 0x0000000708800000|  0%| F|  |TAMS 0x0000000708600000, 0x0000000708600000| Untracked 
|  60|0x0000000708800000, 0x0000000708800000, 0x0000000708a00000|  0%| F|  |TAMS 0x0000000708800000, 0x0000000708800000| Untracked 
|  61|0x0000000708a00000, 0x0000000708a00000, 0x0000000708c00000|  0%| F|  |TAMS 0x0000000708a00000, 0x0000000708a00000| Untracked 
|  62|0x0000000708c00000, 0x0000000708c00000, 0x0000000708e00000|  0%| F|  |TAMS 0x0000000708c00000, 0x0000000708c00000| Untracked 
|  63|0x0000000708e00000, 0x0000000708e00000, 0x0000000709000000|  0%| F|  |TAMS 0x0000000708e00000, 0x0000000708e00000| Untracked 
|  64|0x0000000709000000, 0x0000000709000000, 0x0000000709200000|  0%| F|  |TAMS 0x0000000709000000, 0x0000000709000000| Untracked 
|  65|0x0000000709200000, 0x0000000709200000, 0x0000000709400000|  0%| F|  |TAMS 0x0000000709200000, 0x0000000709200000| Untracked 
|  66|0x0000000709400000, 0x0000000709400000, 0x0000000709600000|  0%| F|  |TAMS 0x0000000709400000, 0x0000000709400000| Untracked 
|  67|0x0000000709600000, 0x0000000709600000, 0x0000000709800000|  0%| F|  |TAMS 0x0000000709600000, 0x0000000709600000| Untracked 
|  68|0x0000000709800000, 0x0000000709800000, 0x0000000709a00000|  0%| F|  |TAMS 0x0000000709800000, 0x0000000709800000| Untracked 
|  69|0x0000000709a00000, 0x0000000709a00000, 0x0000000709c00000|  0%| F|  |TAMS 0x0000000709a00000, 0x0000000709a00000| Untracked 
|  70|0x0000000709c00000, 0x0000000709c00000, 0x0000000709e00000|  0%| F|  |TAMS 0x0000000709c00000, 0x0000000709c00000| Untracked 
|  71|0x0000000709e00000, 0x0000000709e00000, 0x000000070a000000|  0%| F|  |TAMS 0x0000000709e00000, 0x0000000709e00000| Untracked 
|  72|0x000000070a000000, 0x000000070a000000, 0x000000070a200000|  0%| F|  |TAMS 0x000000070a000000, 0x000000070a000000| Untracked 
|  73|0x000000070a200000, 0x000000070a200000, 0x000000070a400000|  0%| F|  |TAMS 0x000000070a200000, 0x000000070a200000| Untracked 
|  74|0x000000070a400000, 0x000000070a400000, 0x000000070a600000|  0%| F|  |TAMS 0x000000070a400000, 0x000000070a400000| Untracked 
|  75|0x000000070a600000, 0x000000070a600000, 0x000000070a800000|  0%| F|  |TAMS 0x000000070a600000, 0x000000070a600000| Untracked 
|  76|0x000000070a800000, 0x000000070a800000, 0x000000070aa00000|  0%| F|  |TAMS 0x000000070a800000, 0x000000070a800000| Untracked 
|  77|0x000000070aa00000, 0x000000070aa00000, 0x000000070ac00000|  0%| F|  |TAMS 0x000000070aa00000, 0x000000070aa00000| Untracked 
|  78|0x000000070ac00000, 0x000000070ac00000, 0x000000070ae00000|  0%| F|  |TAMS 0x000000070ac00000, 0x000000070ac00000| Untracked 
|  79|0x000000070ae00000, 0x000000070ae00000, 0x000000070b000000|  0%| F|  |TAMS 0x000000070ae00000, 0x000000070ae00000| Untracked 
|  80|0x000000070b000000, 0x000000070b000000, 0x000000070b200000|  0%| F|  |TAMS 0x000000070b000000, 0x000000070b000000| Untracked 
|  81|0x000000070b200000, 0x000000070b200000, 0x000000070b400000|  0%| F|  |TAMS 0x000000070b200000, 0x000000070b200000| Untracked 
|  82|0x000000070b400000, 0x000000070b400000, 0x000000070b600000|  0%| F|  |TAMS 0x000000070b400000, 0x000000070b400000| Untracked 
|  83|0x000000070b600000, 0x000000070b600000, 0x000000070b800000|  0%| F|  |TAMS 0x000000070b600000, 0x000000070b600000| Untracked 
|  84|0x000000070b800000, 0x000000070b800000, 0x000000070ba00000|  0%| F|  |TAMS 0x000000070b800000, 0x000000070b800000| Untracked 
|  85|0x000000070ba00000, 0x000000070ba00000, 0x000000070bc00000|  0%| F|  |TAMS 0x000000070ba00000, 0x000000070ba00000| Untracked 
|  86|0x000000070bc00000, 0x000000070bc00000, 0x000000070be00000|  0%| F|  |TAMS 0x000000070bc00000, 0x000000070bc00000| Untracked 
|  87|0x000000070be00000, 0x000000070be00000, 0x000000070c000000|  0%| F|  |TAMS 0x000000070be00000, 0x000000070be00000| Untracked 
|  88|0x000000070c000000, 0x000000070c000000, 0x000000070c200000|  0%| F|  |TAMS 0x000000070c000000, 0x000000070c000000| Untracked 
|  89|0x000000070c200000, 0x000000070c200000, 0x000000070c400000|  0%| F|  |TAMS 0x000000070c200000, 0x000000070c200000| Untracked 
|  90|0x000000070c400000, 0x000000070c400000, 0x000000070c600000|  0%| F|  |TAMS 0x000000070c400000, 0x000000070c400000| Untracked 
|  91|0x000000070c600000, 0x000000070c600000, 0x000000070c800000|  0%| F|  |TAMS 0x000000070c600000, 0x000000070c600000| Untracked 
|  92|0x000000070c800000, 0x000000070c800000, 0x000000070ca00000|  0%| F|  |TAMS 0x000000070c800000, 0x000000070c800000| Untracked 
|  93|0x000000070ca00000, 0x000000070ca00000, 0x000000070cc00000|  0%| F|  |TAMS 0x000000070ca00000, 0x000000070ca00000| Untracked 
|  94|0x000000070cc00000, 0x000000070cc00000, 0x000000070ce00000|  0%| F|  |TAMS 0x000000070cc00000, 0x000000070cc00000| Untracked 
|  95|0x000000070ce00000, 0x000000070ce00000, 0x000000070d000000|  0%| F|  |TAMS 0x000000070ce00000, 0x000000070ce00000| Untracked 
|  96|0x000000070d000000, 0x000000070d000000, 0x000000070d200000|  0%| F|  |TAMS 0x000000070d000000, 0x000000070d000000| Untracked 
|  97|0x000000070d200000, 0x000000070d200000, 0x000000070d400000|  0%| F|  |TAMS 0x000000070d200000, 0x000000070d200000| Untracked 
|  98|0x000000070d400000, 0x000000070d400000, 0x000000070d600000|  0%| F|  |TAMS 0x000000070d400000, 0x000000070d400000| Untracked 
|  99|0x000000070d600000, 0x000000070d600000, 0x000000070d800000|  0%| F|  |TAMS 0x000000070d600000, 0x000000070d600000| Untracked 
| 100|0x000000070d800000, 0x000000070d800000, 0x000000070da00000|  0%| F|  |TAMS 0x000000070d800000, 0x000000070d800000| Untracked 
| 101|0x000000070da00000, 0x000000070da00000, 0x000000070dc00000|  0%| F|  |TAMS 0x000000070da00000, 0x000000070da00000| Untracked 
| 102|0x000000070dc00000, 0x000000070dc00000, 0x000000070de00000|  0%| F|  |TAMS 0x000000070dc00000, 0x000000070dc00000| Untracked 
| 103|0x000000070de00000, 0x000000070de00000, 0x000000070e000000|  0%| F|  |TAMS 0x000000070de00000, 0x000000070de00000| Untracked 
| 104|0x000000070e000000, 0x000000070e000000, 0x000000070e200000|  0%| F|  |TAMS 0x000000070e000000, 0x000000070e000000| Untracked 
| 105|0x000000070e200000, 0x000000070e200000, 0x000000070e400000|  0%| F|  |TAMS 0x000000070e200000, 0x000000070e200000| Untracked 
| 106|0x000000070e400000, 0x000000070e400000, 0x000000070e600000|  0%| F|  |TAMS 0x000000070e400000, 0x000000070e400000| Untracked 
| 107|0x000000070e600000, 0x000000070e600000, 0x000000070e800000|  0%| F|  |TAMS 0x000000070e600000, 0x000000070e600000| Untracked 
| 108|0x000000070e800000, 0x000000070e800000, 0x000000070ea00000|  0%| F|  |TAMS 0x000000070e800000, 0x000000070e800000| Untracked 
| 109|0x000000070ea00000, 0x000000070ea00000, 0x000000070ec00000|  0%| F|  |TAMS 0x000000070ea00000, 0x000000070ea00000| Untracked 
| 110|0x000000070ec00000, 0x000000070ec00000, 0x000000070ee00000|  0%| F|  |TAMS 0x000000070ec00000, 0x000000070ec00000| Untracked 
| 111|0x000000070ee00000, 0x000000070ee00000, 0x000000070f000000|  0%| F|  |TAMS 0x000000070ee00000, 0x000000070ee00000| Untracked 
| 112|0x000000070f000000, 0x000000070f000000, 0x000000070f200000|  0%| F|  |TAMS 0x000000070f000000, 0x000000070f000000| Untracked 
| 113|0x000000070f200000, 0x000000070f200000, 0x000000070f400000|  0%| F|  |TAMS 0x000000070f200000, 0x000000070f200000| Untracked 
| 114|0x000000070f400000, 0x000000070f400000, 0x000000070f600000|  0%| F|  |TAMS 0x000000070f400000, 0x000000070f400000| Untracked 
| 115|0x000000070f600000, 0x000000070f600000, 0x000000070f800000|  0%| F|  |TAMS 0x000000070f600000, 0x000000070f600000| Untracked 
| 116|0x000000070f800000, 0x000000070fa00000, 0x000000070fa00000|100%| S|CS|TAMS 0x000000070f800000, 0x000000070f800000| Complete 
| 117|0x000000070fa00000, 0x000000070fc00000, 0x000000070fc00000|100%| S|CS|TAMS 0x000000070fa00000, 0x000000070fa00000| Complete 
| 118|0x000000070fc00000, 0x000000070fc00000, 0x000000070fe00000|  0%| F|  |TAMS 0x000000070fc00000, 0x000000070fc00000| Untracked 
| 119|0x000000070fe00000, 0x000000070fe00000, 0x0000000710000000|  0%| F|  |TAMS 0x000000070fe00000, 0x000000070fe00000| Untracked 
| 120|0x0000000710000000, 0x0000000710000000, 0x0000000710200000|  0%| F|  |TAMS 0x0000000710000000, 0x0000000710000000| Untracked 
| 121|0x0000000710200000, 0x0000000710200000, 0x0000000710400000|  0%| F|  |TAMS 0x0000000710200000, 0x0000000710200000| Untracked 
| 122|0x0000000710400000, 0x0000000710532cb8, 0x0000000710600000| 59%| E|  |TAMS 0x0000000710400000, 0x0000000710400000| Complete 
| 123|0x0000000710600000, 0x0000000710800000, 0x0000000710800000|100%| E|CS|TAMS 0x0000000710600000, 0x0000000710600000| Complete 
| 124|0x0000000710800000, 0x0000000710a00000, 0x0000000710a00000|100%| E|CS|TAMS 0x0000000710800000, 0x0000000710800000| Complete 
| 125|0x0000000710a00000, 0x0000000710c00000, 0x0000000710c00000|100%| E|CS|TAMS 0x0000000710a00000, 0x0000000710a00000| Complete 
| 126|0x0000000710c00000, 0x0000000710e00000, 0x0000000710e00000|100%| E|CS|TAMS 0x0000000710c00000, 0x0000000710c00000| Complete 
| 127|0x0000000710e00000, 0x0000000711000000, 0x0000000711000000|100%| E|CS|TAMS 0x0000000710e00000, 0x0000000710e00000| Complete 

Card table byte_map: [0x0000021f9c060000,0x0000021f9c860000] _byte_map_base: 0x0000021f98858000

Marking Bits (Prev, Next): (CMBitMap*) 0x0000021f83037f40, (CMBitMap*) 0x0000021f83037f80
 Prev Bits: [0x0000021f9d060000, 0x0000021fa1020000)
 Next Bits: [0x0000021fa1020000, 0x0000021fa4fe0000)

Polling page: 0x0000021f830c0000

Metaspace:

Usage:
  Non-class:     11.72 MB used.
      Class:      1.10 MB used.
       Both:     12.82 MB used.

Virtual space:
  Non-class space:       16.00 MB reserved,      11.81 MB ( 74%) committed,  2 nodes.
      Class space:        1.00 GB reserved,       1.25 MB ( <1%) committed,  1 nodes.
             Both:        1.02 GB reserved,      13.06 MB (  1%) committed. 

Chunk freelists:
   Non-Class:  16.00 KB
       Class:  2.72 MB
        Both:  2.74 MB

MaxMetaspaceSize: unlimited
CompressedClassSpaceSize: 1.00 GB
Initial GC threshold: 21.00 MB
Current GC threshold: 21.00 MB
CDS: on
MetaspaceReclaimPolicy: balanced
 - commit_granule_bytes: 65536.
 - commit_granule_words: 8192.
 - virtual_space_node_default_size: 1048576.
 - enlarge_chunks_in_place: 1.
 - new_chunks_are_fully_committed: 0.
 - uncommit_free_chunks: 1.
 - use_allocation_guard: 0.
 - handle_deallocations: 1.


Internal statistics:

num_allocs_failed_limit: 0.
num_arena_births: 238.
num_arena_deaths: 0.
num_vsnodes_births: 3.
num_vsnodes_deaths: 0.
num_space_committed: 207.
num_space_uncommitted: 0.
num_chunks_returned_to_freelist: 0.
num_chunks_taken_from_freelist: 469.
num_chunk_merges: 0.
num_chunk_splits: 277.
num_chunks_enlarged: 146.
num_purges: 0.
num_inconsistent_stats: 0.

CodeHeap 'non-profiled nmethods': size=120000Kb used=511Kb max_used=511Kb free=119489Kb
 bounds [0x0000021f93ae0000, 0x0000021f93d50000, 0x0000021f9b010000]
CodeHeap 'profiled nmethods': size=120000Kb used=2854Kb max_used=2854Kb free=117145Kb
 bounds [0x0000021f8c5b0000, 0x0000021f8c880000, 0x0000021f93ae0000]
CodeHeap 'non-nmethods': size=5760Kb used=1880Kb max_used=1893Kb free=3879Kb
 bounds [0x0000021f8c010000, 0x0000021f8c280000, 0x0000021f8c5b0000]
 total_blobs=3046 nmethods=1648 adapters=1311
 compilation: enabled
              stopped_count=0, restarted_count=0
 full_count=0

Compilation events (20 events):
Event: 1.089 Thread 0x0000021fa78c6da0 1638       3       jdk.internal.org.objectweb.asm.ClassReader::readUtf (161 bytes)
Event: 1.089 Thread 0x0000021fa78c6da0 nmethod 1638 0x0000021f8c876a90 code [0x0000021f8c876c60, 0x0000021f8c8770c8]
Event: 1.089 Thread 0x0000021fa78c6da0 1640       3       java.lang.invoke.InnerClassLambdaMetafactory::getOpcodeOffset (38 bytes)
Event: 1.089 Thread 0x0000021fa78c6da0 nmethod 1640 0x0000021f8c877390 code [0x0000021f8c877560, 0x0000021f8c877838]
Event: 1.090 Thread 0x0000021fa78c6da0 1642       3       jdk.internal.org.objectweb.asm.ClassWriter::<init> (7 bytes)
Event: 1.090 Thread 0x0000021fa78c6da0 nmethod 1642 0x0000021f8c877910 code [0x0000021f8c877ac0, 0x0000021f8c877c08]
Event: 1.090 Thread 0x0000021fa78c6da0 1643       3       jdk.internal.org.objectweb.asm.ClassWriter::<init> (68 bytes)
Event: 1.090 Thread 0x0000021fa78c6da0 nmethod 1643 0x0000021f8c877c90 code [0x0000021f8c877e60, 0x0000021f8c878308]
Event: 1.090 Thread 0x0000021fa78c6da0 1644       3       jdk.internal.org.objectweb.asm.ClassVisitor::<init> (7 bytes)
Event: 1.090 Thread 0x0000021fa78c6da0 nmethod 1644 0x0000021f8c878490 code [0x0000021f8c878640, 0x0000021f8c878788]
Event: 1.091 Thread 0x0000021fa78c6da0 1645       3       java.util.ArrayDeque::inc (12 bytes)
Event: 1.091 Thread 0x0000021fa78c6da0 nmethod 1645 0x0000021f8c878810 code [0x0000021f8c8789a0, 0x0000021f8c878ad8]
Event: 1.092 Thread 0x0000021fa78c6da0 1646       1       java.util.zip.ZipEntry::getName (5 bytes)
Event: 1.092 Thread 0x0000021fa78c6da0 nmethod 1646 0x0000021f93b5f610 code [0x0000021f93b5f7a0, 0x0000021f93b5f878]
Event: 1.092 Thread 0x0000021fa78c6da0 1647       3       java.util.ArrayDeque::addLast (51 bytes)
Event: 1.093 Thread 0x0000021fa78c6da0 nmethod 1647 0x0000021f8c878b90 code [0x0000021f8c878d60, 0x0000021f8c879238]
Event: 1.093 Thread 0x0000021fa78c6da0 1648       3       java.util.zip.ZipUtils::LOCSIG (6 bytes)
Event: 1.093 Thread 0x0000021fa78c6da0 nmethod 1648 0x0000021f8c879410 code [0x0000021f8c8795c0, 0x0000021f8c879898]
Event: 1.199 Thread 0x0000021fa78c6300 1649       4       java.nio.Buffer::remaining (20 bytes)
Event: 1.199 Thread 0x0000021fa78c6300 nmethod 1649 0x0000021f93b5f910 code [0x0000021f93b5fa80, 0x0000021f93b5fb18]

GC Heap History (2 events):
Event: 0.927 GC heap before
{Heap before GC invocations=0 (full 0):
 garbage-first heap   total 262144K, used 20480K [0x0000000701000000, 0x0000000800000000)
  region size 2048K, 10 young (20480K), 0 survivors (0K)
 Metaspace       used 11225K, committed 11392K, reserved 1064960K
  class space    used 1023K, committed 1088K, reserved 1048576K
}
Event: 0.931 GC heap after
{Heap after GC invocations=1 (full 0):
 garbage-first heap   total 262144K, used 4565K [0x0000000701000000, 0x0000000800000000)
  region size 2048K, 2 young (4096K), 2 survivors (4096K)
 Metaspace       used 11225K, committed 11392K, reserved 1064960K
  class space    used 1023K, committed 1088K, reserved 1048576K
}

Deoptimization events (20 events):
Event: 0.878 Thread 0x0000021f82fe98a0 DEOPT PACKING pc=0x0000021f93b1f7ac sp=0x000000773b7fd4b0
Event: 0.878 Thread 0x0000021f82fe98a0 DEOPT UNPACKING pc=0x0000021f8c0623a3 sp=0x000000773b7fd3e0 mode 2
Event: 0.878 Thread 0x0000021f82fe98a0 Uncommon trap: trap_request=0xffffffc6 fr.pc=0x0000021f93b1f7ac relative=0x00000000000012ec
Event: 0.878 Thread 0x0000021f82fe98a0 Uncommon trap: reason=bimorphic_or_optimized_type_check action=maybe_recompile pc=0x0000021f93b1f7ac method=java.util.HashMap.putVal(ILjava/lang/Object;Ljava/lang/Object;ZZ)Ljava/lang/Object; @ 56 c2
Event: 0.878 Thread 0x0000021f82fe98a0 DEOPT PACKING pc=0x0000021f93b1f7ac sp=0x000000773b7fd4b0
Event: 0.878 Thread 0x0000021f82fe98a0 DEOPT UNPACKING pc=0x0000021f8c0623a3 sp=0x000000773b7fd3e0 mode 2
Event: 0.878 Thread 0x0000021f82fe98a0 Uncommon trap: trap_request=0xffffffc6 fr.pc=0x0000021f93b1f844 relative=0x0000000000001384
Event: 0.878 Thread 0x0000021f82fe98a0 Uncommon trap: reason=bimorphic_or_optimized_type_check action=maybe_recompile pc=0x0000021f93b1f844 method=java.util.HashMap.putVal(ILjava/lang/Object;Ljava/lang/Object;ZZ)Ljava/lang/Object; @ 152 c2
Event: 0.878 Thread 0x0000021f82fe98a0 DEOPT PACKING pc=0x0000021f93b1f844 sp=0x000000773b7fd4b0
Event: 0.878 Thread 0x0000021f82fe98a0 DEOPT UNPACKING pc=0x0000021f8c0623a3 sp=0x000000773b7fd3e8 mode 2
Event: 0.878 Thread 0x0000021f82fe98a0 Uncommon trap: trap_request=0xffffffc6 fr.pc=0x0000021f93b1f7ac relative=0x00000000000012ec
Event: 0.878 Thread 0x0000021f82fe98a0 Uncommon trap: reason=bimorphic_or_optimized_type_check action=maybe_recompile pc=0x0000021f93b1f7ac method=java.util.HashMap.putVal(ILjava/lang/Object;Ljava/lang/Object;ZZ)Ljava/lang/Object; @ 56 c2
Event: 0.878 Thread 0x0000021f82fe98a0 DEOPT PACKING pc=0x0000021f93b1f7ac sp=0x000000773b7fd4b0
Event: 0.878 Thread 0x0000021f82fe98a0 DEOPT UNPACKING pc=0x0000021f8c0623a3 sp=0x000000773b7fd3e0 mode 2
Event: 0.914 Thread 0x0000021f82fe98a0 DEOPT PACKING pc=0x0000021f8c60bd9e sp=0x000000773b7fe740
Event: 0.914 Thread 0x0000021f82fe98a0 DEOPT UNPACKING pc=0x0000021f8c062b43 sp=0x000000773b7fdbf0 mode 0
Event: 0.947 Thread 0x0000021f82fe98a0 DEOPT PACKING pc=0x0000021f8c805eea sp=0x000000773b7feb40
Event: 0.947 Thread 0x0000021f82fe98a0 DEOPT UNPACKING pc=0x0000021f8c062b43 sp=0x000000773b7fdfc8 mode 0
Event: 1.054 Thread 0x0000021f82fe98a0 DEOPT PACKING pc=0x0000021f8c868a8a sp=0x000000773b7ff1d0
Event: 1.054 Thread 0x0000021f82fe98a0 DEOPT UNPACKING pc=0x0000021f8c062b43 sp=0x000000773b7fe778 mode 0

Classes unloaded (0 events):
No events

Classes redefined (0 events):
No events

Internal exceptions (20 events):
Event: 0.192 Thread 0x0000021f82fe98a0 Exception <a 'java/lang/NoSuchMethodError'{0x000000071069cf08}: 'java.lang.Object java.lang.invoke.Invokers$Holder.linkToTargetMethod(java.lang.Object, long, java.lang.Object)'> (0x000000071069cf08) 
thrown [t:\workspace\open\src\hotspot\share\interpreter\linkResolver.cpp, line 766]
Event: 0.193 Thread 0x0000021f82fe98a0 Exception <a 'java/lang/NoSuchMethodError'{0x00000007106a43d8}: 'int java.lang.invoke.DirectMethodHandle$Holder.invokeStaticInit(java.lang.Object, java.lang.Object, java.lang.Object, long)'> (0x00000007106a43d8) 
thrown [t:\workspace\open\src\hotspot\share\interpreter\linkResolver.cpp, line 766]
Event: 0.197 Thread 0x0000021fa789bea0 Exception <a 'java/lang/NoSuchMethodError'{0x0000000710729040}: 'void java.lang.invoke.DirectMethodHandle$Holder.invokeStatic(java.lang.Object, java.lang.Object, java.lang.Object)'> (0x0000000710729040) 
thrown [t:\workspace\open\src\hotspot\share\interpreter\linkResolver.cpp, line 766]
Event: 0.218 Thread 0x0000021f82fe98a0 Exception <a 'sun/nio/fs/WindowsException'{0x000000071042e020}> (0x000000071042e020) 
thrown [t:\workspace\open\src\hotspot\share\prims\jni.cpp, line 516]
Event: 0.218 Thread 0x0000021f82fe98a0 Exception <a 'sun/nio/fs/WindowsException'{0x000000071042e380}> (0x000000071042e380) 
thrown [t:\workspace\open\src\hotspot\share\prims\jni.cpp, line 516]
Event: 0.224 Thread 0x0000021fa789bea0 Exception <a 'java/lang/NoSuchMethodError'{0x00000007104b2b20}: 'java.lang.Object java.lang.invoke.DirectMethodHandle$Holder.invokeStaticInit(java.lang.Object, int, int, int, int)'> (0x00000007104b2b20) 
thrown [t:\workspace\open\src\hotspot\share\interpreter\linkResolver.cpp, line 766]
Event: 0.340 Thread 0x0000021fa789bea0 Exception <a 'java/lang/NoSuchMethodError'{0x000000071058cdf0}: 'java.lang.Object java.lang.invoke.DirectMethodHandle$Holder.invokeStaticInit(java.lang.Object, java.lang.Object, int, int, int, int)'> (0x000000071058cdf0) 
thrown [t:\workspace\open\src\hotspot\share\interpreter\linkResolver.cpp, line 766]
Event: 0.358 Thread 0x0000021fa789bea0 Exception <a 'java/lang/ClassNotFoundException'{0x00000007105ab8f0}: javax/management/remote/rmi/RMIServerImpl_Skel> (0x00000007105ab8f0) 
thrown [t:\workspace\open\src\hotspot\share\classfile\systemDictionary.cpp, line 256]
Event: 0.397 Thread 0x0000021fa933bd50 Exception <a 'java/lang/NoSuchMethodError'{0x00000007102cb3e0}: static [B.<clinit>()V> (0x00000007102cb3e0) 
thrown [t:\workspace\open\src\hotspot\share\prims\jni.cpp, line 1107]
Event: 0.403 Thread 0x0000021fa933bd50 Exception <a 'java/lang/ClassNotFoundException'{0x0000000710352ea8}: javax/management/remote/rmi/RMIConnectionImpl_Skel> (0x0000000710352ea8) 
thrown [t:\workspace\open\src\hotspot\share\classfile\systemDictionary.cpp, line 256]
Event: 0.543 Thread 0x0000021f82fe98a0 Exception <a 'sun/nio/fs/WindowsException'{0x000000071002a8e8}> (0x000000071002a8e8) 
thrown [t:\workspace\open\src\hotspot\share\prims\jni.cpp, line 516]
Event: 0.543 Thread 0x0000021f82fe98a0 Exception <a 'sun/nio/fs/WindowsException'{0x000000071002ac90}> (0x000000071002ac90) 
thrown [t:\workspace\open\src\hotspot\share\prims\jni.cpp, line 516]
Event: 0.546 Thread 0x0000021f82fe98a0 Exception <a 'sun/nio/fs/WindowsException'{0x0000000710033f30}> (0x0000000710033f30) 
thrown [t:\workspace\open\src\hotspot\share\prims\jni.cpp, line 516]
Event: 0.547 Thread 0x0000021f82fe98a0 Exception <a 'sun/nio/fs/WindowsException'{0x0000000710034210}> (0x0000000710034210) 
thrown [t:\workspace\open\src\hotspot\share\prims\jni.cpp, line 516]
Event: 0.822 Thread 0x0000021f82fe98a0 Exception <a 'java/lang/ClassNotFoundException'{0x000000070ffc1738}: sun/awt/resources/spi/awtProvider> (0x000000070ffc1738) 
thrown [t:\workspace\open\src\hotspot\share\classfile\systemDictionary.cpp, line 256]
Event: 0.827 Thread 0x0000021f82fe98a0 Exception <a 'java/io/FileNotFoundException'{0x000000070ffcf968}> (0x000000070ffcf968) 
thrown [t:\workspace\open\src\hotspot\share\prims\jni.cpp, line 516]
Event: 0.830 Thread 0x0000021f82fe98a0 Exception <a 'java/io/FileNotFoundException'{0x000000070fffc838}> (0x000000070fffc838) 
thrown [t:\workspace\open\src\hotspot\share\prims\jni.cpp, line 516]
Event: 1.089 Thread 0x0000021f82fe98a0 Exception <a 'java/lang/NoSuchMethodError'{0x0000000710491b10}: 'void java.lang.invoke.DirectMethodHandle$Holder.invokeVirtual(java.lang.Object, java.lang.Object, long, double, double)'> (0x0000000710491b10) 
thrown [t:\workspace\open\src\hotspot\share\interpreter\linkResolver.cpp, line 766]
Event: 1.089 Thread 0x0000021f82fe98a0 Exception <a 'java/lang/NoSuchMethodError'{0x0000000710497660}: 'void java.lang.invoke.DirectMethodHandle$Holder.invokeVirtual(java.lang.Object, java.lang.Object, long, int, int, int)'> (0x0000000710497660) 
thrown [t:\workspace\open\src\hotspot\share\interpreter\linkResolver.cpp, line 766]
Event: 1.090 Thread 0x0000021f82fe98a0 Exception <a 'java/lang/NoSuchMethodError'{0x00000007104a16a0}: 'void java.lang.invoke.DirectMethodHandle$Holder.invokeVirtual(java.lang.Object, java.lang.Object, long, int, int, int, int)'> (0x00000007104a16a0) 
thrown [t:\workspace\open\src\hotspot\share\interpreter\linkResolver.cpp, line 766]

VM Operations (20 events):
Event: 0.105 Executing VM operation: HandshakeAllThreads
Event: 0.105 Executing VM operation: HandshakeAllThreads done
Event: 0.174 Executing VM operation: HandshakeAllThreads
Event: 0.174 Executing VM operation: HandshakeAllThreads done
Event: 0.215 Executing VM operation: HandshakeAllThreads
Event: 0.215 Executing VM operation: HandshakeAllThreads done
Event: 0.402 Executing VM operation: HandshakeAllThreads
Event: 0.402 Executing VM operation: HandshakeAllThreads done
Event: 0.625 Executing VM operation: HandshakeAllThreads
Event: 0.625 Executing VM operation: HandshakeAllThreads done
Event: 0.815 Executing VM operation: ICBufferFull
Event: 0.815 Executing VM operation: ICBufferFull done
Event: 0.855 Executing VM operation: HandshakeAllThreads
Event: 0.855 Executing VM operation: HandshakeAllThreads done
Event: 0.878 Executing VM operation: HandshakeAllThreads
Event: 0.878 Executing VM operation: HandshakeAllThreads done
Event: 0.891 Executing VM operation: HandshakeAllThreads
Event: 0.891 Executing VM operation: HandshakeAllThreads done
Event: 0.927 Executing VM operation: G1CollectForAllocation
Event: 0.931 Executing VM operation: G1CollectForAllocation done

Events (20 events):
Event: 1.004 loading class javax/imageio/ImageTypeSpecifier$Packed
Event: 1.004 loading class javax/imageio/ImageTypeSpecifier$Packed done
Event: 1.004 loading class java/awt/image/DataBufferByte
Event: 1.004 loading class java/awt/image/DataBufferByte done
Event: 1.004 loading class sun/awt/image/ByteInterleavedRaster
Event: 1.004 loading class sun/awt/image/ByteComponentRaster
Event: 1.005 loading class sun/awt/image/ByteComponentRaster done
Event: 1.005 loading class sun/awt/image/ByteInterleavedRaster done
Event: 1.005 loading class java/awt/image/BufferedImage$1
Event: 1.006 loading class java/awt/image/BufferedImage$1 done
Event: 1.006 loading class sun/awt/image/ShortComponentRaster
Event: 1.006 loading class sun/awt/image/ShortComponentRaster done
Event: 1.006 loading class com/sun/imageio/plugins/common/ReaderUtil
Event: 1.006 loading class com/sun/imageio/plugins/common/ReaderUtil done
Event: 1.071 loading class java/io/UncheckedIOException
Event: 1.071 loading class java/io/UncheckedIOException done
Event: 1.072 loading class java/nio/file/AccessDeniedException
Event: 1.072 loading class java/nio/file/AccessDeniedException done
Event: 1.074 Loaded shared library C:\RT\VoluMarch\lib\imgui-java64.dll
Event: 1.199 Thread 0x0000021faaf32480 Thread exited: 0x0000021faaf32480


Dynamic libraries:
0x00007ff707230000 - 0x00007ff70723e000 	C:\Users\andyd\.jdks\openjdk-17.0.2\bin\java.exe
0x00007ff903410000 - 0x00007ff903608000 	C:\WINDOWS\SYSTEM32\ntdll.dll
0x00007ff901430000 - 0x00007ff9014f2000 	C:\WINDOWS\System32\KERNEL32.DLL
0x00007ff900ab0000 - 0x00007ff900daf000 	C:\WINDOWS\System32\KERNELBASE.dll
0x00007ff900f00000 - 0x00007ff901000000 	C:\WINDOWS\System32\ucrtbase.dll
0x00007ff8fb8b0000 - 0x00007ff8fb8ca000 	C:\Users\andyd\.jdks\openjdk-17.0.2\bin\VCRUNTIME140.dll
0x00007ff8fb370000 - 0x00007ff8fb388000 	C:\Users\andyd\.jdks\openjdk-17.0.2\bin\jli.dll
0x00007ff902010000 - 0x00007ff9021ad000 	C:\WINDOWS\System32\USER32.dll
0x00007ff900ed0000 - 0x00007ff900ef2000 	C:\WINDOWS\System32\win32u.dll
0x00007ff8d4750000 - 0x00007ff8d49ea000 	C:\WINDOWS\WinSxS\amd64_microsoft.windows.common-controls_6595b64144ccf1df_6.0.19041.4355_none_60b8b9eb71f62e16\COMCTL32.dll
0x00007ff901d50000 - 0x00007ff901d7b000 	C:\WINDOWS\System32\GDI32.dll
0x00007ff901b20000 - 0x00007ff901bbe000 	C:\WINDOWS\System32\msvcrt.dll
0x00007ff900db0000 - 0x00007ff900eca000 	C:\WINDOWS\System32\gdi32full.dll
0x00007ff9010b0000 - 0x00007ff90114d000 	C:\WINDOWS\System32\msvcp_win.dll
0x00007ff901860000 - 0x00007ff90188f000 	C:\WINDOWS\System32\IMM32.DLL
0x00007ff8fb360000 - 0x00007ff8fb36c000 	C:\Users\andyd\.jdks\openjdk-17.0.2\bin\vcruntime140_1.dll
0x00007ff8bd8d0000 - 0x00007ff8bd95d000 	C:\Users\andyd\.jdks\openjdk-17.0.2\bin\msvcp140.dll
0x00007ff8a9850000 - 0x00007ff8aa411000 	C:\Users\andyd\.jdks\openjdk-17.0.2\bin\server\jvm.dll
0x00007ff901ca0000 - 0x00007ff901d4f000 	C:\WINDOWS\System32\ADVAPI32.dll
0x00007ff901520000 - 0x00007ff9015bf000 	C:\WINDOWS\System32\sechost.dll
0x00007ff9026b0000 - 0x00007ff9027d3000 	C:\WINDOWS\System32\RPCRT4.dll
0x00007ff9013b0000 - 0x00007ff9013d7000 	C:\WINDOWS\System32\bcrypt.dll
0x00007ff901c90000 - 0x00007ff901c98000 	C:\WINDOWS\System32\PSAPI.DLL
0x00007ff8fb250000 - 0x00007ff8fb277000 	C:\WINDOWS\SYSTEM32\WINMM.dll
0x00007ff8f9200000 - 0x00007ff8f920a000 	C:\WINDOWS\SYSTEM32\VERSION.dll
0x00007ff8d8440000 - 0x00007ff8d8449000 	C:\WINDOWS\SYSTEM32\WSOCK32.dll
0x00007ff901d80000 - 0x00007ff901deb000 	C:\WINDOWS\System32\WS2_32.dll
0x00007ff8feb30000 - 0x00007ff8feb42000 	C:\WINDOWS\SYSTEM32\kernel.appcore.dll
0x00007ff8fb080000 - 0x00007ff8fb08a000 	C:\Users\andyd\.jdks\openjdk-17.0.2\bin\jimage.dll
0x00007ff8fe720000 - 0x00007ff8fe904000 	C:\WINDOWS\SYSTEM32\DBGHELP.DLL
0x00007ff8f2cb0000 - 0x00007ff8f2ce4000 	C:\WINDOWS\SYSTEM32\dbgcore.DLL
0x00007ff9011c0000 - 0x00007ff901242000 	C:\WINDOWS\System32\bcryptPrimitives.dll
0x00007ff8fb060000 - 0x00007ff8fb06e000 	C:\Users\andyd\.jdks\openjdk-17.0.2\bin\instrument.dll
0x00007ff8f4650000 - 0x00007ff8f4675000 	C:\Users\andyd\.jdks\openjdk-17.0.2\bin\java.dll
0x00007ff8b2290000 - 0x00007ff8b2366000 	C:\Users\andyd\.jdks\openjdk-17.0.2\bin\jsvml.dll
0x00007ff9027e0000 - 0x00007ff902f4d000 	C:\WINDOWS\System32\SHELL32.dll
0x00007ff8feb50000 - 0x00007ff8ff2f4000 	C:\WINDOWS\SYSTEM32\windows.storage.dll
0x00007ff902350000 - 0x00007ff9026a5000 	C:\WINDOWS\System32\combase.dll
0x00007ff9004e0000 - 0x00007ff90050b000 	C:\WINDOWS\SYSTEM32\Wldp.dll
0x00007ff901bc0000 - 0x00007ff901c8d000 	C:\WINDOWS\System32\OLEAUT32.dll
0x00007ff9017b0000 - 0x00007ff90185d000 	C:\WINDOWS\System32\SHCORE.dll
0x00007ff9015c0000 - 0x00007ff901615000 	C:\WINDOWS\System32\shlwapi.dll
0x00007ff9009e0000 - 0x00007ff900a05000 	C:\WINDOWS\SYSTEM32\profapi.dll
0x00007ff8f4770000 - 0x00007ff8f4788000 	C:\Users\andyd\.jdks\openjdk-17.0.2\bin\zip.dll
0x00007ff8f8fd0000 - 0x00007ff8f8fe9000 	C:\Users\andyd\.jdks\openjdk-17.0.2\bin\net.dll
0x00007ff8f8ba0000 - 0x00007ff8f8caa000 	C:\WINDOWS\SYSTEM32\WINHTTP.dll
0x00007ff900240000 - 0x00007ff9002ac000 	C:\WINDOWS\system32\mswsock.dll
0x00007ff8f11d0000 - 0x00007ff8f11e6000 	C:\Users\andyd\.jdks\openjdk-17.0.2\bin\nio.dll
0x00007ff8e3f20000 - 0x00007ff8e3f3a000 	C:\Program Files\JetBrains\IntelliJ IDEA 2024.3\bin\breakgen64.dll
0x00007ff8fff10000 - 0x00007ff8fffda000 	C:\WINDOWS\SYSTEM32\DNSAPI.dll
0x00007ff8ffed0000 - 0x00007ff8fff0b000 	C:\WINDOWS\SYSTEM32\IPHLPAPI.DLL
0x00007ff902000000 - 0x00007ff902008000 	C:\WINDOWS\System32\NSI.dll
0x00007ff8fa410000 - 0x00007ff8fa41a000 	C:\Windows\System32\rasadhlp.dll
0x00007ff8f5dc0000 - 0x00007ff8f5e40000 	C:\WINDOWS\System32\fwpuclnt.dll
0x00007ff8f92d0000 - 0x00007ff8f92d9000 	C:\Users\andyd\.jdks\openjdk-17.0.2\bin\management.dll
0x00007ff8f92b0000 - 0x00007ff8f92bb000 	C:\Users\andyd\.jdks\openjdk-17.0.2\bin\management_ext.dll
0x00007ff8b0c00000 - 0x00007ff8b0c7a000 	C:\Users\andyd\AppData\Local\Temp\lwjgl_andyd\3.3.2+13\x64\lwjgl.dll
0x00007ff8b0b70000 - 0x00007ff8b0bf2000 	C:\Users\andyd\AppData\Local\Temp\lwjgl_andyd\3.3.2+13\x64\glfw.dll
0x00007ff900440000 - 0x00007ff900458000 	C:\WINDOWS\SYSTEM32\CRYPTSP.dll
0x00007ff8ffaf0000 - 0x00007ff8ffb28000 	C:\WINDOWS\system32\rsaenh.dll
0x00007ff900960000 - 0x00007ff90098e000 	C:\WINDOWS\SYSTEM32\USERENV.dll
0x00007ff900430000 - 0x00007ff90043c000 	C:\WINDOWS\SYSTEM32\CRYPTBASE.dll
0x00007ff8cc290000 - 0x00007ff8cc2d5000 	C:\WINDOWS\SYSTEM32\dinput8.dll
0x00007ff8e2500000 - 0x00007ff8e2511000 	C:\WINDOWS\SYSTEM32\xinput1_4.dll
0x00007ff9013e0000 - 0x00007ff90142e000 	C:\WINDOWS\System32\cfgmgr32.dll
0x00007ff900840000 - 0x00007ff900873000 	C:\WINDOWS\SYSTEM32\DEVOBJ.dll
0x00007ff8fe540000 - 0x00007ff8fe56f000 	C:\WINDOWS\SYSTEM32\dwmapi.dll
0x00007ff8e7590000 - 0x00007ff8e76e2000 	C:\WINDOWS\SYSTEM32\inputhost.dll
0x00007ff8fcec0000 - 0x00007ff8fcfb2000 	C:\WINDOWS\SYSTEM32\CoreMessaging.dll
0x00007ff8fd280000 - 0x00007ff8fd3d7000 	C:\WINDOWS\SYSTEM32\wintypes.dll
0x00007ff8fcfc0000 - 0x00007ff8fd0b6000 	C:\WINDOWS\SYSTEM32\PROPSYS.dll
0x00007ff8fc7e0000 - 0x00007ff8fcb3b000 	C:\WINDOWS\SYSTEM32\CoreUIComponents.dll
0x00007ff8ffd40000 - 0x00007ff8ffd73000 	C:\WINDOWS\SYSTEM32\ntmarta.dll
0x00007ff8fe150000 - 0x00007ff8fe1ee000 	C:\WINDOWS\system32\uxtheme.dll
0x00007ff8f9eb0000 - 0x00007ff8f9ec7000 	C:\WINDOWS\SYSTEM32\dhcpcsvc6.DLL
0x0000000180000000 - 0x0000000180272000 	C:\Program Files (x86)\RivaTuner Statistics Server\RTSSHooks64.dll
0x00007ff8f9e90000 - 0x00007ff8f9ead000 	C:\WINDOWS\SYSTEM32\dhcpcsvc.DLL
0x00007ff9021b0000 - 0x00007ff9022c5000 	C:\WINDOWS\System32\MSCTF.dll
0x00007ff8aef50000 - 0x00007ff8af078000 	C:\WINDOWS\SYSTEM32\opengl32.dll
0x00007ff8fa0b0000 - 0x00007ff8fa0dc000 	C:\WINDOWS\SYSTEM32\GLU32.dll
0x00007ff901e90000 - 0x00007ff901f39000 	C:\WINDOWS\System32\clbcatq.dll
0x00007ff877d70000 - 0x00007ff87bffa000 	C:\WINDOWS\System32\DriverStore\FileRepository\nvle.inf_amd64_82ff39a34b899b1d\nvoglv64.dll
0x00007ff902f50000 - 0x00007ff9033c1000 	C:\WINDOWS\System32\SETUPAPI.dll
0x00007ff901680000 - 0x00007ff9017ab000 	C:\WINDOWS\System32\ole32.dll
0x00007ff8fb0f0000 - 0x00007ff8fb104000 	C:\WINDOWS\SYSTEM32\WTSAPI32.dll
0x00007ff900670000 - 0x00007ff900682000 	C:\WINDOWS\SYSTEM32\msasn1.dll
0x00007ff8fa420000 - 0x00007ff8fa451000 	C:\WINDOWS\SYSTEM32\cryptnet.dll
0x00007ff901250000 - 0x00007ff9013ac000 	C:\WINDOWS\System32\CRYPT32.dll
0x00007ff8f57c0000 - 0x00007ff8f5907000 	C:\WINDOWS\SYSTEM32\drvstore.dll
0x00007ff901150000 - 0x00007ff9011b8000 	C:\WINDOWS\System32\WINTRUST.dll
0x00007ff890b90000 - 0x00007ff890ba7000 	C:\WINDOWS\system32\napinsp.dll
0x00007ff890b70000 - 0x00007ff890b8b000 	C:\WINDOWS\system32\pnrpnsp.dll
0x00007ff8f9fb0000 - 0x00007ff8f9fcd000 	C:\WINDOWS\system32\NLAapi.dll
0x00007ff8fd260000 - 0x00007ff8fd275000 	C:\WINDOWS\system32\wshbth.dll
0x00007ff890b50000 - 0x00007ff890b62000 	C:\WINDOWS\System32\winrnr.dll
0x00007ff8fb2d0000 - 0x00007ff8fb30b000 	C:\WINDOWS\SYSTEM32\dxcore.dll
0x00007ff8f8770000 - 0x00007ff8f87c1000 	C:\WINDOWS\SYSTEM32\pdh.dll
0x00007ff8ffff0000 - 0x00007ff90003b000 	C:\WINDOWS\SYSTEM32\powrprof.dll
0x00007ff8ffeb0000 - 0x00007ff8ffec2000 	C:\WINDOWS\SYSTEM32\UMPDC.dll
0x00007ff8ff930000 - 0x00007ff8ff98b000 	C:\WINDOWS\SYSTEM32\WINSTA.dll
0x00007ff8e7ea0000 - 0x00007ff8e7f99000 	C:\WINDOWS\SYSTEM32\textinputframework.dll
0x00007ff8af1e0000 - 0x00007ff8af23e000 	C:\Users\andyd\AppData\Local\Temp\lwjgl_andyd\3.3.2+13\x64\lwjgl_opengl.dll
0x00007ff8f4590000 - 0x00007ff8f459f000 	C:\WINDOWS\System32\perfproc.dll
0x00007ff8cc740000 - 0x00007ff8cc74f000 	C:\WINDOWS\System32\perfos.dll
0x00007ff896bb0000 - 0x00007ff896d3e000 	C:\Users\andyd\.jdks\openjdk-17.0.2\bin\awt.dll
0x00007ff8fd780000 - 0x00007ff8fd814000 	C:\WINDOWS\SYSTEM32\apphelp.dll
0x00007ff8af100000 - 0x00007ff8af189000 	C:\Users\andyd\.jdks\openjdk-17.0.2\bin\freetype.dll
0x00007ff8ade00000 - 0x00007ff8adea8000 	C:\Users\andyd\.jdks\openjdk-17.0.2\bin\fontmanager.dll
0x00007ff863ba0000 - 0x00007ff864394000 	C:\RT\VoluMarch\lib\imgui-java64.dll

dbghelp: loaded successfully - version: 4.0.5 - missing functions: none
symbol engine: initialized successfully - sym options: 0x614 - pdb path: .;C:\Users\andyd\.jdks\openjdk-17.0.2\bin;C:\WINDOWS\SYSTEM32;C:\WINDOWS\WinSxS\amd64_microsoft.windows.common-controls_6595b64144ccf1df_6.0.19041.4355_none_60b8b9eb71f62e16;C:\Users\andyd\.jdks\openjdk-17.0.2\bin\server;C:\Program Files\JetBrains\IntelliJ IDEA 2024.3\bin;C:\Users\andyd\AppData\Local\Temp\lwjgl_andyd\3.3.2+13\x64;C:\Program Files (x86)\RivaTuner Statistics Server;C:\WINDOWS\System32\DriverStore\FileRepository\nvle.inf_amd64_82ff39a34b899b1d;C:\RT\VoluMarch\lib

VM Arguments:
jvm_args: -Djava.library.path=C:\RT\VoluMarch\lib -javaagent:C:\Program Files\JetBrains\IntelliJ IDEA 2024.3\lib\idea_rt.jar=53020:C:\Program Files\JetBrains\IntelliJ IDEA 2024.3\bin -Dfile.encoding=UTF-8 
java_command: VolumeRaymarchLWJGLWithImGui
java_class_path (initial): C:\RT\VoluMarch\out\production\VoluMarch;C:\RT\VoluMarch\lib\lwjgl-glfw-natives-linux.jar;C:\RT\VoluMarch\lib\lwjgl-glfw-natives-windows-arm64.jar;C:\RT\VoluMarch\lib\lwjgl-glfw-natives-windows-x86.jar;C:\RT\VoluMarch\lib\lwjgl-glfw-natives-windows.jar;C:\RT\VoluMarch\lib\lwjgl-glfw.jar;C:\RT\VoluMarch\lib\lwjgl-natives-windows-arm64.jar;C:\RT\VoluMarch\lib\lwjgl-natives-windows.jar;C:\RT\VoluMarch\lib\lwjgl-opengl-natives-windows-arm64.jar;C:\RT\VoluMarch\lib\lwjgl-opengl-natives-windows.jar;C:\RT\VoluMarch\lib\lwjgl-opengl.jar;C:\RT\VoluMarch\lib\lwjgl-stb.jar;C:\RT\VoluMarch\lib\lwjgl.jar;C:\RT\VoluMarch\lib\slick.jar;C:\RT\VoluMarch\lib\lwjgl-stb-natives-windows.jar;C:\RT\VoluMarch\lib\lwjgl-openxr.jar;C:\RT\VoluMarch\lib\lwjgl-openxr-natives-windows.jar;C:\RT\VoluMarch\lib\lwjgl-openxr-natives-windows-arm64.jar;C:\RT\VoluMarch\lib\imgui-app-1.89.0-all.jar;C:\RT\VoluMarch\lib\imgui-app-1.89.0.jar;C:\RT\VoluMarch\lib\imgui-binding-1.89.0.jar;C:\RT\VoluMarch\lib\imgui-lwjgl3-1.89.0.jar
Launcher Type: SUN_STANDARD

[Global flags]
     intx CICompilerCount                          = 3                                         {product} {ergonomic}
     uint ConcGCThreads                            = 2                                         {product} {ergonomic}
     uint G1ConcRefinementThreads                  = 6                                         {product} {ergonomic}
   size_t G1HeapRegionSize                         = 2097152                                   {product} {ergonomic}
    uintx GCDrainStackTargetSize                   = 64                                        {product} {ergonomic}
   size_t InitialHeapSize                          = 268435456                                 {product} {ergonomic}
   size_t MarkStackSize                            = 4194304                                   {product} {ergonomic}
   size_t MaxHeapSize                              = 4278190080                                {product} {ergonomic}
   size_t MaxNewSize                               = 2566914048                                {product} {ergonomic}
   size_t MinHeapDeltaBytes                        = 2097152                                   {product} {ergonomic}
   size_t MinHeapSize                              = 8388608                                   {product} {ergonomic}
    uintx NonNMethodCodeHeapSize                   = 5832780                                {pd product} {ergonomic}
    uintx NonProfiledCodeHeapSize                  = 122912730                              {pd product} {ergonomic}
    uintx ProfiledCodeHeapSize                     = 122912730                              {pd product} {ergonomic}
    uintx ReservedCodeCacheSize                    = 251658240                              {pd product} {ergonomic}
     bool SegmentedCodeCache                       = true                                      {product} {ergonomic}
   size_t SoftMaxHeapSize                          = 4278190080                             {manageable} {ergonomic}
     bool UseCompressedClassPointers               = true                           {product lp64_product} {ergonomic}
     bool UseCompressedOops                        = true                           {product lp64_product} {ergonomic}
     bool UseG1GC                                  = true                                      {product} {ergonomic}
     bool UseLargePagesIndividualAllocation        = false                                  {pd product} {ergonomic}

Logging:
Log output configuration:
 #0: stdout all=warning uptime,level,tags
 #1: stderr all=off uptime,level,tags

Environment Variables:
JAVA_HOME=C:\Program Files\Java\jdk-21
PATH=C:\Python312\Scripts\;C:\Python312\;C:\Program Files\Java\jdk-21\bin;C:\Users\andyd\AppData\Local\Programs\Python\Python310\Scripts\;C:\Users\andyd\AppData\Local\Programs\Python\Python310\;C:\Program Files\Java\jdk-11.0.8\bin;C:\Program Files\apache-maven-3.8.1\bin;C:\Program Files (x86)\Common Files\Oracle\Java\javapath;C:\Program Files\Common Files\Oracle\Java\javapath;C:\Windows\system32;C:\Windows;C:\Windows\System32\Wbem;C:\Windows\System32\WindowsPowerShell\v1.0\;C:\Windows\System32\OpenSSH\;C:\Program Files (x86)\NVIDIA Corporation\PhysX\Common;C:\WINDOWS\system32;C:\WINDOWS;C:\WINDOWS\System32\Wbem;C:\WINDOWS\System32\WindowsPowerShell\v1.0\;C:\WINDOWS\System32\OpenSSH\;C:\ProgramData\chocolatey\bin;C:\Program Files\Git\cmd;C:\Program Files\dotnet\;C:\Program Files\Microsoft SQL Server\130\Tools\Binn\;C:\Program Files\Microsoft SQL Server\Client SDK\ODBC\170\Tools\Binn\;C:\geckodriver-v0.33.0-win32;C:\edgedriver_win64;C:\Program Files\nodejs\;C:\Users\andyd\AppData\Local\Microsoft\WindowsApps;C:\Program Files\JetBrains\IntelliJ IDEA Community Edition 2020.2.3\bin;C:\Program Files\apache-maven-3.8.1\bin;C:\Users\andyd\AppData\Local\atom\bin;C:\Users\andyd\AppData\Local\Programs\Microsoft VS Code\bin;C:\Program Files\JetBrains\IntelliJ IDEA Community Edition 2021.1.1\bin;C:\Users\andyd\AppData\Local\GitHubDesktop\bin;C:\Program Files\node-v14.18.1-win-x64;C:\Program Files\JetBrains\PyCharm Community Edition 2021.2.3\bin;C:\Program Files\JetBrains\IntelliJ IDEA 2022.1\bin;C:\Program Files\JetBrains\DataGrip 2022.1.3\bin;C:\Program Files\JetBrains\PyCharm 2022.2.1\bin;C:\Users\andyd\.dotnet\tools;C:\Users\andyd\AppData\Local\gitkraken\bin;C:\edgedriver_win64;;C:\Program Files\JetBrains\IntelliJ IDEA 2024.3\bin;;C:\Users\andyd\AppData\Roaming\npm;C:\Users\andyd\AppData\Local\Programs\cursor\resources\app\bin
USERNAME=andyd
OS=Windows_NT
PROCESSOR_IDENTIFIER=Intel64 Family 6 Model 158 Stepping 10, GenuineIntel



---------------  S Y S T E M  ---------------

OS:
 Windows 10 , 64 bit Build 19041 (10.0.19041.5438)
OS uptime: 18 days 20:37 hours

CPU: total 6 (initial active 6) (6 cores per cpu, 1 threads per core) family 6 model 158 stepping 10 microcode 0xb4, cx8, cmov, fxsr, mmx, 3dnowpref, sse, sse2, sse3, ssse3, sse4.1, sse4.2, popcnt, lzcnt, tsc, tscinvbit, avx, avx2, aes, erms, clmul, bmi1, bmi2, adx, fma, vzeroupper, clflush, clflushopt

Memory: 4k page, system-wide physical 16313M (2267M free)
TotalPageFile size 29536M (AvailPageFile size 3521M)
current process WorkingSet (physical memory assigned to process): 198M, peak: 198M
current process commit charge ("private bytes"): 487M, peak: 488M

vm_info: OpenJDK 64-Bit Server VM (17.0.2+8-86) for windows-amd64 JRE (17.0.2+8-86), built on Dec  7 2021 21:49:10 by "mach5one" with MS VC++ 16.8 / 16.9 (VS2019)

END.
