#
# A fatal error has been detected by the Java Runtime Environment:
#
#  EXCEPTION_ACCESS_VIOLATION (0xc0000005) at pc=0x00007ffd27472519, pid=16996, tid=452
#
# JRE version: Java(TM) SE Runtime Environment (17.0.2+8) (build 17.0.2+8-LTS-86)
# Java VM: Java HotSpot(TM) 64-Bit Server VM (17.0.2+8-LTS-86, mixed mode, sharing, tiered, compressed oops, compressed class ptrs, g1 gc, windows-amd64)
# Problematic frame:
# C  [ig11icd64.dll+0x5c2519]
#
# No core dump will be written. Minidumps are not enabled by default on client versions of Windows
#
# If you would like to submit a bug report, please visit:
#   https://bugreport.java.com/bugreport/crash.jsp
#

---------------  S U M M A R Y ------------

Command Line: -Djava.library.path=C:\RT\VoluMarch\lib -javaagent:C:\Program Files\JetBrains\IntelliJ IDEA 2024.3.3\lib\idea_rt.jar=57805:C:\Program Files\JetBrains\IntelliJ IDEA 2024.3.3\bin -Dfile.encoding=UTF-8 VolumeRaymarchLWJGLWithImGui

Host: Intel(R) Core(TM) i7-1065G7 CPU @ 1.30GHz, 8 cores, 15G,  Windows 10 , 64 bit Build 19041 (10.0.19041.5438)
Time: Sat Mar 29 19:29:20 2025 W. Europe Standard Time elapsed time: 1.765526 seconds (0d 0h 0m 1s)

---------------  T H R E A D  ---------------

Current thread (0x00000274ce30baf0):  VMThread "VM Thread" [stack: 0x0000007d35600000,0x0000007d35700000] [id=452]

Stack: [0x0000007d35600000,0x0000007d35700000],  sp=0x0000007d356fe4a0,  free space=1017k
Native frames: (J=compiled Java code, j=interpreted, Vv=VM code, C=native code)
C  [ig11icd64.dll+0x5c2519]


siginfo: EXCEPTION_ACCESS_VIOLATION (0xc0000005), reading address 0x00000000000352e8


Register to memory mapping:

RIP=0x00007ffd27472519 ig11icd64.dll
RAX=0x00000274d5a6b870 points into unknown readable memory: 0x000000000000013f | 3f 01 00 00 00 00 00 00
RBX=0x00000274d5a6b760 points into unknown readable memory: 0x00000274cf5638b0 | b0 38 56 cf 74 02 00 00
RCX=0x0 is NULL
RDX=0x00000274d5a6b830 points into unknown readable memory: 0x0000000000000000 | 00 00 00 00 00 00 00 00
RSP=0x0000007d356fe4a0 points into unknown readable memory: 0x00000274cf624220 | 20 42 62 cf 74 02 00 00
RBP=0x00000274d5a6d8c0 points into unknown readable memory: 0x00000274cf5638b0 | b0 38 56 cf 74 02 00 00
RSI=0x00000274d5a6bc78 points into unknown readable memory: 0x00000274d5a6d8c0 | c0 d8 a6 d5 74 02 00 00
RDI=0x00000274cf0c8d00 points into unknown readable memory: 0x0000000000000000 | 00 00 00 00 00 00 00 00
R8 =0x0000000000000008 is an unknown value
R9 =0x0 is NULL
R10=0x0 is NULL
R11=0x0000000000000246 is an unknown value
R12=0x0 is NULL
R13=0x0 is NULL
R14=0x0 is NULL
R15=0x0 is NULL


Registers:
RAX=0x00000274d5a6b870, RBX=0x00000274d5a6b760, RCX=0x0000000000000000, RDX=0x00000274d5a6b830
RSP=0x0000007d356fe4a0, RBP=0x00000274d5a6d8c0, RSI=0x00000274d5a6bc78, RDI=0x00000274cf0c8d00
R8 =0x0000000000000008, R9 =0x0000000000000000, R10=0x0000000000000000, R11=0x0000000000000246
R12=0x0000000000000000, R13=0x0000000000000000, R14=0x0000000000000000, R15=0x0000000000000000
RIP=0x00007ffd27472519, EFLAGS=0x0000000000010202

Top of Stack: (sp=0x0000007d356fe4a0)
0x0000007d356fe4a0:   00000274cf624220 0000000300000020
0x0000007d356fe4b0:   0000007d356fe4e8 0000005400000000
0x0000007d356fe4c0:   00007ffd27e4fc50 0000000000000140
0x0000007d356fe4d0:   00000274d5660200 0000000000000068
0x0000007d356fe4e0:   0000000000000000 00007ffd27453bc2
0x0000007d356fe4f0:   00000274cf624220 00000274cf0c8d00
0x0000007d356fe500:   0000007d356fe5f0 0000000000000000
0x0000007d356fe510:   000000000000a2f4 0000000000000000
0x0000007d356fe520:   0000000000000008 0000007d356fe560
0x0000007d356fe530:   0000007d356fe590 0000007d356fe5d8
0x0000007d356fe540:   000047f86a7f1752 0000007d356fe638
0x0000007d356fe550:   00000274d5da1650 0000000000000000
0x0000007d356fe560:   0000000000140012 00007ffd8ab70318
0x0000007d356fe570:   0000000000000000 00000000ee00fd13
0x0000007d356fe580:   0000000000000000 0000000002000002
0x0000007d356fe590:   0000b802008a0000 000000000000a2f4 

Instructions: (pc=0x00007ffd27472519)
0x00007ffd27472419:   30 44 38 24 01 75 05 e8 e3 13 f9 ff 65 48 8b 04
0x00007ffd27472429:   25 58 00 00 00 41 be 10 00 00 00 48 8b 04 30 4d
0x00007ffd27472439:   8b 34 06 48 85 ed 0f 84 6f 03 00 00 66 66 66 0f
0x00007ffd27472449:   1f 84 00 00 00 00 00 48 8b dd 48 8d b5 18 05 00
0x00007ffd27472459:   00 48 8b 2e 45 84 ff 74 1d 48 8b 0b 48 8b d3 80
0x00007ffd27472469:   bb 6a 05 00 00 00 0f 85 f2 02 00 00 e8 b6 67 fe
0x00007ffd27472479:   ff e9 f4 02 00 00 8b 8f d0 01 00 00 48 8b 05 a4
0x00007ffd27472489:   11 8e 00 83 b8 54 03 00 00 02 0f 85 f4 00 00 00
0x00007ffd27472499:   48 8d 93 d0 00 00 00 83 f9 10 73 04 8b c1 eb 56
0x00007ffd274724a9:   44 8d 41 f0 41 8b c0 c1 e8 04 83 f8 03 73 20 0f
0x00007ffd274724b9:   ae e8 41 83 e0 0f 4c 8b 8c c2 00 04 00 00 4d 85
0x00007ffd274724c9:   c9 74 25 41 8b c0 48 c1 e0 06 49 03 c1 eb 2e 48
0x00007ffd274724d9:   8b 82 18 04 00 00 48 85 c0 74 0d 39 08 74 29 48
0x00007ffd274724e9:   8b 40 48 48 85 c0 75 f3 80 ba 20 04 00 00 00 74
0x00007ffd274724f9:   1d 8b c1 83 e0 0f 48 c1 e0 06 48 03 c2 48 85 c0
0x00007ffd27472509:   74 0c 48 8b 48 08 eb 08 48 83 c0 08 eb ef 33 c9
0x00007ffd27472519:   49 3b 8e e8 52 03 00 76 6b 48 8b 87 80 02 00 00
0x00007ffd27472529:   48 89 06 48 89 9f 80 02 00 00 ff 87 88 02 00 00
0x00007ffd27472539:   48 8b 4b 08 48 8b 01 ba 01 00 00 00 48 8b 80 d8
0x00007ffd27472549:   02 00 00 ff 15 9e 70 58 00 0f b7 c8 48 2b c1 48
0x00007ffd27472559:   05 00 00 01 00 48 01 87 90 02 00 00 48 8b 4b 08
0x00007ffd27472569:   48 8b 01 ba 01 00 00 00 48 8b 80 d8 02 00 00 ff
0x00007ffd27472579:   15 72 70 58 00 48 01 87 a0 02 00 00 41 b4 01 e9
0x00007ffd27472589:   e6 01 00 00 44 8b 9f d0 01 00 00 48 8b 87 e8 01
0x00007ffd27472599:   00 00 4c 8b 10 8b 8f d0 01 00 00 48 8d 93 d0 00
0x00007ffd274725a9:   00 00 83 f9 10 73 04 8b c1 eb 57 44 8d 41 f0 41
0x00007ffd274725b9:   8b c0 c1 e8 04 83 f8 03 73 20 0f ae e8 41 83 e0
0x00007ffd274725c9:   0f 4c 8b 8c c2 00 04 00 00 4d 85 c9 74 26 41 8b
0x00007ffd274725d9:   c0 48 c1 e0 06 49 03 c1 eb 2f 48 8b 82 18 04 00
0x00007ffd274725e9:   00 48 85 c0 74 0e 90 39 08 74 3c 48 8b 40 48 48
0x00007ffd274725f9:   85 c0 75 f3 80 ba 20 04 00 00 00 74 1b 8b c1 83
0x00007ffd27472609:   e0 0f 48 c1 e0 06 48 03 c2 48 85 c0 74 0a 4c 39 


Stack slot to memory mapping:
stack at sp + 0 slots: 0x00000274cf624220 points into unknown readable memory: 0xffffffffffffffff | ff ff ff ff ff ff ff ff
stack at sp + 1 slots: 0x0000000300000020 is an unknown value
stack at sp + 2 slots: 0x0000007d356fe4e8 points into unknown readable memory: 0x00007ffd27453bc2 | c2 3b 45 27 fd 7f 00 00
stack at sp + 3 slots: 0x0000005400000000 is an unknown value
stack at sp + 4 slots: 0x00007ffd27e4fc50 ig11icd64.dll
stack at sp + 5 slots: 0x0000000000000140 is an unknown value
stack at sp + 6 slots: 0x00000274d5660200 points into unknown readable memory: 0x0000000000000000 | 00 00 00 00 00 00 00 00
stack at sp + 7 slots: 0x0000000000000068 is an unknown value

VM_Operation (0x0000007d350fe520): Exit, mode: safepoint, requested by thread 0x00000274ab749b30


---------------  P R O C E S S  ---------------

Threads class SMR info:
_java_thread_list=0x00000274cf625660, length=20, elements={
0x00000274ab749b30, 0x00000274ce310d50, 0x00000274ce313710, 0x00000274ce3261d0,
0x00000274ce326a90, 0x00000274ce329360, 0x00000274ce329d10, 0x00000274ce32bab0,
0x00000274ce334560, 0x00000274ce358460, 0x00000274cedec5e0, 0x00000274cf019be0,
0x00000274cf01a0b0, 0x00000274cf8259e0, 0x00000274cf883e20, 0x00000274cf6095e0,
0x00000274cf8a1df0, 0x00000274d59480a0, 0x00000274d5b150c0, 0x00000274cee9b210
}

Java Threads: ( => current thread )
  0x00000274ab749b30 JavaThread "main" [_thread_blocked, id=11268, stack(0x0000007d35000000,0x0000007d35100000)]
  0x00000274ce310d50 JavaThread "Reference Handler" daemon [_thread_blocked, id=21588, stack(0x0000007d35700000,0x0000007d35800000)]
  0x00000274ce313710 JavaThread "Finalizer" daemon [_thread_blocked, id=23524, stack(0x0000007d35800000,0x0000007d35900000)]
  0x00000274ce3261d0 JavaThread "Signal Dispatcher" daemon [_thread_blocked, id=23372, stack(0x0000007d35900000,0x0000007d35a00000)]
  0x00000274ce326a90 JavaThread "Attach Listener" daemon [_thread_blocked, id=15836, stack(0x0000007d35a00000,0x0000007d35b00000)]
  0x00000274ce329360 JavaThread "Service Thread" daemon [_thread_blocked, id=1224, stack(0x0000007d35b00000,0x0000007d35c00000)]
  0x00000274ce329d10 JavaThread "Monitor Deflation Thread" daemon [_thread_blocked, id=4864, stack(0x0000007d35c00000,0x0000007d35d00000)]
  0x00000274ce32bab0 JavaThread "C2 CompilerThread0" daemon [_thread_blocked, id=20800, stack(0x0000007d35d00000,0x0000007d35e00000)]
  0x00000274ce334560 JavaThread "C1 CompilerThread0" daemon [_thread_blocked, id=2208, stack(0x0000007d35e00000,0x0000007d35f00000)]
  0x00000274ce358460 JavaThread "Sweeper thread" daemon [_thread_blocked, id=4616, stack(0x0000007d35f00000,0x0000007d36000000)]
  0x00000274cedec5e0 JavaThread "Common-Cleaner" daemon [_thread_blocked, id=23244, stack(0x0000007d36000000,0x0000007d36100000)]
  0x00000274cf019be0 JavaThread "Monitor Ctrl-Break" daemon [_thread_in_native, id=5648, stack(0x0000007d36100000,0x0000007d36200000)]
  0x00000274cf01a0b0 JavaThread "Notification Thread" daemon [_thread_blocked, id=15136, stack(0x0000007d36200000,0x0000007d36300000)]
  0x00000274cf8259e0 JavaThread "RMI TCP Accept-0" daemon [_thread_in_native, id=19592, stack(0x0000007d36900000,0x0000007d36a00000)]
  0x00000274cf883e20 JavaThread "RMI TCP Connection(1)-192.168.2.37" daemon [_thread_in_native, id=22312, stack(0x0000007d36b00000,0x0000007d36c00000)]
  0x00000274cf6095e0 JavaThread "RMI Scheduler(0)" daemon [_thread_blocked, id=23020, stack(0x0000007d36800000,0x0000007d36900000)]
  0x00000274cf8a1df0 JavaThread "JMX server connection timeout 20" daemon [_thread_blocked, id=22520, stack(0x0000007d36e00000,0x0000007d36f00000)]
  0x00000274d59480a0 JavaThread "Java2D Disposer" daemon [_thread_blocked, id=19444, stack(0x0000007d36400000,0x0000007d36500000)]
  0x00000274d5b150c0 JavaThread "C2 CompilerThread1" daemon [_thread_blocked, id=15740, stack(0x0000007d37000000,0x0000007d37100000)]
  0x00000274cee9b210 JavaThread "C2 CompilerThread2" daemon [_thread_blocked, id=13768, stack(0x0000007d37100000,0x0000007d37200000)]

Other Threads:
=>0x00000274ce30baf0 VMThread "VM Thread" [stack: 0x0000007d35600000,0x0000007d35700000] [id=452]
  0x00000274ab798ba0 GCTaskThread "GC Thread#0" [stack: 0x0000007d35100000,0x0000007d35200000] [id=504]
  0x00000274d5b1bf40 GCTaskThread "GC Thread#1" [stack: 0x0000007d37200000,0x0000007d37300000] [id=12996]
  0x00000274d5a19070 GCTaskThread "GC Thread#2" [stack: 0x0000007d37300000,0x0000007d37400000] [id=23012]
  0x00000274d5967760 GCTaskThread "GC Thread#3" [stack: 0x0000007d37400000,0x0000007d37500000] [id=3952]
  0x00000274d624cd10 GCTaskThread "GC Thread#4" [stack: 0x0000007d37500000,0x0000007d37600000] [id=21288]
  0x00000274d5b0c9c0 GCTaskThread "GC Thread#5" [stack: 0x0000007d37600000,0x0000007d37700000] [id=9952]
  0x00000274cee8e870 GCTaskThread "GC Thread#6" [stack: 0x0000007d37700000,0x0000007d37800000] [id=15072]
  0x00000274cee8fb40 GCTaskThread "GC Thread#7" [stack: 0x0000007d37800000,0x0000007d37900000] [id=22484]
  0x00000274ab7a9660 ConcurrentGCThread "G1 Main Marker" terminated
  0x00000274ab7a9f70 ConcurrentGCThread "G1 Conc#0" [stack: 0x0000007d35300000,0x0000007d35400000] [id=16620]
  0x00000274ab81e260 ConcurrentGCThread "G1 Refine#0" terminated
  0x00000274d58c3bb0 ConcurrentGCThread "G1 Refine#1" terminated
  0x00000274ab81eb80 ConcurrentGCThread "G1 Service" terminated

Threads with active compile tasks:

VM state: at safepoint (shutting down)

VM Mutex/Monitor currently owned by a thread:  ([mutex/lock_event])
[0x00000274ab744040] Threads_lock - owner thread: 0x00000274ce30baf0
[0x00000274ab7448b0] Heap_lock - owner thread: 0x00000274ab749b30

Heap address: 0x0000000703800000, size: 4040 MB, Compressed Oops mode: Zero based, Oop shift amount: 3

CDS archive(s) mapped at: [0x0000000800000000-0x0000000800bc0000-0x0000000800bc0000), size 12320768, SharedBaseAddress: 0x0000000800000000, ArchiveRelocationMode: 0.
Compressed class space mapped at: 0x0000000800c00000-0x0000000840c00000, reserved size: 1073741824
Narrow klass base: 0x0000000800000000, Narrow klass shift: 0, Narrow klass range: 0x100000000

GC Precious Log:
 CPUs: 8 total, 8 available
 Memory: 16152M
 Large Page Support: Disabled
 NUMA Support: Disabled
 Compressed Oops: Enabled (Zero based)
 Heap Region Size: 2M
 Heap Min Capacity: 8M
 Heap Initial Capacity: 254M
 Heap Max Capacity: 4040M
 Pre-touch: Disabled
 Parallel Workers: 8
 Concurrent Workers: 2
 Concurrent Refinement Workers: 8
 Periodic GC: Disabled

Heap:
 garbage-first heap   total 260096K, used 11649K [0x0000000703800000, 0x0000000800000000)
  region size 2048K, 6 young (12288K), 2 survivors (4096K)
 Metaspace       used 12942K, committed 13184K, reserved 1064960K
  class space    used 1128K, committed 1280K, reserved 1048576K

Heap Regions: E=young(eden), S=young(survivor), O=old, HS=humongous(starts), HC=humongous(continues), CS=collection set, F=free, OA=open archive, CA=closed archive, TAMS=top-at-mark-start (previous, next)
|   0|0x0000000703800000, 0x0000000703960400, 0x0000000703a00000| 68%| O|  |TAMS 0x0000000703800000, 0x0000000703800000| Untracked 
|   1|0x0000000703a00000, 0x0000000703a00000, 0x0000000703c00000|  0%| F|  |TAMS 0x0000000703a00000, 0x0000000703a00000| Untracked 
|   2|0x0000000703c00000, 0x0000000703c00000, 0x0000000703e00000|  0%| F|  |TAMS 0x0000000703c00000, 0x0000000703c00000| Untracked 
|   3|0x0000000703e00000, 0x0000000703e00000, 0x0000000704000000|  0%| F|  |TAMS 0x0000000703e00000, 0x0000000703e00000| Untracked 
|   4|0x0000000704000000, 0x0000000704000000, 0x0000000704200000|  0%| F|  |TAMS 0x0000000704000000, 0x0000000704000000| Untracked 
|   5|0x0000000704200000, 0x0000000704200000, 0x0000000704400000|  0%| F|  |TAMS 0x0000000704200000, 0x0000000704200000| Untracked 
|   6|0x0000000704400000, 0x0000000704400000, 0x0000000704600000|  0%| F|  |TAMS 0x0000000704400000, 0x0000000704400000| Untracked 
|   7|0x0000000704600000, 0x0000000704600000, 0x0000000704800000|  0%| F|  |TAMS 0x0000000704600000, 0x0000000704600000| Untracked 
|   8|0x0000000704800000, 0x0000000704800000, 0x0000000704a00000|  0%| F|  |TAMS 0x0000000704800000, 0x0000000704800000| Untracked 
|   9|0x0000000704a00000, 0x0000000704a00000, 0x0000000704c00000|  0%| F|  |TAMS 0x0000000704a00000, 0x0000000704a00000| Untracked 
|  10|0x0000000704c00000, 0x0000000704c00000, 0x0000000704e00000|  0%| F|  |TAMS 0x0000000704c00000, 0x0000000704c00000| Untracked 
|  11|0x0000000704e00000, 0x0000000704e00000, 0x0000000705000000|  0%| F|  |TAMS 0x0000000704e00000, 0x0000000704e00000| Untracked 
|  12|0x0000000705000000, 0x0000000705000000, 0x0000000705200000|  0%| F|  |TAMS 0x0000000705000000, 0x0000000705000000| Untracked 
|  13|0x0000000705200000, 0x0000000705200000, 0x0000000705400000|  0%| F|  |TAMS 0x0000000705200000, 0x0000000705200000| Untracked 
|  14|0x0000000705400000, 0x0000000705400000, 0x0000000705600000|  0%| F|  |TAMS 0x0000000705400000, 0x0000000705400000| Untracked 
|  15|0x0000000705600000, 0x0000000705600000, 0x0000000705800000|  0%| F|  |TAMS 0x0000000705600000, 0x0000000705600000| Untracked 
|  16|0x0000000705800000, 0x0000000705800000, 0x0000000705a00000|  0%| F|  |TAMS 0x0000000705800000, 0x0000000705800000| Untracked 
|  17|0x0000000705a00000, 0x0000000705a00000, 0x0000000705c00000|  0%| F|  |TAMS 0x0000000705a00000, 0x0000000705a00000| Untracked 
|  18|0x0000000705c00000, 0x0000000705c00000, 0x0000000705e00000|  0%| F|  |TAMS 0x0000000705c00000, 0x0000000705c00000| Untracked 
|  19|0x0000000705e00000, 0x0000000705e00000, 0x0000000706000000|  0%| F|  |TAMS 0x0000000705e00000, 0x0000000705e00000| Untracked 
|  20|0x0000000706000000, 0x0000000706000000, 0x0000000706200000|  0%| F|  |TAMS 0x0000000706000000, 0x0000000706000000| Untracked 
|  21|0x0000000706200000, 0x0000000706200000, 0x0000000706400000|  0%| F|  |TAMS 0x0000000706200000, 0x0000000706200000| Untracked 
|  22|0x0000000706400000, 0x0000000706400000, 0x0000000706600000|  0%| F|  |TAMS 0x0000000706400000, 0x0000000706400000| Untracked 
|  23|0x0000000706600000, 0x0000000706600000, 0x0000000706800000|  0%| F|  |TAMS 0x0000000706600000, 0x0000000706600000| Untracked 
|  24|0x0000000706800000, 0x0000000706800000, 0x0000000706a00000|  0%| F|  |TAMS 0x0000000706800000, 0x0000000706800000| Untracked 
|  25|0x0000000706a00000, 0x0000000706a00000, 0x0000000706c00000|  0%| F|  |TAMS 0x0000000706a00000, 0x0000000706a00000| Untracked 
|  26|0x0000000706c00000, 0x0000000706c00000, 0x0000000706e00000|  0%| F|  |TAMS 0x0000000706c00000, 0x0000000706c00000| Untracked 
|  27|0x0000000706e00000, 0x0000000706e00000, 0x0000000707000000|  0%| F|  |TAMS 0x0000000706e00000, 0x0000000706e00000| Untracked 
|  28|0x0000000707000000, 0x0000000707000000, 0x0000000707200000|  0%| F|  |TAMS 0x0000000707000000, 0x0000000707000000| Untracked 
|  29|0x0000000707200000, 0x0000000707200000, 0x0000000707400000|  0%| F|  |TAMS 0x0000000707200000, 0x0000000707200000| Untracked 
|  30|0x0000000707400000, 0x0000000707400000, 0x0000000707600000|  0%| F|  |TAMS 0x0000000707400000, 0x0000000707400000| Untracked 
|  31|0x0000000707600000, 0x0000000707600000, 0x0000000707800000|  0%| F|  |TAMS 0x0000000707600000, 0x0000000707600000| Untracked 
|  32|0x0000000707800000, 0x0000000707800000, 0x0000000707a00000|  0%| F|  |TAMS 0x0000000707800000, 0x0000000707800000| Untracked 
|  33|0x0000000707a00000, 0x0000000707a00000, 0x0000000707c00000|  0%| F|  |TAMS 0x0000000707a00000, 0x0000000707a00000| Untracked 
|  34|0x0000000707c00000, 0x0000000707c00000, 0x0000000707e00000|  0%| F|  |TAMS 0x0000000707c00000, 0x0000000707c00000| Untracked 
|  35|0x0000000707e00000, 0x0000000707e00000, 0x0000000708000000|  0%| F|  |TAMS 0x0000000707e00000, 0x0000000707e00000| Untracked 
|  36|0x0000000708000000, 0x0000000708000000, 0x0000000708200000|  0%| F|  |TAMS 0x0000000708000000, 0x0000000708000000| Untracked 
|  37|0x0000000708200000, 0x0000000708200000, 0x0000000708400000|  0%| F|  |TAMS 0x0000000708200000, 0x0000000708200000| Untracked 
|  38|0x0000000708400000, 0x0000000708400000, 0x0000000708600000|  0%| F|  |TAMS 0x0000000708400000, 0x0000000708400000| Untracked 
|  39|0x0000000708600000, 0x0000000708600000, 0x0000000708800000|  0%| F|  |TAMS 0x0000000708600000, 0x0000000708600000| Untracked 
|  40|0x0000000708800000, 0x0000000708800000, 0x0000000708a00000|  0%| F|  |TAMS 0x0000000708800000, 0x0000000708800000| Untracked 
|  41|0x0000000708a00000, 0x0000000708a00000, 0x0000000708c00000|  0%| F|  |TAMS 0x0000000708a00000, 0x0000000708a00000| Untracked 
|  42|0x0000000708c00000, 0x0000000708c00000, 0x0000000708e00000|  0%| F|  |TAMS 0x0000000708c00000, 0x0000000708c00000| Untracked 
|  43|0x0000000708e00000, 0x0000000708e00000, 0x0000000709000000|  0%| F|  |TAMS 0x0000000708e00000, 0x0000000708e00000| Untracked 
|  44|0x0000000709000000, 0x0000000709000000, 0x0000000709200000|  0%| F|  |TAMS 0x0000000709000000, 0x0000000709000000| Untracked 
|  45|0x0000000709200000, 0x0000000709200000, 0x0000000709400000|  0%| F|  |TAMS 0x0000000709200000, 0x0000000709200000| Untracked 
|  46|0x0000000709400000, 0x0000000709400000, 0x0000000709600000|  0%| F|  |TAMS 0x0000000709400000, 0x0000000709400000| Untracked 
|  47|0x0000000709600000, 0x0000000709600000, 0x0000000709800000|  0%| F|  |TAMS 0x0000000709600000, 0x0000000709600000| Untracked 
|  48|0x0000000709800000, 0x0000000709800000, 0x0000000709a00000|  0%| F|  |TAMS 0x0000000709800000, 0x0000000709800000| Untracked 
|  49|0x0000000709a00000, 0x0000000709a00000, 0x0000000709c00000|  0%| F|  |TAMS 0x0000000709a00000, 0x0000000709a00000| Untracked 
|  50|0x0000000709c00000, 0x0000000709c00000, 0x0000000709e00000|  0%| F|  |TAMS 0x0000000709c00000, 0x0000000709c00000| Untracked 
|  51|0x0000000709e00000, 0x0000000709e00000, 0x000000070a000000|  0%| F|  |TAMS 0x0000000709e00000, 0x0000000709e00000| Untracked 
|  52|0x000000070a000000, 0x000000070a000000, 0x000000070a200000|  0%| F|  |TAMS 0x000000070a000000, 0x000000070a000000| Untracked 
|  53|0x000000070a200000, 0x000000070a200000, 0x000000070a400000|  0%| F|  |TAMS 0x000000070a200000, 0x000000070a200000| Untracked 
|  54|0x000000070a400000, 0x000000070a400000, 0x000000070a600000|  0%| F|  |TAMS 0x000000070a400000, 0x000000070a400000| Untracked 
|  55|0x000000070a600000, 0x000000070a600000, 0x000000070a800000|  0%| F|  |TAMS 0x000000070a600000, 0x000000070a600000| Untracked 
|  56|0x000000070a800000, 0x000000070a800000, 0x000000070aa00000|  0%| F|  |TAMS 0x000000070a800000, 0x000000070a800000| Untracked 
|  57|0x000000070aa00000, 0x000000070aa00000, 0x000000070ac00000|  0%| F|  |TAMS 0x000000070aa00000, 0x000000070aa00000| Untracked 
|  58|0x000000070ac00000, 0x000000070ac00000, 0x000000070ae00000|  0%| F|  |TAMS 0x000000070ac00000, 0x000000070ac00000| Untracked 
|  59|0x000000070ae00000, 0x000000070ae00000, 0x000000070b000000|  0%| F|  |TAMS 0x000000070ae00000, 0x000000070ae00000| Untracked 
|  60|0x000000070b000000, 0x000000070b000000, 0x000000070b200000|  0%| F|  |TAMS 0x000000070b000000, 0x000000070b000000| Untracked 
|  61|0x000000070b200000, 0x000000070b200000, 0x000000070b400000|  0%| F|  |TAMS 0x000000070b200000, 0x000000070b200000| Untracked 
|  62|0x000000070b400000, 0x000000070b400000, 0x000000070b600000|  0%| F|  |TAMS 0x000000070b400000, 0x000000070b400000| Untracked 
|  63|0x000000070b600000, 0x000000070b600000, 0x000000070b800000|  0%| F|  |TAMS 0x000000070b600000, 0x000000070b600000| Untracked 
|  64|0x000000070b800000, 0x000000070b800000, 0x000000070ba00000|  0%| F|  |TAMS 0x000000070b800000, 0x000000070b800000| Untracked 
|  65|0x000000070ba00000, 0x000000070ba00000, 0x000000070bc00000|  0%| F|  |TAMS 0x000000070ba00000, 0x000000070ba00000| Untracked 
|  66|0x000000070bc00000, 0x000000070bc00000, 0x000000070be00000|  0%| F|  |TAMS 0x000000070bc00000, 0x000000070bc00000| Untracked 
|  67|0x000000070be00000, 0x000000070be00000, 0x000000070c000000|  0%| F|  |TAMS 0x000000070be00000, 0x000000070be00000| Untracked 
|  68|0x000000070c000000, 0x000000070c000000, 0x000000070c200000|  0%| F|  |TAMS 0x000000070c000000, 0x000000070c000000| Untracked 
|  69|0x000000070c200000, 0x000000070c200000, 0x000000070c400000|  0%| F|  |TAMS 0x000000070c200000, 0x000000070c200000| Untracked 
|  70|0x000000070c400000, 0x000000070c400000, 0x000000070c600000|  0%| F|  |TAMS 0x000000070c400000, 0x000000070c400000| Untracked 
|  71|0x000000070c600000, 0x000000070c600000, 0x000000070c800000|  0%| F|  |TAMS 0x000000070c600000, 0x000000070c600000| Untracked 
|  72|0x000000070c800000, 0x000000070c800000, 0x000000070ca00000|  0%| F|  |TAMS 0x000000070c800000, 0x000000070c800000| Untracked 
|  73|0x000000070ca00000, 0x000000070ca00000, 0x000000070cc00000|  0%| F|  |TAMS 0x000000070ca00000, 0x000000070ca00000| Untracked 
|  74|0x000000070cc00000, 0x000000070cc00000, 0x000000070ce00000|  0%| F|  |TAMS 0x000000070cc00000, 0x000000070cc00000| Untracked 
|  75|0x000000070ce00000, 0x000000070ce00000, 0x000000070d000000|  0%| F|  |TAMS 0x000000070ce00000, 0x000000070ce00000| Untracked 
|  76|0x000000070d000000, 0x000000070d000000, 0x000000070d200000|  0%| F|  |TAMS 0x000000070d000000, 0x000000070d000000| Untracked 
|  77|0x000000070d200000, 0x000000070d200000, 0x000000070d400000|  0%| F|  |TAMS 0x000000070d200000, 0x000000070d200000| Untracked 
|  78|0x000000070d400000, 0x000000070d400000, 0x000000070d600000|  0%| F|  |TAMS 0x000000070d400000, 0x000000070d400000| Untracked 
|  79|0x000000070d600000, 0x000000070d600000, 0x000000070d800000|  0%| F|  |TAMS 0x000000070d600000, 0x000000070d600000| Untracked 
|  80|0x000000070d800000, 0x000000070d800000, 0x000000070da00000|  0%| F|  |TAMS 0x000000070d800000, 0x000000070d800000| Untracked 
|  81|0x000000070da00000, 0x000000070da00000, 0x000000070dc00000|  0%| F|  |TAMS 0x000000070da00000, 0x000000070da00000| Untracked 
|  82|0x000000070dc00000, 0x000000070dc00000, 0x000000070de00000|  0%| F|  |TAMS 0x000000070dc00000, 0x000000070dc00000| Untracked 
|  83|0x000000070de00000, 0x000000070de00000, 0x000000070e000000|  0%| F|  |TAMS 0x000000070de00000, 0x000000070de00000| Untracked 
|  84|0x000000070e000000, 0x000000070e000000, 0x000000070e200000|  0%| F|  |TAMS 0x000000070e000000, 0x000000070e000000| Untracked 
|  85|0x000000070e200000, 0x000000070e200000, 0x000000070e400000|  0%| F|  |TAMS 0x000000070e200000, 0x000000070e200000| Untracked 
|  86|0x000000070e400000, 0x000000070e400000, 0x000000070e600000|  0%| F|  |TAMS 0x000000070e400000, 0x000000070e400000| Untracked 
|  87|0x000000070e600000, 0x000000070e600000, 0x000000070e800000|  0%| F|  |TAMS 0x000000070e600000, 0x000000070e600000| Untracked 
|  88|0x000000070e800000, 0x000000070e800000, 0x000000070ea00000|  0%| F|  |TAMS 0x000000070e800000, 0x000000070e800000| Untracked 
|  89|0x000000070ea00000, 0x000000070ea00000, 0x000000070ec00000|  0%| F|  |TAMS 0x000000070ea00000, 0x000000070ea00000| Untracked 
|  90|0x000000070ec00000, 0x000000070ec00000, 0x000000070ee00000|  0%| F|  |TAMS 0x000000070ec00000, 0x000000070ec00000| Untracked 
|  91|0x000000070ee00000, 0x000000070ee00000, 0x000000070f000000|  0%| F|  |TAMS 0x000000070ee00000, 0x000000070ee00000| Untracked 
|  92|0x000000070f000000, 0x000000070f000000, 0x000000070f200000|  0%| F|  |TAMS 0x000000070f000000, 0x000000070f000000| Untracked 
|  93|0x000000070f200000, 0x000000070f200000, 0x000000070f400000|  0%| F|  |TAMS 0x000000070f200000, 0x000000070f200000| Untracked 
|  94|0x000000070f400000, 0x000000070f400000, 0x000000070f600000|  0%| F|  |TAMS 0x000000070f400000, 0x000000070f400000| Untracked 
|  95|0x000000070f600000, 0x000000070f600000, 0x000000070f800000|  0%| F|  |TAMS 0x000000070f600000, 0x000000070f600000| Untracked 
|  96|0x000000070f800000, 0x000000070f800000, 0x000000070fa00000|  0%| F|  |TAMS 0x000000070f800000, 0x000000070f800000| Untracked 
|  97|0x000000070fa00000, 0x000000070fa00000, 0x000000070fc00000|  0%| F|  |TAMS 0x000000070fa00000, 0x000000070fa00000| Untracked 
|  98|0x000000070fc00000, 0x000000070fc00000, 0x000000070fe00000|  0%| F|  |TAMS 0x000000070fc00000, 0x000000070fc00000| Untracked 
|  99|0x000000070fe00000, 0x000000070fe00000, 0x0000000710000000|  0%| F|  |TAMS 0x000000070fe00000, 0x000000070fe00000| Untracked 
| 100|0x0000000710000000, 0x0000000710000000, 0x0000000710200000|  0%| F|  |TAMS 0x0000000710000000, 0x0000000710000000| Untracked 
| 101|0x0000000710200000, 0x0000000710200000, 0x0000000710400000|  0%| F|  |TAMS 0x0000000710200000, 0x0000000710200000| Untracked 
| 102|0x0000000710400000, 0x0000000710400000, 0x0000000710600000|  0%| F|  |TAMS 0x0000000710400000, 0x0000000710400000| Untracked 
| 103|0x0000000710600000, 0x0000000710600000, 0x0000000710800000|  0%| F|  |TAMS 0x0000000710600000, 0x0000000710600000| Untracked 
| 104|0x0000000710800000, 0x0000000710800000, 0x0000000710a00000|  0%| F|  |TAMS 0x0000000710800000, 0x0000000710800000| Untracked 
| 105|0x0000000710a00000, 0x0000000710a00000, 0x0000000710c00000|  0%| F|  |TAMS 0x0000000710a00000, 0x0000000710a00000| Untracked 
| 106|0x0000000710c00000, 0x0000000710c00000, 0x0000000710e00000|  0%| F|  |TAMS 0x0000000710c00000, 0x0000000710c00000| Untracked 
| 107|0x0000000710e00000, 0x0000000710e00000, 0x0000000711000000|  0%| F|  |TAMS 0x0000000710e00000, 0x0000000710e00000| Untracked 
| 108|0x0000000711000000, 0x0000000711000000, 0x0000000711200000|  0%| F|  |TAMS 0x0000000711000000, 0x0000000711000000| Untracked 
| 109|0x0000000711200000, 0x0000000711200000, 0x0000000711400000|  0%| F|  |TAMS 0x0000000711200000, 0x0000000711200000| Untracked 
| 110|0x0000000711400000, 0x0000000711400000, 0x0000000711600000|  0%| F|  |TAMS 0x0000000711400000, 0x0000000711400000| Untracked 
| 111|0x0000000711600000, 0x0000000711600000, 0x0000000711800000|  0%| F|  |TAMS 0x0000000711600000, 0x0000000711600000| Untracked 
| 112|0x0000000711800000, 0x0000000711800000, 0x0000000711a00000|  0%| F|  |TAMS 0x0000000711800000, 0x0000000711800000| Untracked 
| 113|0x0000000711a00000, 0x0000000711a00000, 0x0000000711c00000|  0%| F|  |TAMS 0x0000000711a00000, 0x0000000711a00000| Untracked 
| 114|0x0000000711c00000, 0x0000000711e00000, 0x0000000711e00000|100%| S|CS|TAMS 0x0000000711c00000, 0x0000000711c00000| Complete 
| 115|0x0000000711e00000, 0x0000000712000000, 0x0000000712000000|100%| S|CS|TAMS 0x0000000711e00000, 0x0000000711e00000| Complete 
| 116|0x0000000712000000, 0x0000000712000000, 0x0000000712200000|  0%| F|  |TAMS 0x0000000712000000, 0x0000000712000000| Untracked 
| 117|0x0000000712200000, 0x0000000712200000, 0x0000000712400000|  0%| F|  |TAMS 0x0000000712200000, 0x0000000712200000| Untracked 
| 118|0x0000000712400000, 0x0000000712400000, 0x0000000712600000|  0%| F|  |TAMS 0x0000000712400000, 0x0000000712400000| Untracked 
| 119|0x0000000712600000, 0x0000000712600000, 0x0000000712800000|  0%| F|  |TAMS 0x0000000712600000, 0x0000000712600000| Untracked 
| 120|0x0000000712800000, 0x0000000712800000, 0x0000000712a00000|  0%| F|  |TAMS 0x0000000712800000, 0x0000000712800000| Untracked 
| 121|0x0000000712a00000, 0x0000000712a00000, 0x0000000712c00000|  0%| F|  |TAMS 0x0000000712a00000, 0x0000000712a00000| Untracked 
| 122|0x0000000712c00000, 0x0000000712c00000, 0x0000000712e00000|  0%| F|  |TAMS 0x0000000712c00000, 0x0000000712c00000| Untracked 
| 123|0x0000000712e00000, 0x0000000712ebe0d0, 0x0000000713000000| 37%| E|  |TAMS 0x0000000712e00000, 0x0000000712e00000| Complete 
| 124|0x0000000713000000, 0x0000000713200000, 0x0000000713200000|100%| E|CS|TAMS 0x0000000713000000, 0x0000000713000000| Complete 
| 125|0x0000000713200000, 0x0000000713400000, 0x0000000713400000|100%| E|CS|TAMS 0x0000000713200000, 0x0000000713200000| Complete 
| 126|0x0000000713400000, 0x0000000713600000, 0x0000000713600000|100%| E|CS|TAMS 0x0000000713400000, 0x0000000713400000| Complete 

Card table byte_map: [0x00000274c2ac0000,0x00000274c32b0000] _byte_map_base: 0x00000274bf2a4000

Marking Bits (Prev, Next): (CMBitMap*) 0x00000274ab7990b0, (CMBitMap*) 0x00000274ab7990f0
 Prev Bits: [0x00000274c3aa0000, 0x00000274c79c0000)
 Next Bits: [0x00000274c79c0000, 0x00000274cb8e0000)

Polling page: 0x00000274a9740000

Metaspace:

Usage:
  Non-class:     11.54 MB used.
      Class:      1.10 MB used.
       Both:     12.64 MB used.

Virtual space:
  Non-class space:       16.00 MB reserved,      11.62 MB ( 73%) committed,  2 nodes.
      Class space:        1.00 GB reserved,       1.25 MB ( <1%) committed,  1 nodes.
             Both:        1.02 GB reserved,      12.88 MB (  1%) committed. 

Chunk freelists:
   Non-Class:  144.00 KB
       Class:  2.72 MB
        Both:  2.86 MB

MaxMetaspaceSize: unlimited
CompressedClassSpaceSize: 1.00 GB
Initial GC threshold: 21.00 MB
Current GC threshold: 21.00 MB
CDS: on
MetaspaceReclaimPolicy: balanced
 - commit_granule_bytes: 65536.
 - commit_granule_words: 8192.
 - virtual_space_node_default_size: 1048576.
 - enlarge_chunks_in_place: 1.
 - new_chunks_are_fully_committed: 0.
 - uncommit_free_chunks: 1.
 - use_allocation_guard: 0.
 - handle_deallocations: 1.


Internal statistics:

num_allocs_failed_limit: 0.
num_arena_births: 238.
num_arena_deaths: 0.
num_vsnodes_births: 3.
num_vsnodes_deaths: 0.
num_space_committed: 204.
num_space_uncommitted: 0.
num_chunks_returned_to_freelist: 0.
num_chunks_taken_from_freelist: 452.
num_chunk_merges: 0.
num_chunk_splits: 272.
num_chunks_enlarged: 149.
num_purges: 0.
num_inconsistent_stats: 0.

CodeHeap 'non-profiled nmethods': size=120000Kb used=499Kb max_used=499Kb free=119500Kb
 bounds [0x00000274baa70000, 0x00000274bace0000, 0x00000274c1fa0000]
CodeHeap 'profiled nmethods': size=120000Kb used=2657Kb max_used=2657Kb free=117342Kb
 bounds [0x00000274b3540000, 0x00000274b37e0000, 0x00000274baa70000]
CodeHeap 'non-nmethods': size=5760Kb used=1886Kb max_used=1886Kb free=3873Kb
 bounds [0x00000274b2fa0000, 0x00000274b3210000, 0x00000274b3540000]
 total_blobs=2936 nmethods=1545 adapters=1304
 compilation: enabled
              stopped_count=0, restarted_count=0
 full_count=0

Compilation events (20 events):
Event: 1.226 Thread 0x00000274ce334560 1534       3       jdk.internal.ref.CleanerImpl$PhantomCleanableRef::<init> (12 bytes)
Event: 1.226 Thread 0x00000274ce334560 nmethod 1534 0x00000274b37d4d10 code [0x00000274b37d4ec0, 0x00000274b37d5068]
Event: 1.226 Thread 0x00000274ce334560 1536       3       java.lang.Module::implIsExportedOrOpen (92 bytes)
Event: 1.226 Thread 0x00000274ce334560 nmethod 1536 0x00000274b37d5110 code [0x00000274b37d5340, 0x00000274b37d5a78]
Event: 1.226 Thread 0x00000274ce334560 1537       3       jdk.internal.org.objectweb.asm.MethodWriter::endCurrentBasicBlockWithNoSuccessor (94 bytes)
Event: 1.226 Thread 0x00000274ce334560 nmethod 1537 0x00000274b37d5c10 code [0x00000274b37d5e00, 0x00000274b37d64a8]
Event: 1.226 Thread 0x00000274ce334560 1538       3       java.lang.invoke.InnerClassLambdaMetafactory::getOpcodeOffset (38 bytes)
Event: 1.226 Thread 0x00000274ce334560 nmethod 1538 0x00000274b37d6690 code [0x00000274b37d6860, 0x00000274b37d6b38]
Event: 1.226 Thread 0x00000274ce334560 1540       3       jdk.internal.org.objectweb.asm.ClassWriter::<init> (7 bytes)
Event: 1.227 Thread 0x00000274ce334560 nmethod 1540 0x00000274b37d6c10 code [0x00000274b37d6dc0, 0x00000274b37d6f08]
Event: 1.227 Thread 0x00000274ce334560 1541       3       jdk.internal.org.objectweb.asm.ClassWriter::<init> (68 bytes)
Event: 1.227 Thread 0x00000274ce334560 nmethod 1541 0x00000274b37d6f90 code [0x00000274b37d7160, 0x00000274b37d7608]
Event: 1.229 Thread 0x00000274ce334560 1542       1       java.util.zip.ZipEntry::getName (5 bytes)
Event: 1.229 Thread 0x00000274ce334560 nmethod 1542 0x00000274baaec990 code [0x00000274baaecb20, 0x00000274baaecbf8]
Event: 1.229 Thread 0x00000274ce334560 1543       3       jdk.internal.loader.URLClassPath::getResource (74 bytes)
Event: 1.229 Thread 0x00000274ce334560 nmethod 1543 0x00000274b37d7790 code [0x00000274b37d7960, 0x00000274b37d7cb8]
Event: 1.229 Thread 0x00000274ce334560 1544       3       java.util.ArrayDeque::addLast (51 bytes)
Event: 1.230 Thread 0x00000274ce334560 nmethod 1544 0x00000274b37d7e10 code [0x00000274b37d7fe0, 0x00000274b37d84b8]
Event: 1.237 Thread 0x00000274ce334560 1545       1       java.util.concurrent.CopyOnWriteArrayList::getArray (5 bytes)
Event: 1.237 Thread 0x00000274ce334560 nmethod 1545 0x00000274baaecc90 code [0x00000274baaece20, 0x00000274baaecef8]

GC Heap History (2 events):
Event: 1.138 GC heap before
{Heap before GC invocations=0 (full 0):
 garbage-first heap   total 260096K, used 20480K [0x0000000703800000, 0x0000000800000000)
  region size 2048K, 11 young (22528K), 0 survivors (0K)
 Metaspace       used 11989K, committed 12224K, reserved 1064960K
  class space    used 1095K, committed 1216K, reserved 1048576K
}
Event: 1.142 GC heap after
{Heap after GC invocations=1 (full 0):
 garbage-first heap   total 260096K, used 5505K [0x0000000703800000, 0x0000000800000000)
  region size 2048K, 2 young (4096K), 2 survivors (4096K)
 Metaspace       used 11989K, committed 12224K, reserved 1064960K
  class space    used 1095K, committed 1216K, reserved 1048576K
}

Deoptimization events (20 events):
Event: 1.048 Thread 0x00000274ab749b30 DEOPT PACKING pc=0x00000274baab2220 sp=0x0000007d350fd210
Event: 1.048 Thread 0x00000274ab749b30 DEOPT UNPACKING pc=0x00000274b2ff5c23 sp=0x0000007d350fd140 mode 2
Event: 1.048 Thread 0x00000274ab749b30 Uncommon trap: trap_request=0xffffffc6 fr.pc=0x00000274baab2220 relative=0x0000000000001260
Event: 1.048 Thread 0x00000274ab749b30 Uncommon trap: reason=bimorphic_or_optimized_type_check action=maybe_recompile pc=0x00000274baab2220 method=java.util.HashMap.putVal(ILjava/lang/Object;Ljava/lang/Object;ZZ)Ljava/lang/Object; @ 56 c2
Event: 1.048 Thread 0x00000274ab749b30 DEOPT PACKING pc=0x00000274baab2220 sp=0x0000007d350fd210
Event: 1.048 Thread 0x00000274ab749b30 DEOPT UNPACKING pc=0x00000274b2ff5c23 sp=0x0000007d350fd140 mode 2
Event: 1.048 Thread 0x00000274ab749b30 Uncommon trap: trap_request=0xffffffc6 fr.pc=0x00000274baab2220 relative=0x0000000000001260
Event: 1.048 Thread 0x00000274ab749b30 Uncommon trap: reason=bimorphic_or_optimized_type_check action=maybe_recompile pc=0x00000274baab2220 method=java.util.HashMap.putVal(ILjava/lang/Object;Ljava/lang/Object;ZZ)Ljava/lang/Object; @ 56 c2
Event: 1.048 Thread 0x00000274ab749b30 DEOPT PACKING pc=0x00000274baab2220 sp=0x0000007d350fd210
Event: 1.048 Thread 0x00000274ab749b30 DEOPT UNPACKING pc=0x00000274b2ff5c23 sp=0x0000007d350fd140 mode 2
Event: 1.048 Thread 0x00000274ab749b30 Uncommon trap: trap_request=0xffffffc6 fr.pc=0x00000274baab2220 relative=0x0000000000001260
Event: 1.048 Thread 0x00000274ab749b30 Uncommon trap: reason=bimorphic_or_optimized_type_check action=maybe_recompile pc=0x00000274baab2220 method=java.util.HashMap.putVal(ILjava/lang/Object;Ljava/lang/Object;ZZ)Ljava/lang/Object; @ 56 c2
Event: 1.048 Thread 0x00000274ab749b30 DEOPT PACKING pc=0x00000274baab2220 sp=0x0000007d350fd210
Event: 1.048 Thread 0x00000274ab749b30 DEOPT UNPACKING pc=0x00000274b2ff5c23 sp=0x0000007d350fd140 mode 2
Event: 1.048 Thread 0x00000274ab749b30 Uncommon trap: trap_request=0xffffffc6 fr.pc=0x00000274baab61fc relative=0x00000000000012bc
Event: 1.048 Thread 0x00000274ab749b30 Uncommon trap: reason=bimorphic_or_optimized_type_check action=maybe_recompile pc=0x00000274baab61fc method=java.util.HashMap.putVal(ILjava/lang/Object;Ljava/lang/Object;ZZ)Ljava/lang/Object; @ 56 c2
Event: 1.048 Thread 0x00000274ab749b30 DEOPT PACKING pc=0x00000274baab61fc sp=0x0000007d350fd180
Event: 1.048 Thread 0x00000274ab749b30 DEOPT UNPACKING pc=0x00000274b2ff5c23 sp=0x0000007d350fd138 mode 2
Event: 1.184 Thread 0x00000274ab749b30 DEOPT PACKING pc=0x00000274b37cd20a sp=0x0000007d350fef40
Event: 1.184 Thread 0x00000274ab749b30 DEOPT UNPACKING pc=0x00000274b2ff6763 sp=0x0000007d350fe4e8 mode 0

Classes unloaded (0 events):
No events

Classes redefined (0 events):
No events

Internal exceptions (20 events):
Event: 0.236 Thread 0x00000274ab749b30 Exception <a 'java/lang/NoSuchMethodError'{0x0000000712f803b0}: 'java.lang.Object java.lang.invoke.Invokers$Holder.linkToTargetMethod(java.lang.Object, long, java.lang.Object)'> (0x0000000712f803b0) 
thrown [t:\workspace\open\src\hotspot\share\interpreter\linkResolver.cpp, line 766]
Event: 0.237 Thread 0x00000274ab749b30 Exception <a 'java/lang/NoSuchMethodError'{0x0000000712f87ac8}: 'int java.lang.invoke.DirectMethodHandle$Holder.invokeStaticInit(java.lang.Object, java.lang.Object, java.lang.Object, long)'> (0x0000000712f87ac8) 
thrown [t:\workspace\open\src\hotspot\share\interpreter\linkResolver.cpp, line 766]
Event: 0.266 Thread 0x00000274ab749b30 Exception <a 'sun/nio/fs/WindowsException'{0x0000000712cbba90}> (0x0000000712cbba90) 
thrown [t:\workspace\open\src\hotspot\share\prims\jni.cpp, line 516]
Event: 0.266 Thread 0x00000274ab749b30 Exception <a 'sun/nio/fs/WindowsException'{0x0000000712cbbe08}> (0x0000000712cbbe08) 
thrown [t:\workspace\open\src\hotspot\share\prims\jni.cpp, line 516]
Event: 0.326 Thread 0x00000274ce326a90 Exception <a 'java/lang/NoSuchMethodError'{0x0000000712a135a8}: 'void java.lang.invoke.DirectMethodHandle$Holder.invokeStatic(java.lang.Object, java.lang.Object, java.lang.Object)'> (0x0000000712a135a8) 
thrown [t:\workspace\open\src\hotspot\share\interpreter\linkResolver.cpp, line 766]
Event: 0.362 Thread 0x00000274ce326a90 Exception <a 'java/lang/NoSuchMethodError'{0x0000000712abe578}: 'java.lang.Object java.lang.invoke.DirectMethodHandle$Holder.invokeStaticInit(java.lang.Object, int, int, int, int)'> (0x0000000712abe578) 
thrown [t:\workspace\open\src\hotspot\share\interpreter\linkResolver.cpp, line 766]
Event: 0.419 Thread 0x00000274ce326a90 Exception <a 'java/lang/NoSuchMethodError'{0x0000000712b93ed8}: 'java.lang.Object java.lang.invoke.DirectMethodHandle$Holder.invokeStaticInit(java.lang.Object, java.lang.Object, int, int, int, int)'> (0x0000000712b93ed8) 
thrown [t:\workspace\open\src\hotspot\share\interpreter\linkResolver.cpp, line 766]
Event: 0.430 Thread 0x00000274ce326a90 Exception <a 'java/lang/ClassNotFoundException'{0x0000000712bb2988}: javax/management/remote/rmi/RMIServerImpl_Skel> (0x0000000712bb2988) 
thrown [t:\workspace\open\src\hotspot\share\classfile\systemDictionary.cpp, line 256]
Event: 0.490 Thread 0x00000274cf883e20 Exception <a 'java/lang/NoSuchMethodError'{0x00000007128d5560}: static [B.<clinit>()V> (0x00000007128d5560) 
thrown [t:\workspace\open\src\hotspot\share\prims\jni.cpp, line 1107]
Event: 0.498 Thread 0x00000274cf883e20 Exception <a 'java/lang/ClassNotFoundException'{0x00000007129673f8}: javax/management/remote/rmi/RMIConnectionImpl_Skel> (0x00000007129673f8) 
thrown [t:\workspace\open\src\hotspot\share\classfile\systemDictionary.cpp, line 256]
Event: 0.545 Thread 0x00000274ab749b30 Exception <a 'sun/nio/fs/WindowsException'{0x0000000712629c48}> (0x0000000712629c48) 
thrown [t:\workspace\open\src\hotspot\share\prims\jni.cpp, line 516]
Event: 0.545 Thread 0x00000274ab749b30 Exception <a 'sun/nio/fs/WindowsException'{0x0000000712629ff8}> (0x0000000712629ff8) 
thrown [t:\workspace\open\src\hotspot\share\prims\jni.cpp, line 516]
Event: 0.550 Thread 0x00000274ab749b30 Exception <a 'sun/nio/fs/WindowsException'{0x00000007126363f8}> (0x00000007126363f8) 
thrown [t:\workspace\open\src\hotspot\share\prims\jni.cpp, line 516]
Event: 0.550 Thread 0x00000274ab749b30 Exception <a 'sun/nio/fs/WindowsException'{0x00000007126366e8}> (0x00000007126366e8) 
thrown [t:\workspace\open\src\hotspot\share\prims\jni.cpp, line 516]
Event: 0.991 Thread 0x00000274ab749b30 Exception <a 'java/lang/ClassNotFoundException'{0x00000007125b3940}: sun/awt/resources/spi/awtProvider> (0x00000007125b3940) 
thrown [t:\workspace\open\src\hotspot\share\classfile\systemDictionary.cpp, line 256]
Event: 0.997 Thread 0x00000274ab749b30 Exception <a 'java/io/FileNotFoundException'{0x00000007125c1bc0}> (0x00000007125c1bc0) 
thrown [t:\workspace\open\src\hotspot\share\prims\jni.cpp, line 516]
Event: 1.001 Thread 0x00000274ab749b30 Exception <a 'java/io/FileNotFoundException'{0x00000007125eecd8}> (0x00000007125eecd8) 
thrown [t:\workspace\open\src\hotspot\share\prims\jni.cpp, line 516]
Event: 1.225 Thread 0x00000274ab749b30 Exception <a 'java/lang/NoSuchMethodError'{0x0000000712e4c340}: 'void java.lang.invoke.DirectMethodHandle$Holder.invokeVirtual(java.lang.Object, java.lang.Object, long, double, double)'> (0x0000000712e4c340) 
thrown [t:\workspace\open\src\hotspot\share\interpreter\linkResolver.cpp, line 766]
Event: 1.225 Thread 0x00000274ab749b30 Exception <a 'java/lang/NoSuchMethodError'{0x0000000712e51e90}: 'void java.lang.invoke.DirectMethodHandle$Holder.invokeVirtual(java.lang.Object, java.lang.Object, long, int, int, int)'> (0x0000000712e51e90) 
thrown [t:\workspace\open\src\hotspot\share\interpreter\linkResolver.cpp, line 766]
Event: 1.226 Thread 0x00000274ab749b30 Exception <a 'java/lang/NoSuchMethodError'{0x0000000712e5bed0}: 'void java.lang.invoke.DirectMethodHandle$Holder.invokeVirtual(java.lang.Object, java.lang.Object, long, int, int, int, int)'> (0x0000000712e5bed0) 
thrown [t:\workspace\open\src\hotspot\share\interpreter\linkResolver.cpp, line 766]

VM Operations (20 events):
Event: 0.073 Executing VM operation: HandshakeAllThreads done
Event: 0.214 Executing VM operation: HandshakeAllThreads
Event: 0.214 Executing VM operation: HandshakeAllThreads done
Event: 0.352 Executing VM operation: HandshakeAllThreads
Event: 0.352 Executing VM operation: HandshakeAllThreads done
Event: 0.498 Executing VM operation: HandshakeAllThreads
Event: 0.498 Executing VM operation: HandshakeAllThreads done
Event: 0.577 Executing VM operation: ICBufferFull
Event: 0.578 Executing VM operation: ICBufferFull done
Event: 0.616 Executing VM operation: HandshakeAllThreads
Event: 0.616 Executing VM operation: HandshakeAllThreads done
Event: 1.025 Executing VM operation: HandshakeAllThreads
Event: 1.025 Executing VM operation: HandshakeAllThreads done
Event: 1.048 Executing VM operation: HandshakeAllThreads
Event: 1.048 Executing VM operation: HandshakeAllThreads done
Event: 1.063 Executing VM operation: HandshakeAllThreads
Event: 1.063 Executing VM operation: HandshakeAllThreads done
Event: 1.138 Executing VM operation: G1CollectForAllocation
Event: 1.143 Executing VM operation: G1CollectForAllocation done
Event: 1.237 Executing VM operation: Exit

Events (20 events):
Event: 1.115 loading class com/sun/imageio/plugins/common/ReaderUtil done
Event: 1.209 loading class java/nio/file/AccessDeniedException
Event: 1.209 loading class java/nio/file/AccessDeniedException done
Event: 1.210 loading class java/io/UncheckedIOException
Event: 1.210 loading class java/io/UncheckedIOException done
Event: 1.212 Loaded shared library C:\RT\VoluMarch\lib\imgui-java64.dll
Event: 1.236 loading class java/lang/Throwable$WrappedPrintStream
Event: 1.236 loading class java/lang/Throwable$PrintStreamOrWriter
Event: 1.236 loading class java/lang/Throwable$PrintStreamOrWriter done
Event: 1.236 loading class java/lang/Throwable$WrappedPrintStream done
Event: 1.236 loading class java/lang/StackTraceElement$HashedModules
Event: 1.236 loading class java/lang/StackTraceElement$HashedModules done
Event: 1.236 Thread 0x00000274d5948570 Thread added: 0x00000274d5948570
Event: 1.236 Thread 0x00000274d5947700 Thread added: 0x00000274d5947700
Event: 1.237 loading class java/util/WeakHashMap$KeyIterator
Event: 1.237 loading class java/util/WeakHashMap$HashIterator
Event: 1.237 Thread 0x00000274d5948570 Thread exited: 0x00000274d5948570
Event: 1.237 loading class java/util/WeakHashMap$HashIterator done
Event: 1.237 loading class java/util/WeakHashMap$KeyIterator done
Event: 1.237 Thread 0x00000274d5947700 Thread exited: 0x00000274d5947700


Dynamic libraries:
0x00007ff7cc860000 - 0x00007ff7cc870000 	C:\Program Files\Java\jdk-17.0.2\bin\java.exe
0x00007ffd9c610000 - 0x00007ffd9c808000 	C:\Windows\SYSTEM32\ntdll.dll
0x00007ffd9b580000 - 0x00007ffd9b642000 	C:\Windows\System32\KERNEL32.DLL
0x00007ffd99df0000 - 0x00007ffd9a0ef000 	C:\Windows\System32\KERNELBASE.dll
0x00007ffd9a0f0000 - 0x00007ffd9a1f0000 	C:\Windows\System32\ucrtbase.dll
0x00007ffd93650000 - 0x00007ffd93668000 	C:\Program Files\Java\jdk-17.0.2\bin\jli.dll
0x00007ffd93630000 - 0x00007ffd9364a000 	C:\Program Files\Java\jdk-17.0.2\bin\VCRUNTIME140.dll
0x00007ffd9b650000 - 0x00007ffd9b6ff000 	C:\Windows\System32\ADVAPI32.dll
0x00007ffd9c080000 - 0x00007ffd9c11e000 	C:\Windows\System32\msvcrt.dll
0x00007ffd9c180000 - 0x00007ffd9c21f000 	C:\Windows\System32\sechost.dll
0x00007ffd9a630000 - 0x00007ffd9a753000 	C:\Windows\System32\RPCRT4.dll
0x00007ffd99cb0000 - 0x00007ffd99cd7000 	C:\Windows\System32\bcrypt.dll
0x00007ffd9aa30000 - 0x00007ffd9abcd000 	C:\Windows\System32\USER32.dll
0x00007ffd9a500000 - 0x00007ffd9a522000 	C:\Windows\System32\win32u.dll
0x00007ffd9a760000 - 0x00007ffd9a78b000 	C:\Windows\System32\GDI32.dll
0x00007ffd9a3e0000 - 0x00007ffd9a4fa000 	C:\Windows\System32\gdi32full.dll
0x00007ffd99d50000 - 0x00007ffd99ded000 	C:\Windows\System32\msvcp_win.dll
0x00007ffd7c790000 - 0x00007ffd7ca2a000 	C:\Windows\WinSxS\amd64_microsoft.windows.common-controls_6595b64144ccf1df_6.0.19041.4355_none_60b8b9eb71f62e16\COMCTL32.dll
0x00007ffd91200000 - 0x00007ffd9120a000 	C:\Windows\SYSTEM32\VERSION.dll
0x00007ffd9c5a0000 - 0x00007ffd9c5cf000 	C:\Windows\System32\IMM32.DLL
0x00007ffd91ea0000 - 0x00007ffd91eac000 	C:\Program Files\Java\jdk-17.0.2\bin\vcruntime140_1.dll
0x00007ffd7cb20000 - 0x00007ffd7cbad000 	C:\Program Files\Java\jdk-17.0.2\bin\msvcp140.dll
0x00007ffd3b980000 - 0x00007ffd3c541000 	C:\Program Files\Java\jdk-17.0.2\bin\server\jvm.dll
0x00007ffd977d0000 - 0x00007ffd977f7000 	C:\Windows\SYSTEM32\WINMM.dll
0x00007ffd6e060000 - 0x00007ffd6e069000 	C:\Windows\SYSTEM32\WSOCK32.dll
0x00007ffd9b3a0000 - 0x00007ffd9b3a8000 	C:\Windows\System32\PSAPI.DLL
0x00007ffd9b430000 - 0x00007ffd9b49b000 	C:\Windows\System32\WS2_32.dll
0x00007ffd984d0000 - 0x00007ffd984e2000 	C:\Windows\SYSTEM32\kernel.appcore.dll
0x00007ffd91e90000 - 0x00007ffd91e9a000 	C:\Program Files\Java\jdk-17.0.2\bin\jimage.dll
0x00007ffd975c0000 - 0x00007ffd977a4000 	C:\Windows\SYSTEM32\DBGHELP.DLL
0x00007ffd97800000 - 0x00007ffd97834000 	C:\Windows\SYSTEM32\dbgcore.DLL
0x00007ffd9a350000 - 0x00007ffd9a3d2000 	C:\Windows\System32\bcryptPrimitives.dll
0x00007ffd903b0000 - 0x00007ffd903be000 	C:\Program Files\Java\jdk-17.0.2\bin\instrument.dll
0x00007ffd90470000 - 0x00007ffd90495000 	C:\Program Files\Java\jdk-17.0.2\bin\java.dll
0x00007ffd66c30000 - 0x00007ffd66d06000 	C:\Program Files\Java\jdk-17.0.2\bin\jsvml.dll
0x00007ffd9ac30000 - 0x00007ffd9b39d000 	C:\Windows\System32\SHELL32.dll
0x00007ffd97d10000 - 0x00007ffd984b4000 	C:\Windows\SYSTEM32\windows.storage.dll
0x00007ffd9bc90000 - 0x00007ffd9bfe5000 	C:\Windows\System32\combase.dll
0x00007ffd996e0000 - 0x00007ffd9970b000 	C:\Windows\SYSTEM32\Wldp.dll
0x00007ffd9c340000 - 0x00007ffd9c40d000 	C:\Windows\System32\OLEAUT32.dll
0x00007ffd9b4c0000 - 0x00007ffd9b56d000 	C:\Windows\System32\SHCORE.dll
0x00007ffd9c540000 - 0x00007ffd9c595000 	C:\Windows\System32\shlwapi.dll
0x00007ffd99be0000 - 0x00007ffd99c05000 	C:\Windows\SYSTEM32\profapi.dll
0x00007ffd8e480000 - 0x00007ffd8e498000 	C:\Program Files\Java\jdk-17.0.2\bin\zip.dll
0x00007ffd8e550000 - 0x00007ffd8e569000 	C:\Program Files\Java\jdk-17.0.2\bin\net.dll
0x00007ffd96c60000 - 0x00007ffd96d6a000 	C:\Windows\SYSTEM32\WINHTTP.dll
0x00007ffd99440000 - 0x00007ffd994ac000 	C:\Windows\system32\mswsock.dll
0x00007ffd8e4a0000 - 0x00007ffd8e4b6000 	C:\Program Files\Java\jdk-17.0.2\bin\nio.dll
0x00007ffd8e3d0000 - 0x00007ffd8e3ea000 	C:\Program Files\JetBrains\IntelliJ IDEA 2024.3.3\bin\breakgen64.dll
0x00007ffd99110000 - 0x00007ffd991da000 	C:\Windows\SYSTEM32\DNSAPI.dll
0x00007ffd990d0000 - 0x00007ffd9910b000 	C:\Windows\SYSTEM32\IPHLPAPI.DLL
0x00007ffd9a940000 - 0x00007ffd9a948000 	C:\Windows\System32\NSI.dll
0x00007ffd91250000 - 0x00007ffd9125a000 	C:\Windows\System32\rasadhlp.dll
0x00007ffd8ebf0000 - 0x00007ffd8ec70000 	C:\Windows\System32\fwpuclnt.dll
0x00007ffd8e540000 - 0x00007ffd8e549000 	C:\Program Files\Java\jdk-17.0.2\bin\management.dll
0x00007ffd73e50000 - 0x00007ffd73eca000 	C:\Users\Lenovo\AppData\Local\Temp\lwjgl_Lenovo\3.3.2+13\x64\lwjgl.dll
0x00007ffd8e3c0000 - 0x00007ffd8e3cb000 	C:\Program Files\Java\jdk-17.0.2\bin\management_ext.dll
0x00007ffd64a50000 - 0x00007ffd64ad2000 	C:\Users\Lenovo\AppData\Local\Temp\lwjgl_Lenovo\3.3.2+13\x64\glfw.dll
0x00007ffd74240000 - 0x00007ffd74285000 	C:\Windows\SYSTEM32\dinput8.dll
0x00007ffd8c960000 - 0x00007ffd8c971000 	C:\Windows\SYSTEM32\xinput1_4.dll
0x00007ffd9a5e0000 - 0x00007ffd9a62e000 	C:\Windows\System32\cfgmgr32.dll
0x00007ffd99a50000 - 0x00007ffd99a83000 	C:\Windows\SYSTEM32\DEVOBJ.dll
0x00007ffd971b0000 - 0x00007ffd971df000 	C:\Windows\SYSTEM32\dwmapi.dll
0x00007ffd81bb0000 - 0x00007ffd81d02000 	C:\Windows\SYSTEM32\inputhost.dll
0x00007ffd91a00000 - 0x00007ffd91af2000 	C:\Windows\SYSTEM32\CoreMessaging.dll
0x00007ffd92b20000 - 0x00007ffd92c77000 	C:\Windows\SYSTEM32\wintypes.dll
0x00007ffd93100000 - 0x00007ffd931f6000 	C:\Windows\SYSTEM32\PROPSYS.dll
0x00007ffd908e0000 - 0x00007ffd90c3b000 	C:\Windows\SYSTEM32\CoreUIComponents.dll
0x00007ffd98f40000 - 0x00007ffd98f73000 	C:\Windows\SYSTEM32\ntmarta.dll
0x00007ffd938b0000 - 0x00007ffd9394e000 	C:\Windows\system32\uxtheme.dll
0x00007ffd9c220000 - 0x00007ffd9c335000 	C:\Windows\System32\MSCTF.dll
0x00007ffd52be0000 - 0x00007ffd52d08000 	C:\Windows\SYSTEM32\opengl32.dll
0x00007ffd534f0000 - 0x00007ffd5351c000 	C:\Windows\SYSTEM32\GLU32.dll
0x00007ffd9bb80000 - 0x00007ffd9bc29000 	C:\Windows\System32\clbcatq.dll
0x00007ffd99630000 - 0x00007ffd99648000 	C:\Windows\SYSTEM32\CRYPTSP.dll
0x00007ffd98cf0000 - 0x00007ffd98d28000 	C:\Windows\system32\rsaenh.dll
0x00007ffd99b60000 - 0x00007ffd99b8e000 	C:\Windows\SYSTEM32\USERENV.dll
0x00007ffd99650000 - 0x00007ffd9965c000 	C:\Windows\SYSTEM32\CRYPTBASE.dll
0x00007ffd92300000 - 0x00007ffd92317000 	C:\Windows\SYSTEM32\dhcpcsvc6.DLL
0x00007ffd922e0000 - 0x00007ffd922fd000 	C:\Windows\SYSTEM32\dhcpcsvc.DLL
0x00007ffd26eb0000 - 0x00007ffd27f1b000 	C:\Windows\System32\DriverStore\FileRepository\iigd_dch.inf_amd64_e8ea786461261bbf\ig11icd64.dll
0x00007ffd9c410000 - 0x00007ffd9c53b000 	C:\Windows\System32\ole32.dll
0x00007ffd98580000 - 0x00007ffd98676000 	C:\Windows\system32\dxgi.dll
0x00007ffd3ce70000 - 0x00007ffd3d277000 	C:\Windows\System32\DriverStore\FileRepository\iigd_dch.inf_amd64_e8ea786461261bbf\igdml64.dll
0x00007ffd874a0000 - 0x00007ffd8774a000 	C:\Windows\System32\DriverStore\FileRepository\iigd_dch.inf_amd64_e8ea786461261bbf\igdgmm64.dll
0x00007ffd6e720000 - 0x00007ffd6e737000 	C:\Windows\system32\napinsp.dll
0x00007ffd6e350000 - 0x00007ffd6e36b000 	C:\Windows\system32\pnrpnsp.dll
0x00007ffd92aa0000 - 0x00007ffd92ab5000 	C:\Windows\system32\wshbth.dll
0x00007ffd92970000 - 0x00007ffd9298d000 	C:\Windows\system32\NLAapi.dll
0x00007ffd6e330000 - 0x00007ffd6e342000 	C:\Windows\System32\winrnr.dll
0x00007ffd848c0000 - 0x00007ffd8744f000 	C:\Windows\System32\DriverStore\FileRepository\iigd_dch.inf_amd64_e8ea786461261bbf\igc64.dll
0x00007ffd991f0000 - 0x00007ffd9923b000 	C:\Windows\SYSTEM32\powrprof.dll
0x00007ffd990b0000 - 0x00007ffd990c2000 	C:\Windows\SYSTEM32\UMPDC.dll
0x00007ffd8ab30000 - 0x00007ffd8ab81000 	C:\Windows\SYSTEM32\pdh.dll
0x00007ffd81d10000 - 0x00007ffd81e09000 	C:\Windows\SYSTEM32\textinputframework.dll
0x00007ffd667e0000 - 0x00007ffd6683e000 	C:\Users\Lenovo\AppData\Local\Temp\lwjgl_Lenovo\3.3.2+13\x64\lwjgl_opengl.dll
0x00007ffd8c950000 - 0x00007ffd8c95f000 	C:\Windows\System32\perfproc.dll
0x00007ffd5d9c0000 - 0x00007ffd5d9cf000 	C:\Windows\System32\perfos.dll
0x00007ffd63cb0000 - 0x00007ffd63e3f000 	C:\Program Files\Java\jdk-17.0.2\bin\awt.dll
0x00007ffd91160000 - 0x00007ffd911f4000 	C:\Windows\SYSTEM32\apphelp.dll
0x00007ffd649c0000 - 0x00007ffd64a49000 	C:\Program Files\Java\jdk-17.0.2\bin\freetype.dll
0x00007ffd63c00000 - 0x00007ffd63ca8000 	C:\Program Files\Java\jdk-17.0.2\bin\fontmanager.dll
0x00007ffd266b0000 - 0x00007ffd26ea4000 	C:\RT\VoluMarch\lib\imgui-java64.dll

dbghelp: loaded successfully - version: 4.0.5 - missing functions: none
symbol engine: initialized successfully - sym options: 0x614 - pdb path: .;C:\Program Files\Java\jdk-17.0.2\bin;C:\Windows\SYSTEM32;C:\Windows\WinSxS\amd64_microsoft.windows.common-controls_6595b64144ccf1df_6.0.19041.4355_none_60b8b9eb71f62e16;C:\Program Files\Java\jdk-17.0.2\bin\server;C:\Program Files\JetBrains\IntelliJ IDEA 2024.3.3\bin;C:\Users\Lenovo\AppData\Local\Temp\lwjgl_Lenovo\3.3.2+13\x64;C:\Windows\System32\DriverStore\FileRepository\iigd_dch.inf_amd64_e8ea786461261bbf;C:\RT\VoluMarch\lib

VM Arguments:
jvm_args: -Djava.library.path=C:\RT\VoluMarch\lib -javaagent:C:\Program Files\JetBrains\IntelliJ IDEA 2024.3.3\lib\idea_rt.jar=57805:C:\Program Files\JetBrains\IntelliJ IDEA 2024.3.3\bin -Dfile.encoding=UTF-8 
java_command: VolumeRaymarchLWJGLWithImGui
java_class_path (initial): C:\RT\VoluMarch\out\production\VoluMarch;C:\RT\VoluMarch\lib\lwjgl-glfw-natives-linux.jar;C:\RT\VoluMarch\lib\lwjgl-glfw-natives-windows-arm64.jar;C:\RT\VoluMarch\lib\lwjgl-glfw-natives-windows-x86.jar;C:\RT\VoluMarch\lib\lwjgl-glfw-natives-windows.jar;C:\RT\VoluMarch\lib\lwjgl-glfw.jar;C:\RT\VoluMarch\lib\lwjgl-natives-windows-arm64.jar;C:\RT\VoluMarch\lib\lwjgl-natives-windows.jar;C:\RT\VoluMarch\lib\lwjgl-opengl-natives-windows-arm64.jar;C:\RT\VoluMarch\lib\lwjgl-opengl-natives-windows.jar;C:\RT\VoluMarch\lib\lwjgl-opengl.jar;C:\RT\VoluMarch\lib\lwjgl-stb.jar;C:\RT\VoluMarch\lib\lwjgl.jar;C:\RT\VoluMarch\lib\slick.jar;C:\RT\VoluMarch\lib\lwjgl-stb-natives-windows.jar;C:\RT\VoluMarch\lib\imgui-binding-1.89.0.jar;C:\RT\VoluMarch\lib\imgui-lwjgl3-1.89.0.jar;C:\RT\VoluMarch\lib\lwjgl-openxr.jar;C:\RT\VoluMarch\lib\lwjgl-openxr-natives-windows.jar;C:\RT\VoluMarch\lib\lwjgl-openxr-natives-windows-arm64.jar
Launcher Type: SUN_STANDARD

[Global flags]
     intx CICompilerCount                          = 4                                         {product} {ergonomic}
     uint ConcGCThreads                            = 2                                         {product} {ergonomic}
     uint G1ConcRefinementThreads                  = 8                                         {product} {ergonomic}
   size_t G1HeapRegionSize                         = 2097152                                   {product} {ergonomic}
    uintx GCDrainStackTargetSize                   = 64                                        {product} {ergonomic}
   size_t InitialHeapSize                          = 266338304                                 {product} {ergonomic}
   size_t MarkStackSize                            = 4194304                                   {product} {ergonomic}
   size_t MaxHeapSize                              = 4236247040                                {product} {ergonomic}
   size_t MaxNewSize                               = 2541748224                                {product} {ergonomic}
   size_t MinHeapDeltaBytes                        = 2097152                                   {product} {ergonomic}
   size_t MinHeapSize                              = 8388608                                   {product} {ergonomic}
    uintx NonNMethodCodeHeapSize                   = 5839372                                {pd product} {ergonomic}
    uintx NonProfiledCodeHeapSize                  = 122909434                              {pd product} {ergonomic}
    uintx ProfiledCodeHeapSize                     = 122909434                              {pd product} {ergonomic}
    uintx ReservedCodeCacheSize                    = 251658240                              {pd product} {ergonomic}
     bool SegmentedCodeCache                       = true                                      {product} {ergonomic}
   size_t SoftMaxHeapSize                          = 4236247040                             {manageable} {ergonomic}
     bool UseCompressedClassPointers               = true                           {product lp64_product} {ergonomic}
     bool UseCompressedOops                        = true                           {product lp64_product} {ergonomic}
     bool UseG1GC                                  = true                                      {product} {ergonomic}
     bool UseLargePagesIndividualAllocation        = false                                  {pd product} {ergonomic}

Logging:
Log output configuration:
 #0: stdout all=off uptime,level,tags
 #1: stderr all=off uptime,level,tags

Environment Variables:
JAVA_HOME=C:\Program Files\Java\jdk-17.0.2
PATH=C:\Program Files\Java\jdk-17.0.2;C:\Program Files\Zulu\zulu-17\bin\;C:\Program Files\Java\jdk-11.0.11;C:\Program Files\Common Files\Oracle\Java\javapath;C:\Program Files\apache-maven-3.8.1\bin;C:\Windows\system32;C:\Program Files (x86)\GnuWin32\bin;C:\Windows\System32\OpenSSH;C:\Program Files\Git\cmd;C:\Program Files\dotnet\;C:\Program Files\Git LFS;C:\Program Files (x86)\GtkSharp\2.12\bin;C:\Users\Lenovo\AppData\Local\Programs\Python\Python310\Scripts\;C:\Users\Lenovo\AppData\Local\Programs\Python\Python310\;C:\Program Files\Java\jdk-16.0.1;C:\Program Files\JetBrains\IntelliJ IDEA Community Edition 2021.3.3\bin;;C:\Users\Lenovo\AppData\Local\Programs\Microsoft VS Code\bin;C:\Program Files\node-v14.18.1-win-x64;C:\Program Files\JetBrains\PyCharm Community Edition 2021.2.3\bin;;C:\Program Files\JetBrains\IntelliJ IDEA 2024.3.3\bin;;C:\Program Files\JetBrains\DataGrip 2022.1.4\bin;;C:\Users\Lenovo\.dotnet\tools;C:\Users\Lenovo\AppData\Local\GitHubDesktop\bin
USERNAME=Lenovo
OS=Windows_NT
PROCESSOR_IDENTIFIER=Intel64 Family 6 Model 126 Stepping 5, GenuineIntel



---------------  S Y S T E M  ---------------

OS:
 Windows 10 , 64 bit Build 19041 (10.0.19041.5438)
OS uptime: 3 days 7:32 hours

CPU: total 8 (initial active 8) (4 cores per cpu, 2 threads per core) family 6 model 126 stepping 5 microcode 0x70, cx8, cmov, fxsr, ht, mmx, 3dnowpref, sse, sse2, sse3, ssse3, sse4.1, sse4.2, popcnt, lzcnt, tsc, tscinvbit, avx, avx2, aes, erms, clmul, bmi1, bmi2, adx, avx512f, avx512dq, avx512cd, avx512bw, avx512vl, sha, fma, vzeroupper, avx512_vpopcntdq, avx512_vpclmulqdq, avx512_vaes, avx512_vnni, clflush, clflushopt, avx512_vbmi2, avx512_vbmi

Memory: 4k page, system-wide physical 16152M (4056M free)
TotalPageFile size 19348M (AvailPageFile size 3338M)
current process WorkingSet (physical memory assigned to process): 191M, peak: 194M
current process commit charge ("private bytes"): 428M, peak: 435M

vm_info: Java HotSpot(TM) 64-Bit Server VM (17.0.2+8-LTS-86) for windows-amd64 JRE (17.0.2+8-LTS-86), built on Dec  7 2021 21:51:03 by "mach5one" with MS VC++ 16.8 / 16.9 (VS2019)

END.
