#
# A fatal error has been detected by the Java Runtime Environment:
#
#  EXCEPTION_ACCESS_VIOLATION (0xc0000005) at pc=0x00007ffd26f37280, pid=3492, tid=6004
#
# JRE version: Java(TM) SE Runtime Environment (17.0.2+8) (build 17.0.2+8-LTS-86)
# Java VM: Java HotSpot(TM) 64-Bit Server VM (17.0.2+8-LTS-86, mixed mode, sharing, tiered, compressed oops, compressed class ptrs, g1 gc, windows-amd64)
# Problematic frame:
# C  [ig11icd64.dll+0x87280]
#
# No core dump will be written. Minidumps are not enabled by default on client versions of Windows
#
# If you would like to submit a bug report, please visit:
#   https://bugreport.java.com/bugreport/crash.jsp
# The crash happened outside the Java Virtual Machine in native code.
# See problematic frame for where to report the bug.
#

---------------  S U M M A R Y ------------

Command Line: -Djava.library.path=C:\RT\VoluMarch\lib -javaagent:C:\Program Files\JetBrains\IntelliJ IDEA 2024.3.3\lib\idea_rt.jar=57857:C:\Program Files\JetBrains\IntelliJ IDEA 2024.3.3\bin -Dfile.encoding=UTF-8 VolumeRaymarchLWJGLWithImGui

Host: Intel(R) Core(TM) i7-1065G7 CPU @ 1.30GHz, 8 cores, 15G,  Windows 10 , 64 bit Build 19041 (10.0.19041.5438)
Time: Sat Mar 29 19:32:24 2025 W. Europe Standard Time elapsed time: 1.383796 seconds (0d 0h 0m 1s)

---------------  T H R E A D  ---------------

Current thread (0x00000195694a8be0):  JavaThread "main" [_thread_in_native, id=6004, stack(0x0000007bd7b00000,0x0000007bd7c00000)]

Stack: [0x0000007bd7b00000,0x0000007bd7c00000],  sp=0x0000007bd7bfee88,  free space=1019k
Native frames: (J=compiled Java code, j=interpreted, Vv=VM code, C=native code)
C  [ig11icd64.dll+0x87280]

Java frames: (J=compiled Java code, j=interpreted, Vv=VM code)
j  org.lwjgl.opengl.GL32C.nglDrawElementsBaseVertex(IIIJI)V+0
j  org.lwjgl.opengl.GL32C.glDrawElementsBaseVertex(IIIJI)V+6
j  org.lwjgl.opengl.GL32.glDrawElementsBaseVertex(IIIJI)V+6
j  imgui.gl3.ImGuiImplGl3.renderDrawData(Limgui/ImDrawData;)V+691
j  VolumeRaymarchLWJGLWithImGui.loop()V+479
j  VolumeRaymarchLWJGLWithImGui.run()V+5
j  VolumeRaymarchLWJGLWithImGui.main([Ljava/lang/String;)V+7
v  ~StubRoutines::call_stub

siginfo: EXCEPTION_ACCESS_VIOLATION (0xc0000005), reading address 0x000000000000013e


Register to memory mapping:

RIP=0x00007ffd26f37280 ig11icd64.dll
RAX=0x00000000000000c1 is an unknown value
RBX=0x000000000000ffff is an unknown value
RCX=0x00000195189b0000 points into unknown readable memory: 0x0000000000000000 | 00 00 00 00 00 00 00 00
RDX=0x000000000000013e is an unknown value
RSP=0x0000007bd7bfee88 is pointing into the stack for thread: 0x00000195694a8be0
RBP=0x0000000000000002 is an unknown value
RSI=0x0000007bd7bfef40 is pointing into the stack for thread: 0x00000195694a8be0
RDI=0x0 is NULL
R8 =0x0000000000000001 is an unknown value
R9 =0x0000000000000001 is an unknown value
R10=0x00000195189b0000 points into unknown readable memory: 0x0000000000000000 | 00 00 00 00 00 00 00 00
R11=0x0000000000000396 is an unknown value
R12=0x0 is NULL
R13=0x0000000000060000 is an unknown value
R14=0x0000019513d5ce90 points into unknown readable memory: 0x00000195189b0000 | 00 00 9b 18 95 01 00 00
R15=0x000000000000072c is an unknown value


Registers:
RAX=0x00000000000000c1, RBX=0x000000000000ffff, RCX=0x00000195189b0000, RDX=0x000000000000013e
RSP=0x0000007bd7bfee88, RBP=0x0000000000000002, RSI=0x0000007bd7bfef40, RDI=0x0000000000000000
R8 =0x0000000000000001, R9 =0x0000000000000001, R10=0x00000195189b0000, R11=0x0000000000000396
R12=0x0000000000000000, R13=0x0000000000060000, R14=0x0000019513d5ce90, R15=0x000000000000072c
RIP=0x00007ffd26f37280, EFLAGS=0x0000000000010202

Top of Stack: (sp=0x0000007bd7bfee88)
0x0000007bd7bfee88:   00007ffd275441da 0000000000060000
0x0000007bd7bfee98:   0000019513523f20 00000195134f90c0
0x0000007bd7bfeea8:   0000000000000000 0000007bd7bfef48
0x0000007bd7bfeeb8:   0000000000000000 0000000000000396
0x0000007bd7bfeec8:   0004014248010004 0000000000000001
0x0000007bd7bfeed8:   00007ffd277bb74e 0000000000000000
0x0000007bd7bfeee8:   000000000000ffff 0000000000000004
0x0000007bd7bfeef8:   0000000000000010 0000000000001403
0x0000007bd7bfef08:   0000000000000001 00000195134f90c0
0x0000007bd7bfef18:   0000000000000396 00000195134f90c0
0x0000007bd7bfef28:   00007ffd277bbf49 0000000000000000
0x0000007bd7bfef38:   0000000000000004 0000000000000000
0x0000007bd7bfef48:   0000000000000000 0000000000000000
0x0000007bd7bfef58:   0000000000000396 0000000000000004
0x0000007bd7bfef68:   00007ffd277bbb4e 000000000000ffff
0x0000007bd7bfef78:   0000000000000000 0000000000000000 

Instructions: (pc=0x00007ffd26f37280)
0x00007ffd26f37180:   66 0f 6f c1 66 0f 73 d8 04 3b c8 0f 46 c1 66 0f
0x00007ffd26f37190:   7e c1 41 3b c3 66 0f 6f c1 66 0f 73 d8 08 44 0f
0x00007ffd26f371a0:   46 d8 66 0f 7e c8 66 0f 73 d9 0c 3b d8 0f 43 c3
0x00007ffd26f371b0:   66 0f 7e cb 3b c1 0f 43 c8 66 0f 7e c0 3b c8 0f
0x00007ffd26f371c0:   43 c1 3b c3 0f 43 d8 45 85 c0 74 37 4c 2b d2 90
0x00007ffd26f371d0:   8b 0a 44 3b d9 41 89 0c 12 48 8d 52 04 8b c1 41
0x00007ffd26f371e0:   0f 46 c3 3b d9 44 8b d8 0f 43 cb 8b d9 41 83 c0
0x00007ffd26f371f0:   ff 75 dd 89 06 48 8b 44 24 30 89 08 48 8b 5c 24
0x00007ffd26f37200:   18 5e c3 48 8b 44 24 30 44 89 1e 89 18 48 8b 5c
0x00007ffd26f37210:   24 18 5e c3 cc cc cc cc cc cc cc cc cc cc cc cc
0x00007ffd26f37220:   48 89 5c 24 08 48 89 74 24 10 48 89 7c 24 18 45
0x00007ffd26f37230:   8b d8 0f b6 c2 49 d1 eb f6 d0 33 ff 49 8b f1 4c
0x00007ffd26f37240:   8b d1 bb ff ff 00 00 a8 01 0f 84 fe 01 00 00 0f
0x00007ffd26f37250:   18 42 20 0f 18 42 40 49 83 fb 08 0f 82 ec 01 00
0x00007ffd26f37260:   00 44 8d 4a 0f 41 83 e1 f0 44 2b ca 49 d1 e9 74
0x00007ffd26f37270:   48 4d 85 c9 74 36 4d 8b c1 0f 1f 80 00 00 00 00
0x00007ffd26f37280:   0f b7 0a 48 83 c2 02 66 41 89 0a 0f b7 c1 49 83
0x00007ffd26f37290:   c2 02 66 3b d9 66 0f 46 c3 66 3b f9 0f b7 d8 66
0x00007ffd26f372a0:   0f 43 cf 0f b7 f9 49 83 e8 01 75 d4 4d 2b d9 49
0x00007ffd26f372b0:   83 fb 08 0f 82 94 01 00 00 66 0f 6f 1d 7f 71 d5
0x00007ffd26f372c0:   00 b9 00 80 ff ff 8d 04 19 98 66 0f 6e c8 8d 04
0x00007ffd26f372d0:   39 98 66 0f 61 c9 66 0f 70 c9 00 66 0f 6e d0 66
0x00007ffd26f372e0:   0f 61 d2 66 0f 70 d2 00 49 83 fb 10 72 56 49 8b
0x00007ffd26f372f0:   cb 48 c1 e9 04 48 6b c1 f0 49 03 c3 4c 8b d8 90
0x00007ffd26f37300:   0f 18 42 40 f3 0f 6f 02 f3 41 0f 7f 02 66 0f f9
0x00007ffd26f37310:   c3 66 0f ea c8 66 0f ee d0 f3 0f 6f 42 10 48 83
0x00007ffd26f37320:   c2 20 f3 41 0f 7f 42 10 49 83 c2 20 66 0f f9 c3
0x00007ffd26f37330:   66 0f ea c8 66 0f ee d0 48 83 e9 01 75 c2 48 83
0x00007ffd26f37340:   f8 08 72 31 49 8b cb 48 c1 e9 03 48 6b c1 f8 4c
0x00007ffd26f37350:   03 d8 f3 0f 6f 02 48 83 c2 10 f3 41 0f 7f 02 49
0x00007ffd26f37360:   83 c2 10 66 0f f9 c3 66 0f ea c8 66 0f ee d0 48
0x00007ffd26f37370:   83 e9 01 75 dd 66 0f fd cb 66 0f fd d3 66 0f c5 


Stack slot to memory mapping:
stack at sp + 0 slots: 0x00007ffd275441da ig11icd64.dll
stack at sp + 1 slots: 0x0000000000060000 is an unknown value
stack at sp + 2 slots: 0x0000019513523f20 points into unknown readable memory: 0x000000000000013e | 3e 01 00 00 00 00 00 00
stack at sp + 3 slots: 0x00000195134f90c0 points into unknown readable memory: 0x000001950d566f80 | 80 6f 56 0d 95 01 00 00
stack at sp + 4 slots: 0x0 is NULL
stack at sp + 5 slots: 0x0000007bd7bfef48 is pointing into the stack for thread: 0x00000195694a8be0
stack at sp + 6 slots: 0x0 is NULL
stack at sp + 7 slots: 0x0000000000000396 is an unknown value


---------------  P R O C E S S  ---------------

Threads class SMR info:
_java_thread_list=0x000001950cf21090, length=19, elements={
0x00000195694a8be0, 0x000001950c060c60, 0x000001950c063cd0, 0x000001950c072880,
0x000001950c073140, 0x000001950c075a10, 0x000001950c076a70, 0x000001950c077eb0,
0x000001950c0830b0, 0x000001950c086190, 0x000001950ccf6eb0, 0x000001950ced0f90,
0x000001950ce7cc10, 0x000001951378f4f0, 0x00000195138d7c20, 0x000001950d7f6e90,
0x0000019513810280, 0x0000019513c6be10, 0x0000019516961010
}

Java Threads: ( => current thread )
=>0x00000195694a8be0 JavaThread "main" [_thread_in_native, id=6004, stack(0x0000007bd7b00000,0x0000007bd7c00000)]
  0x000001950c060c60 JavaThread "Reference Handler" daemon [_thread_blocked, id=372, stack(0x0000007bd8200000,0x0000007bd8300000)]
  0x000001950c063cd0 JavaThread "Finalizer" daemon [_thread_blocked, id=19292, stack(0x0000007bd8300000,0x0000007bd8400000)]
  0x000001950c072880 JavaThread "Signal Dispatcher" daemon [_thread_blocked, id=13724, stack(0x0000007bd8400000,0x0000007bd8500000)]
  0x000001950c073140 JavaThread "Attach Listener" daemon [_thread_blocked, id=728, stack(0x0000007bd8500000,0x0000007bd8600000)]
  0x000001950c075a10 JavaThread "Service Thread" daemon [_thread_blocked, id=19004, stack(0x0000007bd8600000,0x0000007bd8700000)]
  0x000001950c076a70 JavaThread "Monitor Deflation Thread" daemon [_thread_blocked, id=11116, stack(0x0000007bd8700000,0x0000007bd8800000)]
  0x000001950c077eb0 JavaThread "C2 CompilerThread0" daemon [_thread_blocked, id=22896, stack(0x0000007bd8800000,0x0000007bd8900000)]
  0x000001950c0830b0 JavaThread "C1 CompilerThread0" daemon [_thread_blocked, id=4716, stack(0x0000007bd8900000,0x0000007bd8a00000)]
  0x000001950c086190 JavaThread "Sweeper thread" daemon [_thread_blocked, id=18620, stack(0x0000007bd8a00000,0x0000007bd8b00000)]
  0x000001950ccf6eb0 JavaThread "Common-Cleaner" daemon [_thread_blocked, id=7064, stack(0x0000007bd8b00000,0x0000007bd8c00000)]
  0x000001950ced0f90 JavaThread "Monitor Ctrl-Break" daemon [_thread_in_native, id=14384, stack(0x0000007bd8c00000,0x0000007bd8d00000)]
  0x000001950ce7cc10 JavaThread "Notification Thread" daemon [_thread_blocked, id=4652, stack(0x0000007bd8d00000,0x0000007bd8e00000)]
  0x000001951378f4f0 JavaThread "RMI TCP Accept-0" daemon [_thread_in_native, id=17464, stack(0x0000007bd9700000,0x0000007bd9800000)]
  0x00000195138d7c20 JavaThread "RMI TCP Connection(1)-192.168.2.37" daemon [_thread_in_native, id=2268, stack(0x0000007bd9800000,0x0000007bd9900000)]
  0x000001950d7f6e90 JavaThread "RMI Scheduler(0)" daemon [_thread_blocked, id=22788, stack(0x0000007bd9900000,0x0000007bd9a00000)]
  0x0000019513810280 JavaThread "JMX server connection timeout 20" daemon [_thread_blocked, id=23460, stack(0x0000007bd9a00000,0x0000007bd9b00000)]
  0x0000019513c6be10 JavaThread "Java2D Disposer" daemon [_thread_blocked, id=12604, stack(0x0000007bd9300000,0x0000007bd9400000)]
  0x0000019516961010 JavaThread "C2 CompilerThread1" daemon [_thread_blocked, id=20836, stack(0x0000007bd9b00000,0x0000007bd9c00000)]

Other Threads:
  0x000001950c05b350 VMThread "VM Thread" [stack: 0x0000007bd8100000,0x0000007bd8200000] [id=13316]
  0x000001950ced1460 WatcherThread [stack: 0x0000007bd8e00000,0x0000007bd8f00000] [id=21344]
  0x00000195694f7f00 GCTaskThread "GC Thread#0" [stack: 0x0000007bd7c00000,0x0000007bd7d00000] [id=23008]
  0x0000019513bcdc20 GCTaskThread "GC Thread#1" [stack: 0x0000007bd9d00000,0x0000007bd9e00000] [id=12152]
  0x0000019513bcec40 GCTaskThread "GC Thread#2" [stack: 0x0000007bd9e00000,0x0000007bd9f00000] [id=17680]
  0x0000019513bce180 GCTaskThread "GC Thread#3" [stack: 0x0000007bd9f00000,0x0000007bda000000] [id=15140]
  0x0000019513bce430 GCTaskThread "GC Thread#4" [stack: 0x0000007bda000000,0x0000007bda100000] [id=384]
  0x0000019513bce990 GCTaskThread "GC Thread#5" [stack: 0x0000007bda100000,0x0000007bda200000] [id=23468]
  0x0000019513bceef0 GCTaskThread "GC Thread#6" [stack: 0x0000007bda200000,0x0000007bda300000] [id=11372]
  0x0000019513bcf450 GCTaskThread "GC Thread#7" [stack: 0x0000007bda300000,0x0000007bda400000] [id=18792]
  0x000001956950ba00 ConcurrentGCThread "G1 Main Marker" [stack: 0x0000007bd7d00000,0x0000007bd7e00000] [id=2520]
  0x000001956950cac0 ConcurrentGCThread "G1 Conc#0" [stack: 0x0000007bd7e00000,0x0000007bd7f00000] [id=12472]
  0x000001956953ece0 ConcurrentGCThread "G1 Refine#0" [stack: 0x0000007bd7f00000,0x0000007bd8000000] [id=5904]
  0x000001951374cb20 ConcurrentGCThread "G1 Refine#1" [stack: 0x0000007bda400000,0x0000007bda500000] [id=23148]
  0x000001950bf15a40 ConcurrentGCThread "G1 Service" [stack: 0x0000007bd8000000,0x0000007bd8100000] [id=21808]

Threads with active compile tasks:

VM state: not at safepoint (normal execution)

VM Mutex/Monitor currently owned by a thread: None

Heap address: 0x0000000703800000, size: 4040 MB, Compressed Oops mode: Zero based, Oop shift amount: 3

CDS archive(s) mapped at: [0x0000000800000000-0x0000000800bc0000-0x0000000800bc0000), size 12320768, SharedBaseAddress: 0x0000000800000000, ArchiveRelocationMode: 0.
Compressed class space mapped at: 0x0000000800c00000-0x0000000840c00000, reserved size: 1073741824
Narrow klass base: 0x0000000800000000, Narrow klass shift: 0, Narrow klass range: 0x100000000

GC Precious Log:
 CPUs: 8 total, 8 available
 Memory: 16152M
 Large Page Support: Disabled
 NUMA Support: Disabled
 Compressed Oops: Enabled (Zero based)
 Heap Region Size: 2M
 Heap Min Capacity: 8M
 Heap Initial Capacity: 254M
 Heap Max Capacity: 4040M
 Pre-touch: Disabled
 Parallel Workers: 8
 Concurrent Workers: 2
 Concurrent Refinement Workers: 8
 Periodic GC: Disabled

Heap:
 garbage-first heap   total 260096K, used 11538K [0x0000000703800000, 0x0000000800000000)
  region size 2048K, 6 young (12288K), 2 survivors (4096K)
 Metaspace       used 13019K, committed 13312K, reserved 1064960K
  class space    used 1129K, committed 1280K, reserved 1048576K

Heap Regions: E=young(eden), S=young(survivor), O=old, HS=humongous(starts), HC=humongous(continues), CS=collection set, F=free, OA=open archive, CA=closed archive, TAMS=top-at-mark-start (previous, next)
|   0|0x0000000703800000, 0x0000000703944a00, 0x0000000703a00000| 63%| O|  |TAMS 0x0000000703800000, 0x0000000703800000| Untracked 
|   1|0x0000000703a00000, 0x0000000703a00000, 0x0000000703c00000|  0%| F|  |TAMS 0x0000000703a00000, 0x0000000703a00000| Untracked 
|   2|0x0000000703c00000, 0x0000000703c00000, 0x0000000703e00000|  0%| F|  |TAMS 0x0000000703c00000, 0x0000000703c00000| Untracked 
|   3|0x0000000703e00000, 0x0000000703e00000, 0x0000000704000000|  0%| F|  |TAMS 0x0000000703e00000, 0x0000000703e00000| Untracked 
|   4|0x0000000704000000, 0x0000000704000000, 0x0000000704200000|  0%| F|  |TAMS 0x0000000704000000, 0x0000000704000000| Untracked 
|   5|0x0000000704200000, 0x0000000704200000, 0x0000000704400000|  0%| F|  |TAMS 0x0000000704200000, 0x0000000704200000| Untracked 
|   6|0x0000000704400000, 0x0000000704400000, 0x0000000704600000|  0%| F|  |TAMS 0x0000000704400000, 0x0000000704400000| Untracked 
|   7|0x0000000704600000, 0x0000000704600000, 0x0000000704800000|  0%| F|  |TAMS 0x0000000704600000, 0x0000000704600000| Untracked 
|   8|0x0000000704800000, 0x0000000704800000, 0x0000000704a00000|  0%| F|  |TAMS 0x0000000704800000, 0x0000000704800000| Untracked 
|   9|0x0000000704a00000, 0x0000000704a00000, 0x0000000704c00000|  0%| F|  |TAMS 0x0000000704a00000, 0x0000000704a00000| Untracked 
|  10|0x0000000704c00000, 0x0000000704c00000, 0x0000000704e00000|  0%| F|  |TAMS 0x0000000704c00000, 0x0000000704c00000| Untracked 
|  11|0x0000000704e00000, 0x0000000704e00000, 0x0000000705000000|  0%| F|  |TAMS 0x0000000704e00000, 0x0000000704e00000| Untracked 
|  12|0x0000000705000000, 0x0000000705000000, 0x0000000705200000|  0%| F|  |TAMS 0x0000000705000000, 0x0000000705000000| Untracked 
|  13|0x0000000705200000, 0x0000000705200000, 0x0000000705400000|  0%| F|  |TAMS 0x0000000705200000, 0x0000000705200000| Untracked 
|  14|0x0000000705400000, 0x0000000705400000, 0x0000000705600000|  0%| F|  |TAMS 0x0000000705400000, 0x0000000705400000| Untracked 
|  15|0x0000000705600000, 0x0000000705600000, 0x0000000705800000|  0%| F|  |TAMS 0x0000000705600000, 0x0000000705600000| Untracked 
|  16|0x0000000705800000, 0x0000000705800000, 0x0000000705a00000|  0%| F|  |TAMS 0x0000000705800000, 0x0000000705800000| Untracked 
|  17|0x0000000705a00000, 0x0000000705a00000, 0x0000000705c00000|  0%| F|  |TAMS 0x0000000705a00000, 0x0000000705a00000| Untracked 
|  18|0x0000000705c00000, 0x0000000705c00000, 0x0000000705e00000|  0%| F|  |TAMS 0x0000000705c00000, 0x0000000705c00000| Untracked 
|  19|0x0000000705e00000, 0x0000000705e00000, 0x0000000706000000|  0%| F|  |TAMS 0x0000000705e00000, 0x0000000705e00000| Untracked 
|  20|0x0000000706000000, 0x0000000706000000, 0x0000000706200000|  0%| F|  |TAMS 0x0000000706000000, 0x0000000706000000| Untracked 
|  21|0x0000000706200000, 0x0000000706200000, 0x0000000706400000|  0%| F|  |TAMS 0x0000000706200000, 0x0000000706200000| Untracked 
|  22|0x0000000706400000, 0x0000000706400000, 0x0000000706600000|  0%| F|  |TAMS 0x0000000706400000, 0x0000000706400000| Untracked 
|  23|0x0000000706600000, 0x0000000706600000, 0x0000000706800000|  0%| F|  |TAMS 0x0000000706600000, 0x0000000706600000| Untracked 
|  24|0x0000000706800000, 0x0000000706800000, 0x0000000706a00000|  0%| F|  |TAMS 0x0000000706800000, 0x0000000706800000| Untracked 
|  25|0x0000000706a00000, 0x0000000706a00000, 0x0000000706c00000|  0%| F|  |TAMS 0x0000000706a00000, 0x0000000706a00000| Untracked 
|  26|0x0000000706c00000, 0x0000000706c00000, 0x0000000706e00000|  0%| F|  |TAMS 0x0000000706c00000, 0x0000000706c00000| Untracked 
|  27|0x0000000706e00000, 0x0000000706e00000, 0x0000000707000000|  0%| F|  |TAMS 0x0000000706e00000, 0x0000000706e00000| Untracked 
|  28|0x0000000707000000, 0x0000000707000000, 0x0000000707200000|  0%| F|  |TAMS 0x0000000707000000, 0x0000000707000000| Untracked 
|  29|0x0000000707200000, 0x0000000707200000, 0x0000000707400000|  0%| F|  |TAMS 0x0000000707200000, 0x0000000707200000| Untracked 
|  30|0x0000000707400000, 0x0000000707400000, 0x0000000707600000|  0%| F|  |TAMS 0x0000000707400000, 0x0000000707400000| Untracked 
|  31|0x0000000707600000, 0x0000000707600000, 0x0000000707800000|  0%| F|  |TAMS 0x0000000707600000, 0x0000000707600000| Untracked 
|  32|0x0000000707800000, 0x0000000707800000, 0x0000000707a00000|  0%| F|  |TAMS 0x0000000707800000, 0x0000000707800000| Untracked 
|  33|0x0000000707a00000, 0x0000000707a00000, 0x0000000707c00000|  0%| F|  |TAMS 0x0000000707a00000, 0x0000000707a00000| Untracked 
|  34|0x0000000707c00000, 0x0000000707c00000, 0x0000000707e00000|  0%| F|  |TAMS 0x0000000707c00000, 0x0000000707c00000| Untracked 
|  35|0x0000000707e00000, 0x0000000707e00000, 0x0000000708000000|  0%| F|  |TAMS 0x0000000707e00000, 0x0000000707e00000| Untracked 
|  36|0x0000000708000000, 0x0000000708000000, 0x0000000708200000|  0%| F|  |TAMS 0x0000000708000000, 0x0000000708000000| Untracked 
|  37|0x0000000708200000, 0x0000000708200000, 0x0000000708400000|  0%| F|  |TAMS 0x0000000708200000, 0x0000000708200000| Untracked 
|  38|0x0000000708400000, 0x0000000708400000, 0x0000000708600000|  0%| F|  |TAMS 0x0000000708400000, 0x0000000708400000| Untracked 
|  39|0x0000000708600000, 0x0000000708600000, 0x0000000708800000|  0%| F|  |TAMS 0x0000000708600000, 0x0000000708600000| Untracked 
|  40|0x0000000708800000, 0x0000000708800000, 0x0000000708a00000|  0%| F|  |TAMS 0x0000000708800000, 0x0000000708800000| Untracked 
|  41|0x0000000708a00000, 0x0000000708a00000, 0x0000000708c00000|  0%| F|  |TAMS 0x0000000708a00000, 0x0000000708a00000| Untracked 
|  42|0x0000000708c00000, 0x0000000708c00000, 0x0000000708e00000|  0%| F|  |TAMS 0x0000000708c00000, 0x0000000708c00000| Untracked 
|  43|0x0000000708e00000, 0x0000000708e00000, 0x0000000709000000|  0%| F|  |TAMS 0x0000000708e00000, 0x0000000708e00000| Untracked 
|  44|0x0000000709000000, 0x0000000709000000, 0x0000000709200000|  0%| F|  |TAMS 0x0000000709000000, 0x0000000709000000| Untracked 
|  45|0x0000000709200000, 0x0000000709200000, 0x0000000709400000|  0%| F|  |TAMS 0x0000000709200000, 0x0000000709200000| Untracked 
|  46|0x0000000709400000, 0x0000000709400000, 0x0000000709600000|  0%| F|  |TAMS 0x0000000709400000, 0x0000000709400000| Untracked 
|  47|0x0000000709600000, 0x0000000709600000, 0x0000000709800000|  0%| F|  |TAMS 0x0000000709600000, 0x0000000709600000| Untracked 
|  48|0x0000000709800000, 0x0000000709800000, 0x0000000709a00000|  0%| F|  |TAMS 0x0000000709800000, 0x0000000709800000| Untracked 
|  49|0x0000000709a00000, 0x0000000709a00000, 0x0000000709c00000|  0%| F|  |TAMS 0x0000000709a00000, 0x0000000709a00000| Untracked 
|  50|0x0000000709c00000, 0x0000000709c00000, 0x0000000709e00000|  0%| F|  |TAMS 0x0000000709c00000, 0x0000000709c00000| Untracked 
|  51|0x0000000709e00000, 0x0000000709e00000, 0x000000070a000000|  0%| F|  |TAMS 0x0000000709e00000, 0x0000000709e00000| Untracked 
|  52|0x000000070a000000, 0x000000070a000000, 0x000000070a200000|  0%| F|  |TAMS 0x000000070a000000, 0x000000070a000000| Untracked 
|  53|0x000000070a200000, 0x000000070a200000, 0x000000070a400000|  0%| F|  |TAMS 0x000000070a200000, 0x000000070a200000| Untracked 
|  54|0x000000070a400000, 0x000000070a400000, 0x000000070a600000|  0%| F|  |TAMS 0x000000070a400000, 0x000000070a400000| Untracked 
|  55|0x000000070a600000, 0x000000070a600000, 0x000000070a800000|  0%| F|  |TAMS 0x000000070a600000, 0x000000070a600000| Untracked 
|  56|0x000000070a800000, 0x000000070a800000, 0x000000070aa00000|  0%| F|  |TAMS 0x000000070a800000, 0x000000070a800000| Untracked 
|  57|0x000000070aa00000, 0x000000070aa00000, 0x000000070ac00000|  0%| F|  |TAMS 0x000000070aa00000, 0x000000070aa00000| Untracked 
|  58|0x000000070ac00000, 0x000000070ac00000, 0x000000070ae00000|  0%| F|  |TAMS 0x000000070ac00000, 0x000000070ac00000| Untracked 
|  59|0x000000070ae00000, 0x000000070ae00000, 0x000000070b000000|  0%| F|  |TAMS 0x000000070ae00000, 0x000000070ae00000| Untracked 
|  60|0x000000070b000000, 0x000000070b000000, 0x000000070b200000|  0%| F|  |TAMS 0x000000070b000000, 0x000000070b000000| Untracked 
|  61|0x000000070b200000, 0x000000070b200000, 0x000000070b400000|  0%| F|  |TAMS 0x000000070b200000, 0x000000070b200000| Untracked 
|  62|0x000000070b400000, 0x000000070b400000, 0x000000070b600000|  0%| F|  |TAMS 0x000000070b400000, 0x000000070b400000| Untracked 
|  63|0x000000070b600000, 0x000000070b600000, 0x000000070b800000|  0%| F|  |TAMS 0x000000070b600000, 0x000000070b600000| Untracked 
|  64|0x000000070b800000, 0x000000070b800000, 0x000000070ba00000|  0%| F|  |TAMS 0x000000070b800000, 0x000000070b800000| Untracked 
|  65|0x000000070ba00000, 0x000000070ba00000, 0x000000070bc00000|  0%| F|  |TAMS 0x000000070ba00000, 0x000000070ba00000| Untracked 
|  66|0x000000070bc00000, 0x000000070bc00000, 0x000000070be00000|  0%| F|  |TAMS 0x000000070bc00000, 0x000000070bc00000| Untracked 
|  67|0x000000070be00000, 0x000000070be00000, 0x000000070c000000|  0%| F|  |TAMS 0x000000070be00000, 0x000000070be00000| Untracked 
|  68|0x000000070c000000, 0x000000070c000000, 0x000000070c200000|  0%| F|  |TAMS 0x000000070c000000, 0x000000070c000000| Untracked 
|  69|0x000000070c200000, 0x000000070c200000, 0x000000070c400000|  0%| F|  |TAMS 0x000000070c200000, 0x000000070c200000| Untracked 
|  70|0x000000070c400000, 0x000000070c400000, 0x000000070c600000|  0%| F|  |TAMS 0x000000070c400000, 0x000000070c400000| Untracked 
|  71|0x000000070c600000, 0x000000070c600000, 0x000000070c800000|  0%| F|  |TAMS 0x000000070c600000, 0x000000070c600000| Untracked 
|  72|0x000000070c800000, 0x000000070c800000, 0x000000070ca00000|  0%| F|  |TAMS 0x000000070c800000, 0x000000070c800000| Untracked 
|  73|0x000000070ca00000, 0x000000070ca00000, 0x000000070cc00000|  0%| F|  |TAMS 0x000000070ca00000, 0x000000070ca00000| Untracked 
|  74|0x000000070cc00000, 0x000000070cc00000, 0x000000070ce00000|  0%| F|  |TAMS 0x000000070cc00000, 0x000000070cc00000| Untracked 
|  75|0x000000070ce00000, 0x000000070ce00000, 0x000000070d000000|  0%| F|  |TAMS 0x000000070ce00000, 0x000000070ce00000| Untracked 
|  76|0x000000070d000000, 0x000000070d000000, 0x000000070d200000|  0%| F|  |TAMS 0x000000070d000000, 0x000000070d000000| Untracked 
|  77|0x000000070d200000, 0x000000070d200000, 0x000000070d400000|  0%| F|  |TAMS 0x000000070d200000, 0x000000070d200000| Untracked 
|  78|0x000000070d400000, 0x000000070d400000, 0x000000070d600000|  0%| F|  |TAMS 0x000000070d400000, 0x000000070d400000| Untracked 
|  79|0x000000070d600000, 0x000000070d600000, 0x000000070d800000|  0%| F|  |TAMS 0x000000070d600000, 0x000000070d600000| Untracked 
|  80|0x000000070d800000, 0x000000070d800000, 0x000000070da00000|  0%| F|  |TAMS 0x000000070d800000, 0x000000070d800000| Untracked 
|  81|0x000000070da00000, 0x000000070da00000, 0x000000070dc00000|  0%| F|  |TAMS 0x000000070da00000, 0x000000070da00000| Untracked 
|  82|0x000000070dc00000, 0x000000070dc00000, 0x000000070de00000|  0%| F|  |TAMS 0x000000070dc00000, 0x000000070dc00000| Untracked 
|  83|0x000000070de00000, 0x000000070de00000, 0x000000070e000000|  0%| F|  |TAMS 0x000000070de00000, 0x000000070de00000| Untracked 
|  84|0x000000070e000000, 0x000000070e000000, 0x000000070e200000|  0%| F|  |TAMS 0x000000070e000000, 0x000000070e000000| Untracked 
|  85|0x000000070e200000, 0x000000070e200000, 0x000000070e400000|  0%| F|  |TAMS 0x000000070e200000, 0x000000070e200000| Untracked 
|  86|0x000000070e400000, 0x000000070e400000, 0x000000070e600000|  0%| F|  |TAMS 0x000000070e400000, 0x000000070e400000| Untracked 
|  87|0x000000070e600000, 0x000000070e600000, 0x000000070e800000|  0%| F|  |TAMS 0x000000070e600000, 0x000000070e600000| Untracked 
|  88|0x000000070e800000, 0x000000070e800000, 0x000000070ea00000|  0%| F|  |TAMS 0x000000070e800000, 0x000000070e800000| Untracked 
|  89|0x000000070ea00000, 0x000000070ea00000, 0x000000070ec00000|  0%| F|  |TAMS 0x000000070ea00000, 0x000000070ea00000| Untracked 
|  90|0x000000070ec00000, 0x000000070ec00000, 0x000000070ee00000|  0%| F|  |TAMS 0x000000070ec00000, 0x000000070ec00000| Untracked 
|  91|0x000000070ee00000, 0x000000070ee00000, 0x000000070f000000|  0%| F|  |TAMS 0x000000070ee00000, 0x000000070ee00000| Untracked 
|  92|0x000000070f000000, 0x000000070f000000, 0x000000070f200000|  0%| F|  |TAMS 0x000000070f000000, 0x000000070f000000| Untracked 
|  93|0x000000070f200000, 0x000000070f200000, 0x000000070f400000|  0%| F|  |TAMS 0x000000070f200000, 0x000000070f200000| Untracked 
|  94|0x000000070f400000, 0x000000070f400000, 0x000000070f600000|  0%| F|  |TAMS 0x000000070f400000, 0x000000070f400000| Untracked 
|  95|0x000000070f600000, 0x000000070f600000, 0x000000070f800000|  0%| F|  |TAMS 0x000000070f600000, 0x000000070f600000| Untracked 
|  96|0x000000070f800000, 0x000000070f800000, 0x000000070fa00000|  0%| F|  |TAMS 0x000000070f800000, 0x000000070f800000| Untracked 
|  97|0x000000070fa00000, 0x000000070fa00000, 0x000000070fc00000|  0%| F|  |TAMS 0x000000070fa00000, 0x000000070fa00000| Untracked 
|  98|0x000000070fc00000, 0x000000070fc00000, 0x000000070fe00000|  0%| F|  |TAMS 0x000000070fc00000, 0x000000070fc00000| Untracked 
|  99|0x000000070fe00000, 0x000000070fe00000, 0x0000000710000000|  0%| F|  |TAMS 0x000000070fe00000, 0x000000070fe00000| Untracked 
| 100|0x0000000710000000, 0x0000000710000000, 0x0000000710200000|  0%| F|  |TAMS 0x0000000710000000, 0x0000000710000000| Untracked 
| 101|0x0000000710200000, 0x0000000710200000, 0x0000000710400000|  0%| F|  |TAMS 0x0000000710200000, 0x0000000710200000| Untracked 
| 102|0x0000000710400000, 0x0000000710400000, 0x0000000710600000|  0%| F|  |TAMS 0x0000000710400000, 0x0000000710400000| Untracked 
| 103|0x0000000710600000, 0x0000000710600000, 0x0000000710800000|  0%| F|  |TAMS 0x0000000710600000, 0x0000000710600000| Untracked 
| 104|0x0000000710800000, 0x0000000710800000, 0x0000000710a00000|  0%| F|  |TAMS 0x0000000710800000, 0x0000000710800000| Untracked 
| 105|0x0000000710a00000, 0x0000000710a00000, 0x0000000710c00000|  0%| F|  |TAMS 0x0000000710a00000, 0x0000000710a00000| Untracked 
| 106|0x0000000710c00000, 0x0000000710c00000, 0x0000000710e00000|  0%| F|  |TAMS 0x0000000710c00000, 0x0000000710c00000| Untracked 
| 107|0x0000000710e00000, 0x0000000710e00000, 0x0000000711000000|  0%| F|  |TAMS 0x0000000710e00000, 0x0000000710e00000| Untracked 
| 108|0x0000000711000000, 0x0000000711000000, 0x0000000711200000|  0%| F|  |TAMS 0x0000000711000000, 0x0000000711000000| Untracked 
| 109|0x0000000711200000, 0x0000000711200000, 0x0000000711400000|  0%| F|  |TAMS 0x0000000711200000, 0x0000000711200000| Untracked 
| 110|0x0000000711400000, 0x0000000711400000, 0x0000000711600000|  0%| F|  |TAMS 0x0000000711400000, 0x0000000711400000| Untracked 
| 111|0x0000000711600000, 0x0000000711600000, 0x0000000711800000|  0%| F|  |TAMS 0x0000000711600000, 0x0000000711600000| Untracked 
| 112|0x0000000711800000, 0x0000000711800000, 0x0000000711a00000|  0%| F|  |TAMS 0x0000000711800000, 0x0000000711800000| Untracked 
| 113|0x0000000711a00000, 0x0000000711a00000, 0x0000000711c00000|  0%| F|  |TAMS 0x0000000711a00000, 0x0000000711a00000| Untracked 
| 114|0x0000000711c00000, 0x0000000711e00000, 0x0000000711e00000|100%| S|CS|TAMS 0x0000000711c00000, 0x0000000711c00000| Complete 
| 115|0x0000000711e00000, 0x0000000712000000, 0x0000000712000000|100%| S|CS|TAMS 0x0000000711e00000, 0x0000000711e00000| Complete 
| 116|0x0000000712000000, 0x0000000712000000, 0x0000000712200000|  0%| F|  |TAMS 0x0000000712000000, 0x0000000712000000| Untracked 
| 117|0x0000000712200000, 0x0000000712200000, 0x0000000712400000|  0%| F|  |TAMS 0x0000000712200000, 0x0000000712200000| Untracked 
| 118|0x0000000712400000, 0x0000000712400000, 0x0000000712600000|  0%| F|  |TAMS 0x0000000712400000, 0x0000000712400000| Untracked 
| 119|0x0000000712600000, 0x0000000712600000, 0x0000000712800000|  0%| F|  |TAMS 0x0000000712600000, 0x0000000712600000| Untracked 
| 120|0x0000000712800000, 0x0000000712800000, 0x0000000712a00000|  0%| F|  |TAMS 0x0000000712800000, 0x0000000712800000| Untracked 
| 121|0x0000000712a00000, 0x0000000712a00000, 0x0000000712c00000|  0%| F|  |TAMS 0x0000000712a00000, 0x0000000712a00000| Untracked 
| 122|0x0000000712c00000, 0x0000000712c00000, 0x0000000712e00000|  0%| F|  |TAMS 0x0000000712c00000, 0x0000000712c00000| Untracked 
| 123|0x0000000712e00000, 0x0000000712ef9b48, 0x0000000713000000| 48%| E|  |TAMS 0x0000000712e00000, 0x0000000712e00000| Complete 
| 124|0x0000000713000000, 0x0000000713200000, 0x0000000713200000|100%| E|CS|TAMS 0x0000000713000000, 0x0000000713000000| Complete 
| 125|0x0000000713200000, 0x0000000713400000, 0x0000000713400000|100%| E|CS|TAMS 0x0000000713200000, 0x0000000713200000| Complete 
| 126|0x0000000713400000, 0x0000000713600000, 0x0000000713600000|100%| E|CS|TAMS 0x0000000713400000, 0x0000000713400000| Complete 

Card table byte_map: [0x00000195007f0000,0x0000019500fe0000] _byte_map_base: 0x00000194fcfd4000

Marking Bits (Prev, Next): (CMBitMap*) 0x00000195694fa440, (CMBitMap*) 0x00000195694fa480
 Prev Bits: [0x00000195017d0000, 0x00000195056f0000)
 Next Bits: [0x00000195056f0000, 0x0000019509610000)

Polling page: 0x0000019568c40000

Metaspace:

Usage:
  Non-class:     11.61 MB used.
      Class:      1.10 MB used.
       Both:     12.71 MB used.

Virtual space:
  Non-class space:       16.00 MB reserved,      11.75 MB ( 73%) committed,  2 nodes.
      Class space:        1.00 GB reserved,       1.25 MB ( <1%) committed,  1 nodes.
             Both:        1.02 GB reserved,      13.00 MB (  1%) committed. 

Chunk freelists:
   Non-Class:  16.00 KB
       Class:  2.72 MB
        Both:  2.74 MB

MaxMetaspaceSize: unlimited
CompressedClassSpaceSize: 1.00 GB
Initial GC threshold: 21.00 MB
Current GC threshold: 21.00 MB
CDS: on
MetaspaceReclaimPolicy: balanced
 - commit_granule_bytes: 65536.
 - commit_granule_words: 8192.
 - virtual_space_node_default_size: 1048576.
 - enlarge_chunks_in_place: 1.
 - new_chunks_are_fully_committed: 0.
 - uncommit_free_chunks: 1.
 - use_allocation_guard: 0.
 - handle_deallocations: 1.


Internal statistics:

num_allocs_failed_limit: 0.
num_arena_births: 238.
num_arena_deaths: 0.
num_vsnodes_births: 3.
num_vsnodes_deaths: 0.
num_space_committed: 206.
num_space_uncommitted: 0.
num_chunks_returned_to_freelist: 0.
num_chunks_taken_from_freelist: 448.
num_chunk_merges: 0.
num_chunk_splits: 276.
num_chunks_enlarged: 165.
num_purges: 0.
num_inconsistent_stats: 0.

CodeHeap 'non-profiled nmethods': size=120000Kb used=480Kb max_used=480Kb free=119519Kb
 bounds [0x0000019578790000, 0x0000019578a00000, 0x000001957fcc0000]
CodeHeap 'profiled nmethods': size=120000Kb used=2551Kb max_used=2551Kb free=117448Kb
 bounds [0x0000019571260000, 0x00000195714e0000, 0x0000019578790000]
CodeHeap 'non-nmethods': size=5760Kb used=1893Kb max_used=1901Kb free=3866Kb
 bounds [0x0000019570cc0000, 0x0000019570f30000, 0x0000019571260000]
 total_blobs=2906 nmethods=1508 adapters=1311
 compilation: enabled
              stopped_count=0, restarted_count=0
 full_count=0

Compilation events (20 events):
Event: 1.152 Thread 0x000001950c0830b0 1499       3       java.lang.invoke.InnerClassLambdaMetafactory::getOpcodeOffset (38 bytes)
Event: 1.153 Thread 0x000001950c0830b0 nmethod 1499 0x00000195714d8990 code [0x00000195714d8b60, 0x00000195714d8e38]
Event: 1.153 Thread 0x000001950c0830b0 1501       3       jdk.internal.org.objectweb.asm.ClassWriter::<init> (7 bytes)
Event: 1.153 Thread 0x000001950c0830b0 nmethod 1501 0x00000195714d8f10 code [0x00000195714d90c0, 0x00000195714d9208]
Event: 1.153 Thread 0x000001950c0830b0 1502       3       jdk.internal.org.objectweb.asm.ClassWriter::<init> (68 bytes)
Event: 1.153 Thread 0x000001950c0830b0 nmethod 1502 0x00000195714d9290 code [0x00000195714d9460, 0x00000195714d9908]
Event: 1.153 Thread 0x000001950c0830b0 1503       3       java.lang.invoke.DirectMethodHandle::<init> (148 bytes)
Event: 1.154 Thread 0x000001950c0830b0 nmethod 1503 0x00000195714d9a90 code [0x00000195714d9d40, 0x00000195714daca8]
Event: 1.155 Thread 0x000001950c0830b0 1504       1       java.util.zip.ZipEntry::getName (5 bytes)
Event: 1.155 Thread 0x000001950c0830b0 nmethod 1504 0x0000019578808090 code [0x0000019578808220, 0x00000195788082f8]
Event: 1.156 Thread 0x000001950c0830b0 1505       3       jdk.internal.loader.URLClassPath::getResource (74 bytes)
Event: 1.156 Thread 0x000001950c0830b0 nmethod 1505 0x00000195714db190 code [0x00000195714db360, 0x00000195714db6b8]
Event: 1.156 Thread 0x000001950c0830b0 1506       3       java.util.ArrayDeque::addLast (51 bytes)
Event: 1.156 Thread 0x000001950c0830b0 nmethod 1506 0x00000195714db810 code [0x00000195714db9e0, 0x00000195714dbeb8]
Event: 1.166 Thread 0x000001950c0830b0 1507       3       java.security.CodeSource::getCertificates (98 bytes)
Event: 1.166 Thread 0x000001950c0830b0 nmethod 1507 0x00000195714dc090 code [0x00000195714dc300, 0x00000195714dd018]
Event: 1.166 Thread 0x000001950c0830b0 1508       3       java.util.concurrent.ConcurrentHashMap$ValueIterator::<init> (12 bytes)
Event: 1.166 Thread 0x000001950c0830b0 nmethod 1508 0x00000195714dd310 code [0x00000195714dd4a0, 0x00000195714dd5e8]
Event: 1.360 Thread 0x000001950c0830b0 1509       3       java.util.zip.ZipUtils::LOCSIG (6 bytes)
Event: 1.360 Thread 0x000001950c0830b0 nmethod 1509 0x00000195714dd690 code [0x00000195714dd840, 0x00000195714ddb18]

GC Heap History (2 events):
Event: 1.069 GC heap before
{Heap before GC invocations=0 (full 0):
 garbage-first heap   total 260096K, used 20480K [0x0000000703800000, 0x0000000800000000)
  region size 2048K, 11 young (22528K), 0 survivors (0K)
 Metaspace       used 11959K, committed 12224K, reserved 1064960K
  class space    used 1096K, committed 1216K, reserved 1048576K
}
Event: 1.073 GC heap after
{Heap after GC invocations=1 (full 0):
 garbage-first heap   total 260096K, used 5394K [0x0000000703800000, 0x0000000800000000)
  region size 2048K, 2 young (4096K), 2 survivors (4096K)
 Metaspace       used 11959K, committed 12224K, reserved 1064960K
  class space    used 1096K, committed 1216K, reserved 1048576K
}

Deoptimization events (20 events):
Event: 0.975 Thread 0x00000195694a8be0 DEOPT PACKING pc=0x00000195787e6f84 sp=0x0000007bd7bfe0a0
Event: 0.975 Thread 0x00000195694a8be0 DEOPT UNPACKING pc=0x0000019570d15c23 sp=0x0000007bd7bfe030 mode 2
Event: 0.982 Thread 0x00000195694a8be0 Uncommon trap: trap_request=0xffffffc6 fr.pc=0x00000195787cd820 relative=0x0000000000001260
Event: 0.982 Thread 0x00000195694a8be0 Uncommon trap: reason=bimorphic_or_optimized_type_check action=maybe_recompile pc=0x00000195787cd820 method=java.util.HashMap.putVal(ILjava/lang/Object;Ljava/lang/Object;ZZ)Ljava/lang/Object; @ 56 c2
Event: 0.982 Thread 0x00000195694a8be0 DEOPT PACKING pc=0x00000195787cd820 sp=0x0000007bd7bfd540
Event: 0.982 Thread 0x00000195694a8be0 DEOPT UNPACKING pc=0x0000019570d15c23 sp=0x0000007bd7bfd470 mode 2
Event: 0.982 Thread 0x00000195694a8be0 Uncommon trap: trap_request=0xffffffc6 fr.pc=0x00000195787cd820 relative=0x0000000000001260
Event: 0.982 Thread 0x00000195694a8be0 Uncommon trap: reason=bimorphic_or_optimized_type_check action=maybe_recompile pc=0x00000195787cd820 method=java.util.HashMap.putVal(ILjava/lang/Object;Ljava/lang/Object;ZZ)Ljava/lang/Object; @ 56 c2
Event: 0.982 Thread 0x00000195694a8be0 DEOPT PACKING pc=0x00000195787cd820 sp=0x0000007bd7bfd540
Event: 0.982 Thread 0x00000195694a8be0 DEOPT UNPACKING pc=0x0000019570d15c23 sp=0x0000007bd7bfd470 mode 2
Event: 0.982 Thread 0x00000195694a8be0 Uncommon trap: trap_request=0xffffffc6 fr.pc=0x00000195787cd820 relative=0x0000000000001260
Event: 0.982 Thread 0x00000195694a8be0 Uncommon trap: reason=bimorphic_or_optimized_type_check action=maybe_recompile pc=0x00000195787cd820 method=java.util.HashMap.putVal(ILjava/lang/Object;Ljava/lang/Object;ZZ)Ljava/lang/Object; @ 56 c2
Event: 0.982 Thread 0x00000195694a8be0 DEOPT PACKING pc=0x00000195787cd820 sp=0x0000007bd7bfd540
Event: 0.982 Thread 0x00000195694a8be0 DEOPT UNPACKING pc=0x0000019570d15c23 sp=0x0000007bd7bfd470 mode 2
Event: 0.982 Thread 0x00000195694a8be0 Uncommon trap: trap_request=0xffffffc6 fr.pc=0x00000195787cd820 relative=0x0000000000001260
Event: 0.982 Thread 0x00000195694a8be0 Uncommon trap: reason=bimorphic_or_optimized_type_check action=maybe_recompile pc=0x00000195787cd820 method=java.util.HashMap.putVal(ILjava/lang/Object;Ljava/lang/Object;ZZ)Ljava/lang/Object; @ 56 c2
Event: 0.982 Thread 0x00000195694a8be0 DEOPT PACKING pc=0x00000195787cd820 sp=0x0000007bd7bfd540
Event: 0.982 Thread 0x00000195694a8be0 DEOPT UNPACKING pc=0x0000019570d15c23 sp=0x0000007bd7bfd470 mode 2
Event: 1.110 Thread 0x00000195694a8be0 DEOPT PACKING pc=0x00000195714cc78a sp=0x0000007bd7bff260
Event: 1.110 Thread 0x00000195694a8be0 DEOPT UNPACKING pc=0x0000019570d16763 sp=0x0000007bd7bfe808 mode 0

Classes unloaded (0 events):
No events

Classes redefined (0 events):
No events

Internal exceptions (20 events):
Event: 0.261 Thread 0x000001950c073140 Exception <a 'java/lang/NoSuchMethodError'{0x0000000712ecc1c8}: 'int java.lang.invoke.DirectMethodHandle$Holder.invokeInterface(java.lang.Object, java.lang.Object)'> (0x0000000712ecc1c8) 
thrown [t:\workspace\open\src\hotspot\share\interpreter\linkResolver.cpp, line 766]
Event: 0.262 Thread 0x000001950c073140 Exception <a 'java/lang/IncompatibleClassChangeError'{0x0000000712ecf7c8}: Found class java.lang.Object, but interface was expected> (0x0000000712ecf7c8) 
thrown [t:\workspace\open\src\hotspot\share\interpreter\linkResolver.cpp, line 833]
Event: 0.279 Thread 0x00000195694a8be0 Exception <a 'sun/nio/fs/WindowsException'{0x0000000712c25828}> (0x0000000712c25828) 
thrown [t:\workspace\open\src\hotspot\share\prims\jni.cpp, line 516]
Event: 0.279 Thread 0x00000195694a8be0 Exception <a 'sun/nio/fs/WindowsException'{0x0000000712c25ba0}> (0x0000000712c25ba0) 
thrown [t:\workspace\open\src\hotspot\share\prims\jni.cpp, line 516]
Event: 0.362 Thread 0x000001950c073140 Exception <a 'java/lang/NoSuchMethodError'{0x0000000712a12438}: 'void java.lang.invoke.DirectMethodHandle$Holder.invokeStatic(java.lang.Object, java.lang.Object, java.lang.Object)'> (0x0000000712a12438) 
thrown [t:\workspace\open\src\hotspot\share\interpreter\linkResolver.cpp, line 766]
Event: 0.386 Thread 0x000001950c073140 Exception <a 'java/lang/NoSuchMethodError'{0x0000000712abd588}: 'java.lang.Object java.lang.invoke.DirectMethodHandle$Holder.invokeStaticInit(java.lang.Object, int, int, int, int)'> (0x0000000712abd588) 
thrown [t:\workspace\open\src\hotspot\share\interpreter\linkResolver.cpp, line 766]
Event: 0.452 Thread 0x000001950c073140 Exception <a 'java/lang/NoSuchMethodError'{0x00000007128041e8}: 'java.lang.Object java.lang.invoke.DirectMethodHandle$Holder.invokeStaticInit(java.lang.Object, java.lang.Object, int, int, int, int)'> (0x00000007128041e8) 
thrown [t:\workspace\open\src\hotspot\share\interpreter\linkResolver.cpp, line 766]
Event: 0.455 Thread 0x00000195694a8be0 Exception <a 'sun/nio/fs/WindowsException'{0x0000000712b7b0e8}> (0x0000000712b7b0e8) 
thrown [t:\workspace\open\src\hotspot\share\prims\jni.cpp, line 516]
Event: 0.455 Thread 0x00000195694a8be0 Exception <a 'sun/nio/fs/WindowsException'{0x0000000712b7b498}> (0x0000000712b7b498) 
thrown [t:\workspace\open\src\hotspot\share\prims\jni.cpp, line 516]
Event: 0.460 Thread 0x00000195694a8be0 Exception <a 'sun/nio/fs/WindowsException'{0x0000000712b877a0}> (0x0000000712b877a0) 
thrown [t:\workspace\open\src\hotspot\share\prims\jni.cpp, line 516]
Event: 0.460 Thread 0x00000195694a8be0 Exception <a 'sun/nio/fs/WindowsException'{0x0000000712b87a90}> (0x0000000712b87a90) 
thrown [t:\workspace\open\src\hotspot\share\prims\jni.cpp, line 516]
Event: 0.468 Thread 0x000001950c073140 Exception <a 'java/lang/ClassNotFoundException'{0x0000000712822770}: javax/management/remote/rmi/RMIServerImpl_Skel> (0x0000000712822770) 
thrown [t:\workspace\open\src\hotspot\share\classfile\systemDictionary.cpp, line 256]
Event: 0.546 Thread 0x00000195138d7c20 Exception <a 'java/lang/NoSuchMethodError'{0x00000007126f13c8}: static [B.<clinit>()V> (0x00000007126f13c8) 
thrown [t:\workspace\open\src\hotspot\share\prims\jni.cpp, line 1107]
Event: 0.555 Thread 0x00000195138d7c20 Exception <a 'java/lang/ClassNotFoundException'{0x0000000712414fd0}: javax/management/remote/rmi/RMIConnectionImpl_Skel> (0x0000000712414fd0) 
thrown [t:\workspace\open\src\hotspot\share\classfile\systemDictionary.cpp, line 256]
Event: 0.921 Thread 0x00000195694a8be0 Exception <a 'java/lang/ClassNotFoundException'{0x0000000712595f30}: sun/awt/resources/spi/awtProvider> (0x0000000712595f30) 
thrown [t:\workspace\open\src\hotspot\share\classfile\systemDictionary.cpp, line 256]
Event: 0.926 Thread 0x00000195694a8be0 Exception <a 'java/io/FileNotFoundException'{0x00000007125a41b0}> (0x00000007125a41b0) 
thrown [t:\workspace\open\src\hotspot\share\prims\jni.cpp, line 516]
Event: 0.929 Thread 0x00000195694a8be0 Exception <a 'java/io/FileNotFoundException'{0x00000007125d1080}> (0x00000007125d1080) 
thrown [t:\workspace\open\src\hotspot\share\prims\jni.cpp, line 516]
Event: 1.151 Thread 0x00000195694a8be0 Exception <a 'java/lang/NoSuchMethodError'{0x0000000712e30548}: 'void java.lang.invoke.DirectMethodHandle$Holder.invokeVirtual(java.lang.Object, java.lang.Object, long, double, double)'> (0x0000000712e30548) 
thrown [t:\workspace\open\src\hotspot\share\interpreter\linkResolver.cpp, line 766]
Event: 1.152 Thread 0x00000195694a8be0 Exception <a 'java/lang/NoSuchMethodError'{0x0000000712e36098}: 'void java.lang.invoke.DirectMethodHandle$Holder.invokeVirtual(java.lang.Object, java.lang.Object, long, int, int, int)'> (0x0000000712e36098) 
thrown [t:\workspace\open\src\hotspot\share\interpreter\linkResolver.cpp, line 766]
Event: 1.153 Thread 0x00000195694a8be0 Exception <a 'java/lang/NoSuchMethodError'{0x0000000712e400d8}: 'void java.lang.invoke.DirectMethodHandle$Holder.invokeVirtual(java.lang.Object, java.lang.Object, long, int, int, int, int)'> (0x0000000712e400d8) 
thrown [t:\workspace\open\src\hotspot\share\interpreter\linkResolver.cpp, line 766]

VM Operations (18 events):
Event: 0.189 Executing VM operation: HandshakeAllThreads
Event: 0.190 Executing VM operation: HandshakeAllThreads done
Event: 0.378 Executing VM operation: HandshakeAllThreads
Event: 0.378 Executing VM operation: HandshakeAllThreads done
Event: 0.543 Executing VM operation: HandshakeAllThreads
Event: 0.543 Executing VM operation: HandshakeAllThreads done
Event: 0.551 Executing VM operation: ICBufferFull
Event: 0.551 Executing VM operation: ICBufferFull done
Event: 0.555 Executing VM operation: HandshakeAllThreads
Event: 0.555 Executing VM operation: HandshakeAllThreads done
Event: 0.956 Executing VM operation: HandshakeAllThreads
Event: 0.956 Executing VM operation: HandshakeAllThreads done
Event: 0.982 Executing VM operation: HandshakeAllThreads
Event: 0.982 Executing VM operation: HandshakeAllThreads done
Event: 0.993 Executing VM operation: HandshakeAllThreads
Event: 0.993 Executing VM operation: HandshakeAllThreads done
Event: 1.068 Executing VM operation: G1CollectForAllocation
Event: 1.073 Executing VM operation: G1CollectForAllocation done

Events (20 events):
Event: 1.042 loading class javax/imageio/ImageTypeSpecifier$Packed
Event: 1.042 loading class javax/imageio/ImageTypeSpecifier$Packed done
Event: 1.042 loading class java/awt/image/DataBufferByte
Event: 1.042 loading class java/awt/image/DataBufferByte done
Event: 1.042 loading class sun/awt/image/ByteInterleavedRaster
Event: 1.042 loading class sun/awt/image/ByteComponentRaster
Event: 1.042 loading class sun/awt/image/ByteComponentRaster done
Event: 1.042 loading class sun/awt/image/ByteInterleavedRaster done
Event: 1.043 loading class java/awt/image/BufferedImage$1
Event: 1.043 loading class java/awt/image/BufferedImage$1 done
Event: 1.043 loading class sun/awt/image/ShortComponentRaster
Event: 1.043 loading class sun/awt/image/ShortComponentRaster done
Event: 1.043 loading class com/sun/imageio/plugins/common/ReaderUtil
Event: 1.043 loading class com/sun/imageio/plugins/common/ReaderUtil done
Event: 1.135 loading class java/io/UncheckedIOException
Event: 1.135 loading class java/io/UncheckedIOException done
Event: 1.135 loading class java/nio/file/AccessDeniedException
Event: 1.135 loading class java/nio/file/AccessDeniedException done
Event: 1.138 Loaded shared library C:\RT\VoluMarch\lib\imgui-java64.dll
Event: 1.360 Thread 0x0000019513d784f0 Thread exited: 0x0000019513d784f0


Dynamic libraries:
0x00007ff7cc860000 - 0x00007ff7cc870000 	C:\Program Files\Java\jdk-17.0.2\bin\java.exe
0x00007ffd9c610000 - 0x00007ffd9c808000 	C:\Windows\SYSTEM32\ntdll.dll
0x00007ffd9b580000 - 0x00007ffd9b642000 	C:\Windows\System32\KERNEL32.DLL
0x00007ffd99df0000 - 0x00007ffd9a0ef000 	C:\Windows\System32\KERNELBASE.dll
0x00007ffd9a0f0000 - 0x00007ffd9a1f0000 	C:\Windows\System32\ucrtbase.dll
0x00007ffd93650000 - 0x00007ffd93668000 	C:\Program Files\Java\jdk-17.0.2\bin\jli.dll
0x00007ffd93630000 - 0x00007ffd9364a000 	C:\Program Files\Java\jdk-17.0.2\bin\VCRUNTIME140.dll
0x00007ffd9b650000 - 0x00007ffd9b6ff000 	C:\Windows\System32\ADVAPI32.dll
0x00007ffd9c080000 - 0x00007ffd9c11e000 	C:\Windows\System32\msvcrt.dll
0x00007ffd9c180000 - 0x00007ffd9c21f000 	C:\Windows\System32\sechost.dll
0x00007ffd9a630000 - 0x00007ffd9a753000 	C:\Windows\System32\RPCRT4.dll
0x00007ffd99cb0000 - 0x00007ffd99cd7000 	C:\Windows\System32\bcrypt.dll
0x00007ffd9aa30000 - 0x00007ffd9abcd000 	C:\Windows\System32\USER32.dll
0x00007ffd9a500000 - 0x00007ffd9a522000 	C:\Windows\System32\win32u.dll
0x00007ffd9a760000 - 0x00007ffd9a78b000 	C:\Windows\System32\GDI32.dll
0x00007ffd7c790000 - 0x00007ffd7ca2a000 	C:\Windows\WinSxS\amd64_microsoft.windows.common-controls_6595b64144ccf1df_6.0.19041.4355_none_60b8b9eb71f62e16\COMCTL32.dll
0x00007ffd9a3e0000 - 0x00007ffd9a4fa000 	C:\Windows\System32\gdi32full.dll
0x00007ffd99d50000 - 0x00007ffd99ded000 	C:\Windows\System32\msvcp_win.dll
0x00007ffd91200000 - 0x00007ffd9120a000 	C:\Windows\SYSTEM32\VERSION.dll
0x00007ffd9c5a0000 - 0x00007ffd9c5cf000 	C:\Windows\System32\IMM32.DLL
0x00007ffd91ea0000 - 0x00007ffd91eac000 	C:\Program Files\Java\jdk-17.0.2\bin\vcruntime140_1.dll
0x00007ffd7cb20000 - 0x00007ffd7cbad000 	C:\Program Files\Java\jdk-17.0.2\bin\msvcp140.dll
0x00007ffd3b980000 - 0x00007ffd3c541000 	C:\Program Files\Java\jdk-17.0.2\bin\server\jvm.dll
0x00007ffd977d0000 - 0x00007ffd977f7000 	C:\Windows\SYSTEM32\WINMM.dll
0x00007ffd6e060000 - 0x00007ffd6e069000 	C:\Windows\SYSTEM32\WSOCK32.dll
0x00007ffd9b3a0000 - 0x00007ffd9b3a8000 	C:\Windows\System32\PSAPI.DLL
0x00007ffd9b430000 - 0x00007ffd9b49b000 	C:\Windows\System32\WS2_32.dll
0x00007ffd984d0000 - 0x00007ffd984e2000 	C:\Windows\SYSTEM32\kernel.appcore.dll
0x00007ffd91e90000 - 0x00007ffd91e9a000 	C:\Program Files\Java\jdk-17.0.2\bin\jimage.dll
0x00007ffd975c0000 - 0x00007ffd977a4000 	C:\Windows\SYSTEM32\DBGHELP.DLL
0x00007ffd97800000 - 0x00007ffd97834000 	C:\Windows\SYSTEM32\dbgcore.DLL
0x00007ffd9a350000 - 0x00007ffd9a3d2000 	C:\Windows\System32\bcryptPrimitives.dll
0x00007ffd90490000 - 0x00007ffd9049e000 	C:\Program Files\Java\jdk-17.0.2\bin\instrument.dll
0x00007ffd8e540000 - 0x00007ffd8e565000 	C:\Program Files\Java\jdk-17.0.2\bin\java.dll
0x00007ffd66c30000 - 0x00007ffd66d06000 	C:\Program Files\Java\jdk-17.0.2\bin\jsvml.dll
0x00007ffd9ac30000 - 0x00007ffd9b39d000 	C:\Windows\System32\SHELL32.dll
0x00007ffd97d10000 - 0x00007ffd984b4000 	C:\Windows\SYSTEM32\windows.storage.dll
0x00007ffd9bc90000 - 0x00007ffd9bfe5000 	C:\Windows\System32\combase.dll
0x00007ffd996e0000 - 0x00007ffd9970b000 	C:\Windows\SYSTEM32\Wldp.dll
0x00007ffd9c340000 - 0x00007ffd9c40d000 	C:\Windows\System32\OLEAUT32.dll
0x00007ffd9b4c0000 - 0x00007ffd9b56d000 	C:\Windows\System32\SHCORE.dll
0x00007ffd9c540000 - 0x00007ffd9c595000 	C:\Windows\System32\shlwapi.dll
0x00007ffd99be0000 - 0x00007ffd99c05000 	C:\Windows\SYSTEM32\profapi.dll
0x00007ffd8e480000 - 0x00007ffd8e498000 	C:\Program Files\Java\jdk-17.0.2\bin\zip.dll
0x00007ffd90470000 - 0x00007ffd90489000 	C:\Program Files\Java\jdk-17.0.2\bin\net.dll
0x00007ffd96c60000 - 0x00007ffd96d6a000 	C:\Windows\SYSTEM32\WINHTTP.dll
0x00007ffd99440000 - 0x00007ffd994ac000 	C:\Windows\system32\mswsock.dll
0x00007ffd8e4a0000 - 0x00007ffd8e4b6000 	C:\Program Files\Java\jdk-17.0.2\bin\nio.dll
0x00007ffd8e3d0000 - 0x00007ffd8e3ea000 	C:\Program Files\JetBrains\IntelliJ IDEA 2024.3.3\bin\breakgen64.dll
0x00007ffd99110000 - 0x00007ffd991da000 	C:\Windows\SYSTEM32\DNSAPI.dll
0x00007ffd990d0000 - 0x00007ffd9910b000 	C:\Windows\SYSTEM32\IPHLPAPI.DLL
0x00007ffd9a940000 - 0x00007ffd9a948000 	C:\Windows\System32\NSI.dll
0x00007ffd73e50000 - 0x00007ffd73eca000 	C:\Users\Lenovo\AppData\Local\Temp\lwjgl_Lenovo\3.3.2+13\x64\lwjgl.dll
0x00007ffd91250000 - 0x00007ffd9125a000 	C:\Windows\System32\rasadhlp.dll
0x00007ffd8ebf0000 - 0x00007ffd8ec70000 	C:\Windows\System32\fwpuclnt.dll
0x00007ffd903b0000 - 0x00007ffd903b9000 	C:\Program Files\Java\jdk-17.0.2\bin\management.dll
0x00007ffd8e3c0000 - 0x00007ffd8e3cb000 	C:\Program Files\Java\jdk-17.0.2\bin\management_ext.dll
0x00007ffd6a2a0000 - 0x00007ffd6a322000 	C:\Users\Lenovo\AppData\Local\Temp\lwjgl_Lenovo\3.3.2+13\x64\glfw.dll
0x00007ffd8c930000 - 0x00007ffd8c975000 	C:\Windows\SYSTEM32\dinput8.dll
0x00007ffd8c8c0000 - 0x00007ffd8c8d1000 	C:\Windows\SYSTEM32\xinput1_4.dll
0x00007ffd9a5e0000 - 0x00007ffd9a62e000 	C:\Windows\System32\cfgmgr32.dll
0x00007ffd99a50000 - 0x00007ffd99a83000 	C:\Windows\SYSTEM32\DEVOBJ.dll
0x00007ffd971b0000 - 0x00007ffd971df000 	C:\Windows\SYSTEM32\dwmapi.dll
0x00007ffd81bb0000 - 0x00007ffd81d02000 	C:\Windows\SYSTEM32\inputhost.dll
0x00007ffd92b20000 - 0x00007ffd92c77000 	C:\Windows\SYSTEM32\wintypes.dll
0x00007ffd91a00000 - 0x00007ffd91af2000 	C:\Windows\SYSTEM32\CoreMessaging.dll
0x00007ffd908e0000 - 0x00007ffd90c3b000 	C:\Windows\SYSTEM32\CoreUIComponents.dll
0x00007ffd93100000 - 0x00007ffd931f6000 	C:\Windows\SYSTEM32\PROPSYS.dll
0x00007ffd98f40000 - 0x00007ffd98f73000 	C:\Windows\SYSTEM32\ntmarta.dll
0x00007ffd938b0000 - 0x00007ffd9394e000 	C:\Windows\system32\uxtheme.dll
0x00007ffd9c220000 - 0x00007ffd9c335000 	C:\Windows\System32\MSCTF.dll
0x00007ffd52be0000 - 0x00007ffd52d08000 	C:\Windows\SYSTEM32\opengl32.dll
0x00007ffd534f0000 - 0x00007ffd5351c000 	C:\Windows\SYSTEM32\GLU32.dll
0x00007ffd9bb80000 - 0x00007ffd9bc29000 	C:\Windows\System32\clbcatq.dll
0x00007ffd26eb0000 - 0x00007ffd27f1b000 	C:\Windows\System32\DriverStore\FileRepository\iigd_dch.inf_amd64_e8ea786461261bbf\ig11icd64.dll
0x00007ffd9c410000 - 0x00007ffd9c53b000 	C:\Windows\System32\ole32.dll
0x00007ffd98580000 - 0x00007ffd98676000 	C:\Windows\system32\dxgi.dll
0x00007ffd3ce70000 - 0x00007ffd3d277000 	C:\Windows\System32\DriverStore\FileRepository\iigd_dch.inf_amd64_e8ea786461261bbf\igdml64.dll
0x00007ffd874a0000 - 0x00007ffd8774a000 	C:\Windows\System32\DriverStore\FileRepository\iigd_dch.inf_amd64_e8ea786461261bbf\igdgmm64.dll
0x00007ffd848c0000 - 0x00007ffd8744f000 	C:\Windows\System32\DriverStore\FileRepository\iigd_dch.inf_amd64_e8ea786461261bbf\igc64.dll
0x00007ffd991f0000 - 0x00007ffd9923b000 	C:\Windows\SYSTEM32\powrprof.dll
0x00007ffd990b0000 - 0x00007ffd990c2000 	C:\Windows\SYSTEM32\UMPDC.dll
0x00007ffd99630000 - 0x00007ffd99648000 	C:\Windows\SYSTEM32\CRYPTSP.dll
0x00007ffd98cf0000 - 0x00007ffd98d28000 	C:\Windows\system32\rsaenh.dll
0x00007ffd99b60000 - 0x00007ffd99b8e000 	C:\Windows\SYSTEM32\USERENV.dll
0x00007ffd99650000 - 0x00007ffd9965c000 	C:\Windows\SYSTEM32\CRYPTBASE.dll
0x00007ffd92300000 - 0x00007ffd92317000 	C:\Windows\SYSTEM32\dhcpcsvc6.DLL
0x00007ffd922e0000 - 0x00007ffd922fd000 	C:\Windows\SYSTEM32\dhcpcsvc.DLL
0x00007ffd81d10000 - 0x00007ffd81e09000 	C:\Windows\SYSTEM32\textinputframework.dll
0x00007ffd74230000 - 0x00007ffd7428e000 	C:\Users\Lenovo\AppData\Local\Temp\lwjgl_Lenovo\3.3.2+13\x64\lwjgl_opengl.dll
0x00007ffd6e720000 - 0x00007ffd6e737000 	C:\Windows\system32\napinsp.dll
0x00007ffd6e350000 - 0x00007ffd6e36b000 	C:\Windows\system32\pnrpnsp.dll
0x00007ffd92aa0000 - 0x00007ffd92ab5000 	C:\Windows\system32\wshbth.dll
0x00007ffd92970000 - 0x00007ffd9298d000 	C:\Windows\system32\NLAapi.dll
0x00007ffd6e330000 - 0x00007ffd6e342000 	C:\Windows\System32\winrnr.dll
0x00007ffd8ab30000 - 0x00007ffd8ab81000 	C:\Windows\SYSTEM32\pdh.dll
0x00007ffd8c920000 - 0x00007ffd8c92f000 	C:\Windows\System32\perfproc.dll
0x00007ffd5d9c0000 - 0x00007ffd5d9cf000 	C:\Windows\System32\perfos.dll
0x00007ffd63cb0000 - 0x00007ffd63e3f000 	C:\Program Files\Java\jdk-17.0.2\bin\awt.dll
0x00007ffd91160000 - 0x00007ffd911f4000 	C:\Windows\SYSTEM32\apphelp.dll
0x00007ffd64a50000 - 0x00007ffd64ad9000 	C:\Program Files\Java\jdk-17.0.2\bin\freetype.dll
0x00007ffd649a0000 - 0x00007ffd64a48000 	C:\Program Files\Java\jdk-17.0.2\bin\fontmanager.dll
0x00007ffd266b0000 - 0x00007ffd26ea4000 	C:\RT\VoluMarch\lib\imgui-java64.dll

dbghelp: loaded successfully - version: 4.0.5 - missing functions: none
symbol engine: initialized successfully - sym options: 0x614 - pdb path: .;C:\Program Files\Java\jdk-17.0.2\bin;C:\Windows\SYSTEM32;C:\Windows\WinSxS\amd64_microsoft.windows.common-controls_6595b64144ccf1df_6.0.19041.4355_none_60b8b9eb71f62e16;C:\Program Files\Java\jdk-17.0.2\bin\server;C:\Program Files\JetBrains\IntelliJ IDEA 2024.3.3\bin;C:\Users\Lenovo\AppData\Local\Temp\lwjgl_Lenovo\3.3.2+13\x64;C:\Windows\System32\DriverStore\FileRepository\iigd_dch.inf_amd64_e8ea786461261bbf;C:\RT\VoluMarch\lib

VM Arguments:
jvm_args: -Djava.library.path=C:\RT\VoluMarch\lib -javaagent:C:\Program Files\JetBrains\IntelliJ IDEA 2024.3.3\lib\idea_rt.jar=57857:C:\Program Files\JetBrains\IntelliJ IDEA 2024.3.3\bin -Dfile.encoding=UTF-8 
java_command: VolumeRaymarchLWJGLWithImGui
java_class_path (initial): C:\RT\VoluMarch\out\production\VoluMarch;C:\RT\VoluMarch\lib\lwjgl-glfw-natives-linux.jar;C:\RT\VoluMarch\lib\lwjgl-glfw-natives-windows-arm64.jar;C:\RT\VoluMarch\lib\lwjgl-glfw-natives-windows-x86.jar;C:\RT\VoluMarch\lib\lwjgl-glfw-natives-windows.jar;C:\RT\VoluMarch\lib\lwjgl-glfw.jar;C:\RT\VoluMarch\lib\lwjgl-natives-windows-arm64.jar;C:\RT\VoluMarch\lib\lwjgl-natives-windows.jar;C:\RT\VoluMarch\lib\lwjgl-opengl-natives-windows-arm64.jar;C:\RT\VoluMarch\lib\lwjgl-opengl-natives-windows.jar;C:\RT\VoluMarch\lib\lwjgl-opengl.jar;C:\RT\VoluMarch\lib\lwjgl-stb.jar;C:\RT\VoluMarch\lib\lwjgl.jar;C:\RT\VoluMarch\lib\slick.jar;C:\RT\VoluMarch\lib\lwjgl-stb-natives-windows.jar;C:\RT\VoluMarch\lib\imgui-binding-1.89.0.jar;C:\RT\VoluMarch\lib\imgui-lwjgl3-1.89.0.jar;C:\RT\VoluMarch\lib\lwjgl-openxr.jar;C:\RT\VoluMarch\lib\lwjgl-openxr-natives-windows.jar;C:\RT\VoluMarch\lib\lwjgl-openxr-natives-windows-arm64.jar
Launcher Type: SUN_STANDARD

[Global flags]
     intx CICompilerCount                          = 4                                         {product} {ergonomic}
     uint ConcGCThreads                            = 2                                         {product} {ergonomic}
     uint G1ConcRefinementThreads                  = 8                                         {product} {ergonomic}
   size_t G1HeapRegionSize                         = 2097152                                   {product} {ergonomic}
    uintx GCDrainStackTargetSize                   = 64                                        {product} {ergonomic}
   size_t InitialHeapSize                          = 266338304                                 {product} {ergonomic}
   size_t MarkStackSize                            = 4194304                                   {product} {ergonomic}
   size_t MaxHeapSize                              = 4236247040                                {product} {ergonomic}
   size_t MaxNewSize                               = 2541748224                                {product} {ergonomic}
   size_t MinHeapDeltaBytes                        = 2097152                                   {product} {ergonomic}
   size_t MinHeapSize                              = 8388608                                   {product} {ergonomic}
    uintx NonNMethodCodeHeapSize                   = 5839372                                {pd product} {ergonomic}
    uintx NonProfiledCodeHeapSize                  = 122909434                              {pd product} {ergonomic}
    uintx ProfiledCodeHeapSize                     = 122909434                              {pd product} {ergonomic}
    uintx ReservedCodeCacheSize                    = 251658240                              {pd product} {ergonomic}
     bool SegmentedCodeCache                       = true                                      {product} {ergonomic}
   size_t SoftMaxHeapSize                          = 4236247040                             {manageable} {ergonomic}
     bool UseCompressedClassPointers               = true                           {product lp64_product} {ergonomic}
     bool UseCompressedOops                        = true                           {product lp64_product} {ergonomic}
     bool UseG1GC                                  = true                                      {product} {ergonomic}
     bool UseLargePagesIndividualAllocation        = false                                  {pd product} {ergonomic}

Logging:
Log output configuration:
 #0: stdout all=warning uptime,level,tags
 #1: stderr all=off uptime,level,tags

Environment Variables:
JAVA_HOME=C:\Program Files\Java\jdk-17.0.2
PATH=C:\Program Files\Java\jdk-17.0.2;C:\Program Files\Zulu\zulu-17\bin\;C:\Program Files\Java\jdk-11.0.11;C:\Program Files\Common Files\Oracle\Java\javapath;C:\Program Files\apache-maven-3.8.1\bin;C:\Windows\system32;C:\Program Files (x86)\GnuWin32\bin;C:\Windows\System32\OpenSSH;C:\Program Files\Git\cmd;C:\Program Files\dotnet\;C:\Program Files\Git LFS;C:\Program Files (x86)\GtkSharp\2.12\bin;C:\Users\Lenovo\AppData\Local\Programs\Python\Python310\Scripts\;C:\Users\Lenovo\AppData\Local\Programs\Python\Python310\;C:\Program Files\Java\jdk-16.0.1;C:\Program Files\JetBrains\IntelliJ IDEA Community Edition 2021.3.3\bin;;C:\Users\Lenovo\AppData\Local\Programs\Microsoft VS Code\bin;C:\Program Files\node-v14.18.1-win-x64;C:\Program Files\JetBrains\PyCharm Community Edition 2021.2.3\bin;;C:\Program Files\JetBrains\IntelliJ IDEA 2024.3.3\bin;;C:\Program Files\JetBrains\DataGrip 2022.1.4\bin;;C:\Users\Lenovo\.dotnet\tools;C:\Users\Lenovo\AppData\Local\GitHubDesktop\bin
USERNAME=Lenovo
OS=Windows_NT
PROCESSOR_IDENTIFIER=Intel64 Family 6 Model 126 Stepping 5, GenuineIntel



---------------  S Y S T E M  ---------------

OS:
 Windows 10 , 64 bit Build 19041 (10.0.19041.5438)
OS uptime: 3 days 7:35 hours

CPU: total 8 (initial active 8) (4 cores per cpu, 2 threads per core) family 6 model 126 stepping 5 microcode 0x70, cx8, cmov, fxsr, ht, mmx, 3dnowpref, sse, sse2, sse3, ssse3, sse4.1, sse4.2, popcnt, lzcnt, tsc, tscinvbit, avx, avx2, aes, erms, clmul, bmi1, bmi2, adx, avx512f, avx512dq, avx512cd, avx512bw, avx512vl, sha, fma, vzeroupper, avx512_vpopcntdq, avx512_vpclmulqdq, avx512_vaes, avx512_vnni, clflush, clflushopt, avx512_vbmi2, avx512_vbmi

Memory: 4k page, system-wide physical 16152M (4166M free)
TotalPageFile size 19112M (AvailPageFile size 3233M)
current process WorkingSet (physical memory assigned to process): 198M, peak: 216M
current process commit charge ("private bytes"): 436M, peak: 451M

vm_info: Java HotSpot(TM) 64-Bit Server VM (17.0.2+8-LTS-86) for windows-amd64 JRE (17.0.2+8-LTS-86), built on Dec  7 2021 21:51:03 by "mach5one" with MS VC++ 16.8 / 16.9 (VS2019)

END.
