#
# A fatal error has been detected by the Java Runtime Environment:
#
#  EXCEPTION_ACCESS_VIOLATION (0xc0000005) at pc=0x00007ff866e3e4c4, pid=14052, tid=28812
#
# JRE version: OpenJDK Runtime Environment (17.0.2+8) (build 17.0.2+8-86)
# Java VM: OpenJDK 64-Bit Server VM (17.0.2+8-86, mixed mode, sharing, tiered, compressed oops, compressed class ptrs, g1 gc, windows-amd64)
# Problematic frame:
# C  [imgui-java64.dll+0x6e4c4]
#
# No core dump will be written. Minidumps are not enabled by default on client versions of Windows
#
# If you would like to submit a bug report, please visit:
#   https://bugreport.java.com/bugreport/crash.jsp
# The crash happened outside the Java Virtual Machine in native code.
# See problematic frame for where to report the bug.
#

---------------  S U M M A R Y ------------

Command Line: -Djava.library.path=C:\RT\VoluMarch\lib -javaagent:C:\Program Files\JetBrains\IntelliJ IDEA 2024.3\lib\idea_rt.jar=51520:C:\Program Files\JetBrains\IntelliJ IDEA 2024.3\bin -Dfile.encoding=UTF-8 VolumeRaymarchLWJGL

Host: Intel(R) Core(TM) i5-9400F CPU @ 2.90GHz, 6 cores, 15G,  Windows 10 , 64 bit Build 19041 (10.0.19041.5438)
Time: Fri Apr  4 09:36:48 2025 W. Europe Daylight Time elapsed time: 1.287696 seconds (0d 0h 0m 1s)

---------------  T H R E A D  ---------------

Current thread (0x0000016cde698ae0):  JavaThread "main" [_thread_in_native, id=28812, stack(0x0000001192d00000,0x0000001192e00000)]

Stack: [0x0000001192d00000,0x0000001192e00000],  sp=0x0000001192dff0f0,  free space=1020k
Native frames: (J=compiled Java code, j=interpreted, Vv=VM code, C=native code)
C  [imgui-java64.dll+0x6e4c4]

Java frames: (J=compiled Java code, j=interpreted, Vv=VM code)
j  imgui.ImDrawData.nGetDisplaySizeX()F+0
j  imgui.ImDrawData.getDisplaySizeX()F+1
j  imgui.gl3.ImGuiImplGl3.renderDrawData(Limgui/ImDrawData;)V+1
j  VolumeRaymarchLWJGL.loop()V+389
j  VolumeRaymarchLWJGL.run()V+5
j  VolumeRaymarchLWJGL.main([Ljava/lang/String;)V+7
v  ~StubRoutines::call_stub

siginfo: EXCEPTION_ACCESS_VIOLATION (0xc0000005), reading address 0x0000000000000028


Register to memory mapping:

RIP=0x00007ff866e3e4c4 imgui-java64.dll
RAX=0x0 is NULL
RBX=0x0000016cde698d88 points into unknown readable memory: 0x0000016c843df2a0 | a0 f2 3d 84 6c 01 00 00
RCX=0x0000016cde698d88 points into unknown readable memory: 0x0000016c843df2a0 | a0 f2 3d 84 6c 01 00 00
RDX=0x0000001192dff1c8 is pointing into the stack for thread: 0x0000016cde698ae0
RSP=0x0000001192dff0f0 is pointing into the stack for thread: 0x0000016cde698ae0
RBP=0x0000001192dff1a8 is pointing into the stack for thread: 0x0000016cde698ae0
RSI=0x0000001192dff1c8 is pointing into the stack for thread: 0x0000016cde698ae0
RDI=0x0000016ce76a95cd is at code_begin+1325 in an Interpreter codelet
return entry points  [0x0000016ce76a90a0, 0x0000016ce76a9ba0]  2816 bytes
R8 =0x0000000000000042 is an unknown value
R9 =0x000000070fba81f0 is an oop: imgui.ImDrawData 
{0x000000070fba81f0} - klass: 'imgui/ImDrawData'
 - ---- fields (total size 3 words):
 - public 'ptr' 'J' @16  0 (0 0)
R10=0x00007ff8aa354a00 jvm.dll
R11=0x0000000000000004 is an unknown value
R12=0x0 is NULL
R13={method} {0x0000016c8d4f7658} 'nGetDisplaySizeX' '()F' in 'imgui/ImDrawData'
R14=0x0000001192dff1c8 is pointing into the stack for thread: 0x0000016cde698ae0
R15=0x0000016cde698ae0 is a thread


Registers:
RAX=0x0000000000000000, RBX=0x0000016cde698d88, RCX=0x0000016cde698d88, RDX=0x0000001192dff1c8
RSP=0x0000001192dff0f0, RBP=0x0000001192dff1a8, RSI=0x0000001192dff1c8, RDI=0x0000016ce76a95cd
R8 =0x0000000000000042, R9 =0x000000070fba81f0, R10=0x00007ff8aa354a00, R11=0x0000000000000004
R12=0x0000000000000000, R13=0x0000016c8d4f7650, R14=0x0000001192dff1c8, R15=0x0000016cde698ae0
RIP=0x00007ff866e3e4c4, EFLAGS=0x0000000000010246

Top of Stack: (sp=0x0000001192dff0f0)
0x0000001192dff0f0:   0000016ce76a95cd 0000016ce76ad48e
0x0000001192dff100:   0000016c8d4f7650 0000016c8d4f7650
0x0000001192dff110:   0000016c8d4f7650 0000016c8d4f7650
0x0000001192dff120:   0000000000000110 0000016ce76ad621
0x0000001192dff130:   0000016c8d4f7650 0000000000000110
0x0000001192dff140:   0000016c8d4f73e0 0000016cde698ae0
0x0000001192dff150:   0000016cde698ae0 0000016ce76ad2f6
0x0000001192dff160:   0000001192dff160 0000016c8d4f7650
0x0000001192dff170:   0000001192dff1c8 0000016c8d4f83a0
0x0000001192dff180:   0000000000000000 000000070fba36e8
0x0000001192dff190:   0000016c8d4f7650 0000000000000000
0x0000001192dff1a0:   0000001192dff1c8 0000001192dff218
0x0000001192dff1b0:   0000016ce76a9588 0000000000000000
0x0000001192dff1c0:   0000016ce76aaf79 000000070fba81f0
0x0000001192dff1d0:   0000001192dff1d0 0000016c8d4f73c9
0x0000001192dff1e0:   0000001192dff228 0000016c8d4f83a0 

Instructions: (pc=0x00007ff866e3e4c4)
0x00007ff866e3e3c4:   83 ec 20 48 89 cb 4c 89 c6 48 89 d7 e8 1b e3 18
0x00007ff866e3e3d4:   00 4c 8b 0b 48 89 fa 48 89 d9 49 89 c0 41 ff 91
0x00007ff866e3e3e4:   28 03 00 00 49 89 f0 48 89 d9 48 8b 50 20 48 83
0x00007ff866e3e3f4:   c4 20 5b 5e 5f e9 c2 e7 18 00 66 90 56 53 48 83
0x00007ff866e3e404:   ec 28 48 89 cb 48 89 d6 e8 df e2 18 00 4c 8b 0b
0x00007ff866e3e414:   48 89 f2 48 89 d9 49 89 c0 41 ff 91 28 03 00 00
0x00007ff866e3e424:   f3 0f 10 40 20 48 83 c4 28 5b 5e c3 56 53 48 83
0x00007ff866e3e434:   ec 28 48 89 cb 48 89 d6 e8 af e2 18 00 4c 8b 0b
0x00007ff866e3e444:   48 89 f2 48 89 d9 49 89 c0 41 ff 91 28 03 00 00
0x00007ff866e3e454:   f3 0f 10 40 24 48 83 c4 28 5b 5e c3 57 56 53 48
0x00007ff866e3e464:   83 ec 20 48 89 cb 4c 89 c6 48 89 d7 e8 7b e2 18
0x00007ff866e3e474:   00 4c 8b 0b 48 89 fa 48 89 d9 49 89 c0 41 ff 91
0x00007ff866e3e484:   28 03 00 00 49 89 f0 48 89 d9 48 8b 50 28 48 83
0x00007ff866e3e494:   c4 20 5b 5e 5f e9 22 e7 18 00 66 90 56 53 48 83
0x00007ff866e3e4a4:   ec 28 48 89 cb 48 89 d6 e8 3f e2 18 00 4c 8b 0b
0x00007ff866e3e4b4:   48 89 f2 48 89 d9 49 89 c0 41 ff 91 28 03 00 00
0x00007ff866e3e4c4:   f3 0f 10 40 28 48 83 c4 28 5b 5e c3 56 53 48 83
0x00007ff866e3e4d4:   ec 28 48 89 cb 48 89 d6 e8 0f e2 18 00 4c 8b 0b
0x00007ff866e3e4e4:   48 89 f2 48 89 d9 49 89 c0 41 ff 91 28 03 00 00
0x00007ff866e3e4f4:   f3 0f 10 40 2c 48 83 c4 28 5b 5e c3 57 56 53 48
0x00007ff866e3e504:   83 ec 20 48 89 cb 4c 89 c6 48 89 d7 e8 db e1 18
0x00007ff866e3e514:   00 4c 8b 0b 48 89 fa 48 89 d9 49 89 c0 41 ff 91
0x00007ff866e3e524:   28 03 00 00 49 89 f0 48 89 d9 48 8b 50 30 48 83
0x00007ff866e3e534:   c4 20 5b 5e 5f e9 82 e6 18 00 66 90 56 53 48 83
0x00007ff866e3e544:   ec 28 48 89 cb 48 89 d6 e8 9f e1 18 00 4c 8b 0b
0x00007ff866e3e554:   48 89 f2 48 89 d9 49 89 c0 41 ff 91 28 03 00 00
0x00007ff866e3e564:   f3 0f 10 40 30 48 83 c4 28 5b 5e c3 56 53 48 83
0x00007ff866e3e574:   ec 28 48 89 cb 48 89 d6 e8 6f e1 18 00 4c 8b 0b
0x00007ff866e3e584:   48 89 f2 48 89 d9 49 89 c0 41 ff 91 28 03 00 00
0x00007ff866e3e594:   f3 0f 10 40 34 48 83 c4 28 5b 5e c3 56 53 48 83
0x00007ff866e3e5a4:   ec 28 48 89 cb 48 89 d6 e8 3f e1 18 00 4c 8b 0b
0x00007ff866e3e5b4:   48 89 f2 48 89 d9 49 89 c0 41 ff 91 28 03 00 00 


Stack slot to memory mapping:
stack at sp + 0 slots: 0x0000016ce76a95cd is at code_begin+1325 in an Interpreter codelet
return entry points  [0x0000016ce76a90a0, 0x0000016ce76a9ba0]  2816 bytes
stack at sp + 1 slots: 0x0000016ce76ad48e is at code_begin+590 in an Interpreter codelet
method entry point (kind = native)  [0x0000016ce76ad240, 0x0000016ce76adbc0]  2432 bytes
stack at sp + 2 slots: {method} {0x0000016c8d4f7658} 'nGetDisplaySizeX' '()F' in 'imgui/ImDrawData'
stack at sp + 3 slots: {method} {0x0000016c8d4f7658} 'nGetDisplaySizeX' '()F' in 'imgui/ImDrawData'
stack at sp + 4 slots: {method} {0x0000016c8d4f7658} 'nGetDisplaySizeX' '()F' in 'imgui/ImDrawData'
stack at sp + 5 slots: {method} {0x0000016c8d4f7658} 'nGetDisplaySizeX' '()F' in 'imgui/ImDrawData'
stack at sp + 6 slots: 0x0000000000000110 is an unknown value
stack at sp + 7 slots: 0x0000016ce76ad621 is at code_begin+993 in an Interpreter codelet
method entry point (kind = native)  [0x0000016ce76ad240, 0x0000016ce76adbc0]  2432 bytes


---------------  P R O C E S S  ---------------

Threads class SMR info:
_java_thread_list=0x0000016c89dd13e0, length=19, elements={
0x0000016cde698ae0, 0x0000016cfef6b810, 0x0000016cfef6c680, 0x0000016cfef7e090,
0x0000016cfef80b50, 0x0000016cfef81500, 0x0000016cfef81eb0, 0x0000016cfef82b90,
0x0000016cff908140, 0x0000016cff910640, 0x0000016cff9c2810, 0x0000016cffbe29e0,
0x0000016cffbe2eb0, 0x0000016c8450b430, 0x0000016c84520e70, 0x0000016c847d2340,
0x0000016c848a2fa0, 0x0000016c89740870, 0x0000016c898b90d0
}

Java Threads: ( => current thread )
=>0x0000016cde698ae0 JavaThread "main" [_thread_in_native, id=28812, stack(0x0000001192d00000,0x0000001192e00000)]
  0x0000016cfef6b810 JavaThread "Reference Handler" daemon [_thread_blocked, id=24172, stack(0x0000001193400000,0x0000001193500000)]
  0x0000016cfef6c680 JavaThread "Finalizer" daemon [_thread_blocked, id=13024, stack(0x0000001193500000,0x0000001193600000)]
  0x0000016cfef7e090 JavaThread "Signal Dispatcher" daemon [_thread_blocked, id=7408, stack(0x0000001193600000,0x0000001193700000)]
  0x0000016cfef80b50 JavaThread "Attach Listener" daemon [_thread_blocked, id=25068, stack(0x0000001193700000,0x0000001193800000)]
  0x0000016cfef81500 JavaThread "Service Thread" daemon [_thread_blocked, id=15488, stack(0x0000001193800000,0x0000001193900000)]
  0x0000016cfef81eb0 JavaThread "Monitor Deflation Thread" daemon [_thread_blocked, id=29200, stack(0x0000001193900000,0x0000001193a00000)]
  0x0000016cfef82b90 JavaThread "C2 CompilerThread0" daemon [_thread_blocked, id=21912, stack(0x0000001193a00000,0x0000001193b00000)]
  0x0000016cff908140 JavaThread "C1 CompilerThread0" daemon [_thread_blocked, id=10860, stack(0x0000001193b00000,0x0000001193c00000)]
  0x0000016cff910640 JavaThread "Sweeper thread" daemon [_thread_blocked, id=30020, stack(0x0000001193c00000,0x0000001193d00000)]
  0x0000016cff9c2810 JavaThread "Common-Cleaner" daemon [_thread_blocked, id=28268, stack(0x0000001193d00000,0x0000001193e00000)]
  0x0000016cffbe29e0 JavaThread "Monitor Ctrl-Break" daemon [_thread_in_native, id=2916, stack(0x0000001193e00000,0x0000001193f00000)]
  0x0000016cffbe2eb0 JavaThread "Notification Thread" daemon [_thread_blocked, id=31348, stack(0x0000001193f00000,0x0000001194000000)]
  0x0000016c8450b430 JavaThread "RMI TCP Accept-0" daemon [_thread_in_native, id=22460, stack(0x0000001194500000,0x0000001194600000)]
  0x0000016c84520e70 JavaThread "RMI TCP Connection(1)-192.168.56.1" daemon [_thread_in_native, id=4464, stack(0x0000001194800000,0x0000001194900000)]
  0x0000016c847d2340 JavaThread "RMI Scheduler(0)" daemon [_thread_blocked, id=14036, stack(0x0000001194900000,0x0000001194a00000)]
  0x0000016c848a2fa0 JavaThread "JMX server connection timeout 19" daemon [_thread_blocked, id=5152, stack(0x0000001194a00000,0x0000001194b00000)]
  0x0000016c89740870 JavaThread "Java2D Disposer" daemon [_thread_blocked, id=28232, stack(0x0000001194100000,0x0000001194200000)]
  0x0000016c898b90d0 JavaThread "C2 CompilerThread1" daemon [_thread_blocked, id=29216, stack(0x0000001195100000,0x0000001195200000)]

Other Threads:
  0x0000016cfef66c10 VMThread "VM Thread" [stack: 0x0000001193300000,0x0000001193400000] [id=17508]
  0x0000016cde7474e0 WatcherThread [stack: 0x0000001194000000,0x0000001194100000] [id=25744]
  0x0000016cde6e6fe0 GCTaskThread "GC Thread#0" [stack: 0x0000001192e00000,0x0000001192f00000] [id=23428]
  0x0000016c89632040 GCTaskThread "GC Thread#1" [stack: 0x0000001194c00000,0x0000001194d00000] [id=11128]
  0x0000016cffbe3790 GCTaskThread "GC Thread#2" [stack: 0x0000001194d00000,0x0000001194e00000] [id=29676]
  0x0000016c8962c890 GCTaskThread "GC Thread#3" [stack: 0x0000001194e00000,0x0000001194f00000] [id=30260]
  0x0000016c897c2020 GCTaskThread "GC Thread#4" [stack: 0x0000001194f00000,0x0000001195000000] [id=20904]
  0x0000016c897c22d0 GCTaskThread "GC Thread#5" [stack: 0x0000001195000000,0x0000001195100000] [id=15372]
  0x0000016cde6f7e20 ConcurrentGCThread "G1 Main Marker" [stack: 0x0000001192f00000,0x0000001193000000] [id=5256]
  0x0000016cde6f8fd0 ConcurrentGCThread "G1 Conc#0" [stack: 0x0000001193000000,0x0000001193100000] [id=30116]
  0x0000016cfee1b520 ConcurrentGCThread "G1 Refine#0" [stack: 0x0000001193100000,0x0000001193200000] [id=680]
  0x0000016cfee1be50 ConcurrentGCThread "G1 Service" [stack: 0x0000001193200000,0x0000001193300000] [id=9112]

Threads with active compile tasks:

VM state: not at safepoint (normal execution)

VM Mutex/Monitor currently owned by a thread: None

Heap address: 0x0000000701000000, size: 4080 MB, Compressed Oops mode: Zero based, Oop shift amount: 3

CDS archive(s) mapped at: [0x0000000800000000-0x0000000800bc0000-0x0000000800bc0000), size 12320768, SharedBaseAddress: 0x0000000800000000, ArchiveRelocationMode: 0.
Compressed class space mapped at: 0x0000000800c00000-0x0000000840c00000, reserved size: 1073741824
Narrow klass base: 0x0000000800000000, Narrow klass shift: 0, Narrow klass range: 0x100000000

GC Precious Log:
 CPUs: 6 total, 6 available
 Memory: 16313M
 Large Page Support: Disabled
 NUMA Support: Disabled
 Compressed Oops: Enabled (Zero based)
 Heap Region Size: 2M
 Heap Min Capacity: 8M
 Heap Initial Capacity: 256M
 Heap Max Capacity: 4080M
 Pre-touch: Disabled
 Parallel Workers: 6
 Concurrent Workers: 2
 Concurrent Refinement Workers: 6
 Periodic GC: Disabled

Heap:
 garbage-first heap   total 262144K, used 10015K [0x0000000701000000, 0x0000000800000000)
  region size 2048K, 6 young (12288K), 2 survivors (4096K)
 Metaspace       used 10998K, committed 11264K, reserved 1064960K
  class space    used 953K, committed 1088K, reserved 1048576K

Heap Regions: E=young(eden), S=young(survivor), O=old, HS=humongous(starts), HC=humongous(continues), CS=collection set, F=free, OA=open archive, CA=closed archive, TAMS=top-at-mark-start (previous, next)
|   0|0x0000000701000000, 0x0000000701000000, 0x0000000701200000|  0%| F|  |TAMS 0x0000000701000000, 0x0000000701000000| Untracked 
|   1|0x0000000701200000, 0x0000000701200000, 0x0000000701400000|  0%| F|  |TAMS 0x0000000701200000, 0x0000000701200000| Untracked 
|   2|0x0000000701400000, 0x0000000701400000, 0x0000000701600000|  0%| F|  |TAMS 0x0000000701400000, 0x0000000701400000| Untracked 
|   3|0x0000000701600000, 0x0000000701600000, 0x0000000701800000|  0%| F|  |TAMS 0x0000000701600000, 0x0000000701600000| Untracked 
|   4|0x0000000701800000, 0x0000000701800000, 0x0000000701a00000|  0%| F|  |TAMS 0x0000000701800000, 0x0000000701800000| Untracked 
|   5|0x0000000701a00000, 0x0000000701a00000, 0x0000000701c00000|  0%| F|  |TAMS 0x0000000701a00000, 0x0000000701a00000| Untracked 
|   6|0x0000000701c00000, 0x0000000701c00000, 0x0000000701e00000|  0%| F|  |TAMS 0x0000000701c00000, 0x0000000701c00000| Untracked 
|   7|0x0000000701e00000, 0x0000000701e00000, 0x0000000702000000|  0%| F|  |TAMS 0x0000000701e00000, 0x0000000701e00000| Untracked 
|   8|0x0000000702000000, 0x0000000702000000, 0x0000000702200000|  0%| F|  |TAMS 0x0000000702000000, 0x0000000702000000| Untracked 
|   9|0x0000000702200000, 0x0000000702200000, 0x0000000702400000|  0%| F|  |TAMS 0x0000000702200000, 0x0000000702200000| Untracked 
|  10|0x0000000702400000, 0x0000000702400000, 0x0000000702600000|  0%| F|  |TAMS 0x0000000702400000, 0x0000000702400000| Untracked 
|  11|0x0000000702600000, 0x0000000702600000, 0x0000000702800000|  0%| F|  |TAMS 0x0000000702600000, 0x0000000702600000| Untracked 
|  12|0x0000000702800000, 0x0000000702800000, 0x0000000702a00000|  0%| F|  |TAMS 0x0000000702800000, 0x0000000702800000| Untracked 
|  13|0x0000000702a00000, 0x0000000702a00000, 0x0000000702c00000|  0%| F|  |TAMS 0x0000000702a00000, 0x0000000702a00000| Untracked 
|  14|0x0000000702c00000, 0x0000000702c00000, 0x0000000702e00000|  0%| F|  |TAMS 0x0000000702c00000, 0x0000000702c00000| Untracked 
|  15|0x0000000702e00000, 0x0000000702e00000, 0x0000000703000000|  0%| F|  |TAMS 0x0000000702e00000, 0x0000000702e00000| Untracked 
|  16|0x0000000703000000, 0x0000000703000000, 0x0000000703200000|  0%| F|  |TAMS 0x0000000703000000, 0x0000000703000000| Untracked 
|  17|0x0000000703200000, 0x0000000703200000, 0x0000000703400000|  0%| F|  |TAMS 0x0000000703200000, 0x0000000703200000| Untracked 
|  18|0x0000000703400000, 0x0000000703400000, 0x0000000703600000|  0%| F|  |TAMS 0x0000000703400000, 0x0000000703400000| Untracked 
|  19|0x0000000703600000, 0x0000000703600000, 0x0000000703800000|  0%| F|  |TAMS 0x0000000703600000, 0x0000000703600000| Untracked 
|  20|0x0000000703800000, 0x0000000703800000, 0x0000000703a00000|  0%| F|  |TAMS 0x0000000703800000, 0x0000000703800000| Untracked 
|  21|0x0000000703a00000, 0x0000000703a00000, 0x0000000703c00000|  0%| F|  |TAMS 0x0000000703a00000, 0x0000000703a00000| Untracked 
|  22|0x0000000703c00000, 0x0000000703c00000, 0x0000000703e00000|  0%| F|  |TAMS 0x0000000703c00000, 0x0000000703c00000| Untracked 
|  23|0x0000000703e00000, 0x0000000703e00000, 0x0000000704000000|  0%| F|  |TAMS 0x0000000703e00000, 0x0000000703e00000| Untracked 
|  24|0x0000000704000000, 0x0000000704000000, 0x0000000704200000|  0%| F|  |TAMS 0x0000000704000000, 0x0000000704000000| Untracked 
|  25|0x0000000704200000, 0x0000000704200000, 0x0000000704400000|  0%| F|  |TAMS 0x0000000704200000, 0x0000000704200000| Untracked 
|  26|0x0000000704400000, 0x0000000704400000, 0x0000000704600000|  0%| F|  |TAMS 0x0000000704400000, 0x0000000704400000| Untracked 
|  27|0x0000000704600000, 0x0000000704600000, 0x0000000704800000|  0%| F|  |TAMS 0x0000000704600000, 0x0000000704600000| Untracked 
|  28|0x0000000704800000, 0x0000000704800000, 0x0000000704a00000|  0%| F|  |TAMS 0x0000000704800000, 0x0000000704800000| Untracked 
|  29|0x0000000704a00000, 0x0000000704a00000, 0x0000000704c00000|  0%| F|  |TAMS 0x0000000704a00000, 0x0000000704a00000| Untracked 
|  30|0x0000000704c00000, 0x0000000704c00000, 0x0000000704e00000|  0%| F|  |TAMS 0x0000000704c00000, 0x0000000704c00000| Untracked 
|  31|0x0000000704e00000, 0x0000000704e00000, 0x0000000705000000|  0%| F|  |TAMS 0x0000000704e00000, 0x0000000704e00000| Untracked 
|  32|0x0000000705000000, 0x0000000705000000, 0x0000000705200000|  0%| F|  |TAMS 0x0000000705000000, 0x0000000705000000| Untracked 
|  33|0x0000000705200000, 0x0000000705200000, 0x0000000705400000|  0%| F|  |TAMS 0x0000000705200000, 0x0000000705200000| Untracked 
|  34|0x0000000705400000, 0x0000000705400000, 0x0000000705600000|  0%| F|  |TAMS 0x0000000705400000, 0x0000000705400000| Untracked 
|  35|0x0000000705600000, 0x0000000705600000, 0x0000000705800000|  0%| F|  |TAMS 0x0000000705600000, 0x0000000705600000| Untracked 
|  36|0x0000000705800000, 0x0000000705800000, 0x0000000705a00000|  0%| F|  |TAMS 0x0000000705800000, 0x0000000705800000| Untracked 
|  37|0x0000000705a00000, 0x0000000705a00000, 0x0000000705c00000|  0%| F|  |TAMS 0x0000000705a00000, 0x0000000705a00000| Untracked 
|  38|0x0000000705c00000, 0x0000000705c00000, 0x0000000705e00000|  0%| F|  |TAMS 0x0000000705c00000, 0x0000000705c00000| Untracked 
|  39|0x0000000705e00000, 0x0000000705e00000, 0x0000000706000000|  0%| F|  |TAMS 0x0000000705e00000, 0x0000000705e00000| Untracked 
|  40|0x0000000706000000, 0x0000000706000000, 0x0000000706200000|  0%| F|  |TAMS 0x0000000706000000, 0x0000000706000000| Untracked 
|  41|0x0000000706200000, 0x0000000706200000, 0x0000000706400000|  0%| F|  |TAMS 0x0000000706200000, 0x0000000706200000| Untracked 
|  42|0x0000000706400000, 0x0000000706400000, 0x0000000706600000|  0%| F|  |TAMS 0x0000000706400000, 0x0000000706400000| Untracked 
|  43|0x0000000706600000, 0x0000000706600000, 0x0000000706800000|  0%| F|  |TAMS 0x0000000706600000, 0x0000000706600000| Untracked 
|  44|0x0000000706800000, 0x0000000706800000, 0x0000000706a00000|  0%| F|  |TAMS 0x0000000706800000, 0x0000000706800000| Untracked 
|  45|0x0000000706a00000, 0x0000000706a00000, 0x0000000706c00000|  0%| F|  |TAMS 0x0000000706a00000, 0x0000000706a00000| Untracked 
|  46|0x0000000706c00000, 0x0000000706c00000, 0x0000000706e00000|  0%| F|  |TAMS 0x0000000706c00000, 0x0000000706c00000| Untracked 
|  47|0x0000000706e00000, 0x0000000706e00000, 0x0000000707000000|  0%| F|  |TAMS 0x0000000706e00000, 0x0000000706e00000| Untracked 
|  48|0x0000000707000000, 0x0000000707000000, 0x0000000707200000|  0%| F|  |TAMS 0x0000000707000000, 0x0000000707000000| Untracked 
|  49|0x0000000707200000, 0x0000000707200000, 0x0000000707400000|  0%| F|  |TAMS 0x0000000707200000, 0x0000000707200000| Untracked 
|  50|0x0000000707400000, 0x0000000707400000, 0x0000000707600000|  0%| F|  |TAMS 0x0000000707400000, 0x0000000707400000| Untracked 
|  51|0x0000000707600000, 0x0000000707600000, 0x0000000707800000|  0%| F|  |TAMS 0x0000000707600000, 0x0000000707600000| Untracked 
|  52|0x0000000707800000, 0x0000000707800000, 0x0000000707a00000|  0%| F|  |TAMS 0x0000000707800000, 0x0000000707800000| Untracked 
|  53|0x0000000707a00000, 0x0000000707a00000, 0x0000000707c00000|  0%| F|  |TAMS 0x0000000707a00000, 0x0000000707a00000| Untracked 
|  54|0x0000000707c00000, 0x0000000707c00000, 0x0000000707e00000|  0%| F|  |TAMS 0x0000000707c00000, 0x0000000707c00000| Untracked 
|  55|0x0000000707e00000, 0x0000000707e00000, 0x0000000708000000|  0%| F|  |TAMS 0x0000000707e00000, 0x0000000707e00000| Untracked 
|  56|0x0000000708000000, 0x0000000708000000, 0x0000000708200000|  0%| F|  |TAMS 0x0000000708000000, 0x0000000708000000| Untracked 
|  57|0x0000000708200000, 0x0000000708200000, 0x0000000708400000|  0%| F|  |TAMS 0x0000000708200000, 0x0000000708200000| Untracked 
|  58|0x0000000708400000, 0x0000000708400000, 0x0000000708600000|  0%| F|  |TAMS 0x0000000708400000, 0x0000000708400000| Untracked 
|  59|0x0000000708600000, 0x0000000708600000, 0x0000000708800000|  0%| F|  |TAMS 0x0000000708600000, 0x0000000708600000| Untracked 
|  60|0x0000000708800000, 0x0000000708800000, 0x0000000708a00000|  0%| F|  |TAMS 0x0000000708800000, 0x0000000708800000| Untracked 
|  61|0x0000000708a00000, 0x0000000708a00000, 0x0000000708c00000|  0%| F|  |TAMS 0x0000000708a00000, 0x0000000708a00000| Untracked 
|  62|0x0000000708c00000, 0x0000000708c00000, 0x0000000708e00000|  0%| F|  |TAMS 0x0000000708c00000, 0x0000000708c00000| Untracked 
|  63|0x0000000708e00000, 0x0000000708e00000, 0x0000000709000000|  0%| F|  |TAMS 0x0000000708e00000, 0x0000000708e00000| Untracked 
|  64|0x0000000709000000, 0x0000000709000000, 0x0000000709200000|  0%| F|  |TAMS 0x0000000709000000, 0x0000000709000000| Untracked 
|  65|0x0000000709200000, 0x0000000709200000, 0x0000000709400000|  0%| F|  |TAMS 0x0000000709200000, 0x0000000709200000| Untracked 
|  66|0x0000000709400000, 0x0000000709400000, 0x0000000709600000|  0%| F|  |TAMS 0x0000000709400000, 0x0000000709400000| Untracked 
|  67|0x0000000709600000, 0x0000000709600000, 0x0000000709800000|  0%| F|  |TAMS 0x0000000709600000, 0x0000000709600000| Untracked 
|  68|0x0000000709800000, 0x0000000709800000, 0x0000000709a00000|  0%| F|  |TAMS 0x0000000709800000, 0x0000000709800000| Untracked 
|  69|0x0000000709a00000, 0x0000000709a00000, 0x0000000709c00000|  0%| F|  |TAMS 0x0000000709a00000, 0x0000000709a00000| Untracked 
|  70|0x0000000709c00000, 0x0000000709c00000, 0x0000000709e00000|  0%| F|  |TAMS 0x0000000709c00000, 0x0000000709c00000| Untracked 
|  71|0x0000000709e00000, 0x0000000709e00000, 0x000000070a000000|  0%| F|  |TAMS 0x0000000709e00000, 0x0000000709e00000| Untracked 
|  72|0x000000070a000000, 0x000000070a000000, 0x000000070a200000|  0%| F|  |TAMS 0x000000070a000000, 0x000000070a000000| Untracked 
|  73|0x000000070a200000, 0x000000070a200000, 0x000000070a400000|  0%| F|  |TAMS 0x000000070a200000, 0x000000070a200000| Untracked 
|  74|0x000000070a400000, 0x000000070a400000, 0x000000070a600000|  0%| F|  |TAMS 0x000000070a400000, 0x000000070a400000| Untracked 
|  75|0x000000070a600000, 0x000000070a600000, 0x000000070a800000|  0%| F|  |TAMS 0x000000070a600000, 0x000000070a600000| Untracked 
|  76|0x000000070a800000, 0x000000070a800000, 0x000000070aa00000|  0%| F|  |TAMS 0x000000070a800000, 0x000000070a800000| Untracked 
|  77|0x000000070aa00000, 0x000000070aa00000, 0x000000070ac00000|  0%| F|  |TAMS 0x000000070aa00000, 0x000000070aa00000| Untracked 
|  78|0x000000070ac00000, 0x000000070ac00000, 0x000000070ae00000|  0%| F|  |TAMS 0x000000070ac00000, 0x000000070ac00000| Untracked 
|  79|0x000000070ae00000, 0x000000070ae00000, 0x000000070b000000|  0%| F|  |TAMS 0x000000070ae00000, 0x000000070ae00000| Untracked 
|  80|0x000000070b000000, 0x000000070b000000, 0x000000070b200000|  0%| F|  |TAMS 0x000000070b000000, 0x000000070b000000| Untracked 
|  81|0x000000070b200000, 0x000000070b200000, 0x000000070b400000|  0%| F|  |TAMS 0x000000070b200000, 0x000000070b200000| Untracked 
|  82|0x000000070b400000, 0x000000070b400000, 0x000000070b600000|  0%| F|  |TAMS 0x000000070b400000, 0x000000070b400000| Untracked 
|  83|0x000000070b600000, 0x000000070b600000, 0x000000070b800000|  0%| F|  |TAMS 0x000000070b600000, 0x000000070b600000| Untracked 
|  84|0x000000070b800000, 0x000000070b800000, 0x000000070ba00000|  0%| F|  |TAMS 0x000000070b800000, 0x000000070b800000| Untracked 
|  85|0x000000070ba00000, 0x000000070ba00000, 0x000000070bc00000|  0%| F|  |TAMS 0x000000070ba00000, 0x000000070ba00000| Untracked 
|  86|0x000000070bc00000, 0x000000070bc00000, 0x000000070be00000|  0%| F|  |TAMS 0x000000070bc00000, 0x000000070bc00000| Untracked 
|  87|0x000000070be00000, 0x000000070be00000, 0x000000070c000000|  0%| F|  |TAMS 0x000000070be00000, 0x000000070be00000| Untracked 
|  88|0x000000070c000000, 0x000000070c000000, 0x000000070c200000|  0%| F|  |TAMS 0x000000070c000000, 0x000000070c000000| Untracked 
|  89|0x000000070c200000, 0x000000070c200000, 0x000000070c400000|  0%| F|  |TAMS 0x000000070c200000, 0x000000070c200000| Untracked 
|  90|0x000000070c400000, 0x000000070c400000, 0x000000070c600000|  0%| F|  |TAMS 0x000000070c400000, 0x000000070c400000| Untracked 
|  91|0x000000070c600000, 0x000000070c600000, 0x000000070c800000|  0%| F|  |TAMS 0x000000070c600000, 0x000000070c600000| Untracked 
|  92|0x000000070c800000, 0x000000070c800000, 0x000000070ca00000|  0%| F|  |TAMS 0x000000070c800000, 0x000000070c800000| Untracked 
|  93|0x000000070ca00000, 0x000000070ca00000, 0x000000070cc00000|  0%| F|  |TAMS 0x000000070ca00000, 0x000000070ca00000| Untracked 
|  94|0x000000070cc00000, 0x000000070cc00000, 0x000000070ce00000|  0%| F|  |TAMS 0x000000070cc00000, 0x000000070cc00000| Untracked 
|  95|0x000000070ce00000, 0x000000070ce00000, 0x000000070d000000|  0%| F|  |TAMS 0x000000070ce00000, 0x000000070ce00000| Untracked 
|  96|0x000000070d000000, 0x000000070d000000, 0x000000070d200000|  0%| F|  |TAMS 0x000000070d000000, 0x000000070d000000| Untracked 
|  97|0x000000070d200000, 0x000000070d200000, 0x000000070d400000|  0%| F|  |TAMS 0x000000070d200000, 0x000000070d200000| Untracked 
|  98|0x000000070d400000, 0x000000070d400000, 0x000000070d600000|  0%| F|  |TAMS 0x000000070d400000, 0x000000070d400000| Untracked 
|  99|0x000000070d600000, 0x000000070d600000, 0x000000070d800000|  0%| F|  |TAMS 0x000000070d600000, 0x000000070d600000| Untracked 
| 100|0x000000070d800000, 0x000000070d800000, 0x000000070da00000|  0%| F|  |TAMS 0x000000070d800000, 0x000000070d800000| Untracked 
| 101|0x000000070da00000, 0x000000070da00000, 0x000000070dc00000|  0%| F|  |TAMS 0x000000070da00000, 0x000000070da00000| Untracked 
| 102|0x000000070dc00000, 0x000000070dc00000, 0x000000070de00000|  0%| F|  |TAMS 0x000000070dc00000, 0x000000070dc00000| Untracked 
| 103|0x000000070de00000, 0x000000070de00000, 0x000000070e000000|  0%| F|  |TAMS 0x000000070de00000, 0x000000070de00000| Untracked 
| 104|0x000000070e000000, 0x000000070e000000, 0x000000070e200000|  0%| F|  |TAMS 0x000000070e000000, 0x000000070e000000| Untracked 
| 105|0x000000070e200000, 0x000000070e200000, 0x000000070e400000|  0%| F|  |TAMS 0x000000070e200000, 0x000000070e200000| Untracked 
| 106|0x000000070e400000, 0x000000070e400000, 0x000000070e600000|  0%| F|  |TAMS 0x000000070e400000, 0x000000070e400000| Untracked 
| 107|0x000000070e600000, 0x000000070e600000, 0x000000070e800000|  0%| F|  |TAMS 0x000000070e600000, 0x000000070e600000| Untracked 
| 108|0x000000070e800000, 0x000000070e800000, 0x000000070ea00000|  0%| F|  |TAMS 0x000000070e800000, 0x000000070e800000| Untracked 
| 109|0x000000070ea00000, 0x000000070ea00000, 0x000000070ec00000|  0%| F|  |TAMS 0x000000070ea00000, 0x000000070ea00000| Untracked 
| 110|0x000000070ec00000, 0x000000070ec00000, 0x000000070ee00000|  0%| F|  |TAMS 0x000000070ec00000, 0x000000070ec00000| Untracked 
| 111|0x000000070ee00000, 0x000000070ee00000, 0x000000070f000000|  0%| F|  |TAMS 0x000000070ee00000, 0x000000070ee00000| Untracked 
| 112|0x000000070f000000, 0x000000070f000000, 0x000000070f200000|  0%| F|  |TAMS 0x000000070f000000, 0x000000070f000000| Untracked 
| 113|0x000000070f200000, 0x000000070f200000, 0x000000070f400000|  0%| F|  |TAMS 0x000000070f200000, 0x000000070f200000| Untracked 
| 114|0x000000070f400000, 0x000000070f400000, 0x000000070f600000|  0%| F|  |TAMS 0x000000070f400000, 0x000000070f400000| Untracked 
| 115|0x000000070f600000, 0x000000070f600000, 0x000000070f800000|  0%| F|  |TAMS 0x000000070f600000, 0x000000070f600000| Untracked 
| 116|0x000000070f800000, 0x000000070f9c7d40, 0x000000070fa00000| 89%| S|CS|TAMS 0x000000070f800000, 0x000000070f800000| Complete 
| 117|0x000000070fa00000, 0x000000070fc00000, 0x000000070fc00000|100%| S|CS|TAMS 0x000000070fa00000, 0x000000070fa00000| Complete 
| 118|0x000000070fc00000, 0x000000070fc00000, 0x000000070fe00000|  0%| F|  |TAMS 0x000000070fc00000, 0x000000070fc00000| Untracked 
| 119|0x000000070fe00000, 0x000000070fe00000, 0x0000000710000000|  0%| F|  |TAMS 0x000000070fe00000, 0x000000070fe00000| Untracked 
| 120|0x0000000710000000, 0x0000000710000000, 0x0000000710200000|  0%| F|  |TAMS 0x0000000710000000, 0x0000000710000000| Untracked 
| 121|0x0000000710200000, 0x0000000710200000, 0x0000000710400000|  0%| F|  |TAMS 0x0000000710200000, 0x0000000710200000| Untracked 
| 122|0x0000000710400000, 0x0000000710400000, 0x0000000710600000|  0%| F|  |TAMS 0x0000000710400000, 0x0000000710400000| Untracked 
| 123|0x0000000710600000, 0x0000000710600000, 0x0000000710800000|  0%| F|  |TAMS 0x0000000710600000, 0x0000000710600000| Untracked 
| 124|0x0000000710800000, 0x000000071091d188, 0x0000000710a00000| 55%| E|  |TAMS 0x0000000710800000, 0x0000000710800000| Complete 
| 125|0x0000000710a00000, 0x0000000710c00000, 0x0000000710c00000|100%| E|CS|TAMS 0x0000000710a00000, 0x0000000710a00000| Complete 
| 126|0x0000000710c00000, 0x0000000710e00000, 0x0000000710e00000|100%| E|CS|TAMS 0x0000000710c00000, 0x0000000710c00000| Complete 
| 127|0x0000000710e00000, 0x0000000711000000, 0x0000000711000000|100%| E|CS|TAMS 0x0000000710e00000, 0x0000000710e00000| Complete 

Card table byte_map: [0x0000016cf76e0000,0x0000016cf7ee0000] _byte_map_base: 0x0000016cf3ed8000

Marking Bits (Prev, Next): (CMBitMap*) 0x0000016cde6e75f0, (CMBitMap*) 0x0000016cde6e7630
 Prev Bits: [0x0000016cf86e0000, 0x0000016cfc6a0000)
 Next Bits: [0x0000016c80000000, 0x0000016c83fc0000)

Polling page: 0x0000016cde550000

Metaspace:

Usage:
  Non-class:      9.81 MB used.
      Class:    953.09 KB used.
       Both:     10.74 MB used.

Virtual space:
  Non-class space:       16.00 MB reserved,       9.94 MB ( 62%) committed,  2 nodes.
      Class space:        1.00 GB reserved,       1.06 MB ( <1%) committed,  1 nodes.
             Both:        1.02 GB reserved,      11.00 MB (  1%) committed. 

Chunk freelists:
   Non-Class:  2.03 MB
       Class:  2.98 MB
        Both:  5.01 MB

MaxMetaspaceSize: unlimited
CompressedClassSpaceSize: 1.00 GB
Initial GC threshold: 21.00 MB
Current GC threshold: 21.00 MB
CDS: on
MetaspaceReclaimPolicy: balanced
 - commit_granule_bytes: 65536.
 - commit_granule_words: 8192.
 - virtual_space_node_default_size: 1048576.
 - enlarge_chunks_in_place: 1.
 - new_chunks_are_fully_committed: 0.
 - uncommit_free_chunks: 1.
 - use_allocation_guard: 0.
 - handle_deallocations: 1.


Internal statistics:

num_allocs_failed_limit: 0.
num_arena_births: 236.
num_arena_deaths: 0.
num_vsnodes_births: 3.
num_vsnodes_deaths: 0.
num_space_committed: 174.
num_space_uncommitted: 0.
num_chunks_returned_to_freelist: 0.
num_chunks_taken_from_freelist: 430.
num_chunk_merges: 0.
num_chunk_splits: 266.
num_chunks_enlarged: 158.
num_purges: 0.
num_inconsistent_stats: 0.

CodeHeap 'non-profiled nmethods': size=120000Kb used=443Kb max_used=443Kb free=119556Kb
 bounds [0x0000016cef170000, 0x0000016cef3e0000, 0x0000016cf66a0000]
CodeHeap 'profiled nmethods': size=120000Kb used=2326Kb max_used=2326Kb free=117673Kb
 bounds [0x0000016ce7c40000, 0x0000016ce7eb0000, 0x0000016cef170000]
CodeHeap 'non-nmethods': size=5760Kb used=1818Kb max_used=1838Kb free=3941Kb
 bounds [0x0000016ce76a0000, 0x0000016ce7910000, 0x0000016ce7c40000]
 total_blobs=2696 nmethods=1380 adapters=1229
 compilation: enabled
              stopped_count=0, restarted_count=0
 full_count=0

Compilation events (20 events):
Event: 1.232 Thread 0x0000016cff908140 nmethod 1369 0x0000016ce7e7f910 code [0x0000016ce7e7fac0, 0x0000016ce7e7fde8]
Event: 1.233 Thread 0x0000016c898b90d0 1372   !   4       java.nio.DirectFloatBufferU::put (36 bytes)
Event: 1.233 Thread 0x0000016c898b90d0 nmethod 1372 0x0000016cef1dbb90 code [0x0000016cef1dbd00, 0x0000016cef1dbdf8]
Event: 1.238 Thread 0x0000016cfef82b90 nmethod 1364% 0x0000016cef1dbf10 code [0x0000016cef1dc100, 0x0000016cef1dd1c8]
Event: 1.242 Thread 0x0000016cff908140 1373 % !   3       Texture3D::create3DTextureDefault @ 113 (331 bytes)
Event: 1.243 Thread 0x0000016cff908140 nmethod 1373% 0x0000016ce7e7ff90 code [0x0000016ce7e80360, 0x0000016ce7e81688]
Event: 1.243 Thread 0x0000016cff908140 1374   !   3       Texture3D::create3DTextureDefault (331 bytes)
Event: 1.244 Thread 0x0000016cff908140 nmethod 1374 0x0000016ce7e81f10 code [0x0000016ce7e822e0, 0x0000016ce7e83528]
Event: 1.246 Thread 0x0000016cfef82b90 1375 % !   4       Texture3D::create3DTextureDefault @ 113 (331 bytes)
Event: 1.252 Thread 0x0000016cfef82b90 nmethod 1375% 0x0000016cef1ddc10 code [0x0000016cef1dde40, 0x0000016cef1de658]
Event: 1.262 Thread 0x0000016cfef82b90 1376       4       java.lang.AbstractStringBuilder::putStringAt (12 bytes)
Event: 1.263 Thread 0x0000016cff908140 1377       3       java.lang.ClassLoader::findNative (21 bytes)
Event: 1.263 Thread 0x0000016cff908140 nmethod 1377 0x0000016ce7e83d10 code [0x0000016ce7e83ee0, 0x0000016ce7e840f8]
Event: 1.263 Thread 0x0000016cff908140 1378       3       jdk.internal.loader.NativeLibraries::find (72 bytes)
Event: 1.263 Thread 0x0000016cff908140 nmethod 1378 0x0000016ce7e84210 code [0x0000016ce7e84440, 0x0000016ce7e84cb8]
Event: 1.264 Thread 0x0000016cfef82b90 nmethod 1376 0x0000016cef1de910 code [0x0000016cef1deaa0, 0x0000016cef1dedc8]
Event: 1.266 Thread 0x0000016cff908140 1379       3       java.util.zip.ZipUtils::LOCSIG (6 bytes)
Event: 1.266 Thread 0x0000016cff908140 nmethod 1379 0x0000016ce7e84f90 code [0x0000016ce7e85140, 0x0000016ce7e85418]
Event: 1.269 Thread 0x0000016cff908140 1380       3       java.nio.MappedByteBuffer::limit (8 bytes)
Event: 1.269 Thread 0x0000016cff908140 nmethod 1380 0x0000016ce7e85590 code [0x0000016ce7e85740, 0x0000016ce7e858e8]

GC Heap History (2 events):
Event: 1.195 GC heap before
{Heap before GC invocations=0 (full 0):
 garbage-first heap   total 262144K, used 18432K [0x0000000701000000, 0x0000000800000000)
  region size 2048K, 10 young (20480K), 0 survivors (0K)
 Metaspace       used 10770K, committed 11072K, reserved 1064960K
  class space    used 938K, committed 1088K, reserved 1048576K
}
Event: 1.198 GC heap after
{Heap after GC invocations=1 (full 0):
 garbage-first heap   total 262144K, used 3871K [0x0000000701000000, 0x0000000800000000)
  region size 2048K, 2 young (4096K), 2 survivors (4096K)
 Metaspace       used 10770K, committed 11072K, reserved 1064960K
  class space    used 938K, committed 1088K, reserved 1048576K
}

Deoptimization events (20 events):
Event: 1.144 Thread 0x0000016cde698ae0 DEOPT PACKING pc=0x0000016ce7c9823e sp=0x0000001192dfade0
Event: 1.144 Thread 0x0000016cde698ae0 DEOPT UNPACKING pc=0x0000016ce76f2b43 sp=0x0000001192dfa258 mode 0
Event: 1.172 Thread 0x0000016cde698ae0 Uncommon trap: trap_request=0xffffffde fr.pc=0x0000016cef1c9570 relative=0x00000000000000d0
Event: 1.172 Thread 0x0000016cde698ae0 Uncommon trap: reason=class_check action=maybe_recompile pc=0x0000016cef1c9570 method=java.lang.Character.codePointAt(Ljava/lang/CharSequence;I)I @ 2 c2
Event: 1.172 Thread 0x0000016cde698ae0 DEOPT PACKING pc=0x0000016cef1c9570 sp=0x0000001192dfcb40
Event: 1.172 Thread 0x0000016cde698ae0 DEOPT UNPACKING pc=0x0000016ce76f23a3 sp=0x0000001192dfcad8 mode 2
Event: 1.172 Thread 0x0000016cde698ae0 Uncommon trap: trap_request=0xffffffde fr.pc=0x0000016cef1c9570 relative=0x00000000000000d0
Event: 1.172 Thread 0x0000016cde698ae0 Uncommon trap: reason=class_check action=maybe_recompile pc=0x0000016cef1c9570 method=java.lang.Character.codePointAt(Ljava/lang/CharSequence;I)I @ 2 c2
Event: 1.172 Thread 0x0000016cde698ae0 DEOPT PACKING pc=0x0000016cef1c9570 sp=0x0000001192dfcb40
Event: 1.172 Thread 0x0000016cde698ae0 DEOPT UNPACKING pc=0x0000016ce76f23a3 sp=0x0000001192dfcad8 mode 2
Event: 1.172 Thread 0x0000016cde698ae0 Uncommon trap: trap_request=0xffffffde fr.pc=0x0000016cef1c9570 relative=0x00000000000000d0
Event: 1.172 Thread 0x0000016cde698ae0 Uncommon trap: reason=class_check action=maybe_recompile pc=0x0000016cef1c9570 method=java.lang.Character.codePointAt(Ljava/lang/CharSequence;I)I @ 2 c2
Event: 1.172 Thread 0x0000016cde698ae0 DEOPT PACKING pc=0x0000016cef1c9570 sp=0x0000001192dfcb40
Event: 1.172 Thread 0x0000016cde698ae0 DEOPT UNPACKING pc=0x0000016ce76f23a3 sp=0x0000001192dfcad8 mode 2
Event: 1.172 Thread 0x0000016cde698ae0 Uncommon trap: trap_request=0xffffffde fr.pc=0x0000016cef1c9570 relative=0x00000000000000d0
Event: 1.172 Thread 0x0000016cde698ae0 Uncommon trap: reason=class_check action=maybe_recompile pc=0x0000016cef1c9570 method=java.lang.Character.codePointAt(Ljava/lang/CharSequence;I)I @ 2 c2
Event: 1.172 Thread 0x0000016cde698ae0 DEOPT PACKING pc=0x0000016cef1c9570 sp=0x0000001192dfcb40
Event: 1.172 Thread 0x0000016cde698ae0 DEOPT UNPACKING pc=0x0000016ce76f23a3 sp=0x0000001192dfcad8 mode 2
Event: 1.253 Thread 0x0000016cde698ae0 DEOPT PACKING pc=0x0000016ce7e813ba sp=0x0000001192dff130
Event: 1.253 Thread 0x0000016cde698ae0 DEOPT UNPACKING pc=0x0000016ce76f2b43 sp=0x0000001192dfe6d8 mode 0

Classes unloaded (0 events):
No events

Classes redefined (0 events):
No events

Internal exceptions (20 events):
Event: 0.162 Thread 0x0000016cde698ae0 Exception <a 'java/lang/NoSuchMethodError'{0x00000007108de608}: 'java.lang.Object java.lang.invoke.DirectMethodHandle$Holder.newInvokeSpecial(java.lang.Object, java.lang.Object, long)'> (0x00000007108de608) 
thrown [t:\workspace\open\src\hotspot\share\interpreter\linkResolver.cpp, line 766]
Event: 0.162 Thread 0x0000016cde698ae0 Exception <a 'java/lang/NoSuchMethodError'{0x00000007108e1ed0}: 'java.lang.Object java.lang.invoke.Invokers$Holder.linkToTargetMethod(java.lang.Object, long, java.lang.Object)'> (0x00000007108e1ed0) 
thrown [t:\workspace\open\src\hotspot\share\interpreter\linkResolver.cpp, line 766]
Event: 0.162 Thread 0x0000016cde698ae0 Exception <a 'java/lang/NoSuchMethodError'{0x00000007108e93a0}: 'int java.lang.invoke.DirectMethodHandle$Holder.invokeStaticInit(java.lang.Object, java.lang.Object, java.lang.Object, long)'> (0x00000007108e93a0) 
thrown [t:\workspace\open\src\hotspot\share\interpreter\linkResolver.cpp, line 766]
Event: 0.183 Thread 0x0000016cde698ae0 Exception <a 'sun/nio/fs/WindowsException'{0x0000000710679658}> (0x0000000710679658) 
thrown [t:\workspace\open\src\hotspot\share\prims\jni.cpp, line 516]
Event: 0.183 Thread 0x0000016cde698ae0 Exception <a 'sun/nio/fs/WindowsException'{0x00000007106799b8}> (0x00000007106799b8) 
thrown [t:\workspace\open\src\hotspot\share\prims\jni.cpp, line 516]
Event: 0.193 Thread 0x0000016cfef80b50 Exception <a 'java/lang/NoSuchMethodError'{0x00000007106f83c0}: 'void java.lang.invoke.DirectMethodHandle$Holder.invokeStatic(java.lang.Object, java.lang.Object, java.lang.Object)'> (0x00000007106f83c0) 
thrown [t:\workspace\open\src\hotspot\share\interpreter\linkResolver.cpp, line 766]
Event: 0.219 Thread 0x0000016cfef80b50 Exception <a 'java/lang/NoSuchMethodError'{0x00000007107ae7f8}: 'java.lang.Object java.lang.invoke.DirectMethodHandle$Holder.invokeStaticInit(java.lang.Object, int, int, int, int)'> (0x00000007107ae7f8) 
thrown [t:\workspace\open\src\hotspot\share\interpreter\linkResolver.cpp, line 766]
Event: 0.322 Thread 0x0000016cfef80b50 Exception <a 'java/lang/NoSuchMethodError'{0x0000000710475ec8}: 'java.lang.Object java.lang.invoke.DirectMethodHandle$Holder.invokeStaticInit(java.lang.Object, java.lang.Object, int, int, int, int)'> (0x0000000710475ec8) 
thrown [t:\workspace\open\src\hotspot\share\interpreter\linkResolver.cpp, line 766]
Event: 0.334 Thread 0x0000016cfef80b50 Exception <a 'java/lang/ClassNotFoundException'{0x0000000710494a78}: javax/management/remote/rmi/RMIServerImpl_Skel> (0x0000000710494a78) 
thrown [t:\workspace\open\src\hotspot\share\classfile\systemDictionary.cpp, line 256]
Event: 0.373 Thread 0x0000016c84520e70 Exception <a 'java/lang/NoSuchMethodError'{0x0000000710597db8}: static [B.<clinit>()V> (0x0000000710597db8) 
thrown [t:\workspace\open\src\hotspot\share\prims\jni.cpp, line 1107]
Event: 0.378 Thread 0x0000016c84520e70 Exception <a 'java/lang/ClassNotFoundException'{0x000000071021f1a8}: javax/management/remote/rmi/RMIConnectionImpl_Skel> (0x000000071021f1a8) 
thrown [t:\workspace\open\src\hotspot\share\classfile\systemDictionary.cpp, line 256]
Event: 0.516 Thread 0x0000016cde698ae0 Exception <a 'sun/nio/fs/WindowsException'{0x00000007102f5118}> (0x00000007102f5118) 
thrown [t:\workspace\open\src\hotspot\share\prims\jni.cpp, line 516]
Event: 0.516 Thread 0x0000016cde698ae0 Exception <a 'sun/nio/fs/WindowsException'{0x00000007102f54c0}> (0x00000007102f54c0) 
thrown [t:\workspace\open\src\hotspot\share\prims\jni.cpp, line 516]
Event: 0.520 Thread 0x0000016cde698ae0 Exception <a 'sun/nio/fs/WindowsException'{0x0000000710301790}> (0x0000000710301790) 
thrown [t:\workspace\open\src\hotspot\share\prims\jni.cpp, line 516]
Event: 0.520 Thread 0x0000016cde698ae0 Exception <a 'sun/nio/fs/WindowsException'{0x0000000710301a70}> (0x0000000710301a70) 
thrown [t:\workspace\open\src\hotspot\share\prims\jni.cpp, line 516]
Event: 1.166 Thread 0x0000016cde698ae0 Exception <a 'java/lang/NoSuchMethodError'{0x000000070fcbb5c8}: 'void java.lang.invoke.DirectMethodHandle$Holder.invokeSpecial(java.lang.Object, java.lang.Object, long, double, double)'> (0x000000070fcbb5c8) 
thrown [t:\workspace\open\src\hotspot\share\interpreter\linkResolver.cpp, line 766]
Event: 1.167 Thread 0x0000016cde698ae0 Exception <a 'java/lang/NoSuchMethodError'{0x000000070fcc0c90}: 'void java.lang.invoke.DirectMethodHandle$Holder.invokeSpecial(java.lang.Object, java.lang.Object, long, int, int, int)'> (0x000000070fcc0c90) 
thrown [t:\workspace\open\src\hotspot\share\interpreter\linkResolver.cpp, line 766]
Event: 1.171 Thread 0x0000016cde698ae0 Exception <a 'java/lang/ClassNotFoundException'{0x000000070fccdd10}: sun/awt/resources/spi/awtProvider> (0x000000070fccdd10) 
thrown [t:\workspace\open\src\hotspot\share\classfile\systemDictionary.cpp, line 256]
Event: 1.175 Thread 0x0000016cde698ae0 Exception <a 'java/io/FileNotFoundException'{0x000000070fcd7c90}> (0x000000070fcd7c90) 
thrown [t:\workspace\open\src\hotspot\share\prims\jni.cpp, line 516]
Event: 1.179 Thread 0x0000016cde698ae0 Exception <a 'java/io/FileNotFoundException'{0x000000070fd04b60}> (0x000000070fd04b60) 
thrown [t:\workspace\open\src\hotspot\share\prims\jni.cpp, line 516]

VM Operations (20 events):
Event: 0.053 Executing VM operation: HandshakeAllThreads
Event: 0.053 Executing VM operation: HandshakeAllThreads done
Event: 0.099 Executing VM operation: HandshakeAllThreads
Event: 0.099 Executing VM operation: HandshakeAllThreads done
Event: 0.142 Executing VM operation: HandshakeAllThreads
Event: 0.142 Executing VM operation: HandshakeAllThreads done
Event: 0.148 Executing VM operation: HandshakeAllThreads
Event: 0.148 Executing VM operation: HandshakeAllThreads done
Event: 0.210 Executing VM operation: HandshakeAllThreads
Event: 0.210 Executing VM operation: HandshakeAllThreads done
Event: 0.378 Executing VM operation: HandshakeAllThreads
Event: 0.378 Executing VM operation: HandshakeAllThreads done
Event: 0.607 Executing VM operation: HandshakeAllThreads
Event: 0.607 Executing VM operation: HandshakeAllThreads done
Event: 1.162 Executing VM operation: ICBufferFull
Event: 1.162 Executing VM operation: ICBufferFull done
Event: 1.168 Executing VM operation: HandshakeAllThreads
Event: 1.168 Executing VM operation: HandshakeAllThreads done
Event: 1.195 Executing VM operation: G1CollectForAllocation
Event: 1.198 Executing VM operation: G1CollectForAllocation done

Events (20 events):
Event: 1.200 loading class java/awt/image/BufferedImage done
Event: 1.200 loading class java/awt/ImageCapabilities
Event: 1.200 loading class java/awt/ImageCapabilities done
Event: 1.200 loading class java/awt/Image$1
Event: 1.200 loading class sun/awt/image/SurfaceManager$ImageAccessor
Event: 1.200 loading class sun/awt/image/SurfaceManager$ImageAccessor done
Event: 1.200 loading class java/awt/Image$1 done
Event: 1.200 loading class sun/awt/image/SurfaceManager
Event: 1.200 loading class sun/awt/image/SurfaceManager done
Event: 1.200 loading class java/awt/image/BufferedImage$1
Event: 1.200 loading class java/awt/image/BufferedImage$1 done
Event: 1.200 loading class sun/awt/image/IntegerComponentRaster
Event: 1.201 loading class sun/awt/image/IntegerComponentRaster done
Event: 1.201 loading class java/awt/image/IndexColorModel
Event: 1.201 loading class java/awt/image/IndexColorModel done
Event: 1.201 loading class sun/awt/image/ShortComponentRaster
Event: 1.201 loading class sun/awt/image/ShortComponentRaster done
Event: 1.201 loading class com/sun/imageio/plugins/common/ReaderUtil
Event: 1.201 loading class com/sun/imageio/plugins/common/ReaderUtil done
Event: 1.214 Thread 0x0000016c898b90d0 Thread added: 0x0000016c898b90d0


Dynamic libraries:
0x00007ff707230000 - 0x00007ff70723e000 	C:\Users\andyd\.jdks\openjdk-17.0.2\bin\java.exe
0x00007ff903410000 - 0x00007ff903608000 	C:\WINDOWS\SYSTEM32\ntdll.dll
0x00007ff901430000 - 0x00007ff9014f2000 	C:\WINDOWS\System32\KERNEL32.DLL
0x00007ff900ab0000 - 0x00007ff900daf000 	C:\WINDOWS\System32\KERNELBASE.dll
0x00007ff900f00000 - 0x00007ff901000000 	C:\WINDOWS\System32\ucrtbase.dll
0x00007ff8faff0000 - 0x00007ff8fb00a000 	C:\Users\andyd\.jdks\openjdk-17.0.2\bin\VCRUNTIME140.dll
0x00007ff8fafd0000 - 0x00007ff8fafe8000 	C:\Users\andyd\.jdks\openjdk-17.0.2\bin\jli.dll
0x00007ff902010000 - 0x00007ff9021ad000 	C:\WINDOWS\System32\USER32.dll
0x00007ff900ed0000 - 0x00007ff900ef2000 	C:\WINDOWS\System32\win32u.dll
0x00007ff8d4750000 - 0x00007ff8d49ea000 	C:\WINDOWS\WinSxS\amd64_microsoft.windows.common-controls_6595b64144ccf1df_6.0.19041.4355_none_60b8b9eb71f62e16\COMCTL32.dll
0x00007ff901d50000 - 0x00007ff901d7b000 	C:\WINDOWS\System32\GDI32.dll
0x00007ff901b20000 - 0x00007ff901bbe000 	C:\WINDOWS\System32\msvcrt.dll
0x00007ff900db0000 - 0x00007ff900eca000 	C:\WINDOWS\System32\gdi32full.dll
0x00007ff9010b0000 - 0x00007ff90114d000 	C:\WINDOWS\System32\msvcp_win.dll
0x00007ff901860000 - 0x00007ff90188f000 	C:\WINDOWS\System32\IMM32.DLL
0x00007ff8fb050000 - 0x00007ff8fb05c000 	C:\Users\andyd\.jdks\openjdk-17.0.2\bin\vcruntime140_1.dll
0x00007ff8c1b60000 - 0x00007ff8c1bed000 	C:\Users\andyd\.jdks\openjdk-17.0.2\bin\msvcp140.dll
0x00007ff8a9850000 - 0x00007ff8aa411000 	C:\Users\andyd\.jdks\openjdk-17.0.2\bin\server\jvm.dll
0x00007ff901ca0000 - 0x00007ff901d4f000 	C:\WINDOWS\System32\ADVAPI32.dll
0x00007ff901520000 - 0x00007ff9015bf000 	C:\WINDOWS\System32\sechost.dll
0x00007ff9026b0000 - 0x00007ff9027d3000 	C:\WINDOWS\System32\RPCRT4.dll
0x00007ff9013b0000 - 0x00007ff9013d7000 	C:\WINDOWS\System32\bcrypt.dll
0x00007ff901c90000 - 0x00007ff901c98000 	C:\WINDOWS\System32\PSAPI.DLL
0x00007ff8f9200000 - 0x00007ff8f920a000 	C:\WINDOWS\SYSTEM32\VERSION.dll
0x00007ff8d8440000 - 0x00007ff8d8449000 	C:\WINDOWS\SYSTEM32\WSOCK32.dll
0x00007ff8fb250000 - 0x00007ff8fb277000 	C:\WINDOWS\SYSTEM32\WINMM.dll
0x00007ff901d80000 - 0x00007ff901deb000 	C:\WINDOWS\System32\WS2_32.dll
0x00007ff8feb30000 - 0x00007ff8feb42000 	C:\WINDOWS\SYSTEM32\kernel.appcore.dll
0x00007ff8fa110000 - 0x00007ff8fa11a000 	C:\Users\andyd\.jdks\openjdk-17.0.2\bin\jimage.dll
0x00007ff8fe720000 - 0x00007ff8fe904000 	C:\WINDOWS\SYSTEM32\DBGHELP.DLL
0x00007ff8f2cb0000 - 0x00007ff8f2ce4000 	C:\WINDOWS\SYSTEM32\dbgcore.DLL
0x00007ff9011c0000 - 0x00007ff901242000 	C:\WINDOWS\System32\bcryptPrimitives.dll
0x00007ff8f8fe0000 - 0x00007ff8f8fee000 	C:\Users\andyd\.jdks\openjdk-17.0.2\bin\instrument.dll
0x00007ff8f92b0000 - 0x00007ff8f92d5000 	C:\Users\andyd\.jdks\openjdk-17.0.2\bin\java.dll
0x00007ff8bd880000 - 0x00007ff8bd956000 	C:\Users\andyd\.jdks\openjdk-17.0.2\bin\jsvml.dll
0x00007ff9027e0000 - 0x00007ff902f4d000 	C:\WINDOWS\System32\SHELL32.dll
0x00007ff8feb50000 - 0x00007ff8ff2f4000 	C:\WINDOWS\SYSTEM32\windows.storage.dll
0x00007ff902350000 - 0x00007ff9026a5000 	C:\WINDOWS\System32\combase.dll
0x00007ff9004e0000 - 0x00007ff90050b000 	C:\WINDOWS\SYSTEM32\Wldp.dll
0x00007ff901bc0000 - 0x00007ff901c8d000 	C:\WINDOWS\System32\OLEAUT32.dll
0x00007ff9017b0000 - 0x00007ff90185d000 	C:\WINDOWS\System32\SHCORE.dll
0x00007ff9015c0000 - 0x00007ff901615000 	C:\WINDOWS\System32\shlwapi.dll
0x00007ff9009e0000 - 0x00007ff900a05000 	C:\WINDOWS\SYSTEM32\profapi.dll
0x00007ff8f4570000 - 0x00007ff8f4588000 	C:\Users\andyd\.jdks\openjdk-17.0.2\bin\zip.dll
0x00007ff8f4770000 - 0x00007ff8f4789000 	C:\Users\andyd\.jdks\openjdk-17.0.2\bin\net.dll
0x00007ff8f8ba0000 - 0x00007ff8f8caa000 	C:\WINDOWS\SYSTEM32\WINHTTP.dll
0x00007ff900240000 - 0x00007ff9002ac000 	C:\WINDOWS\system32\mswsock.dll
0x00007ff8f4660000 - 0x00007ff8f4676000 	C:\Users\andyd\.jdks\openjdk-17.0.2\bin\nio.dll
0x00007ff8f11d0000 - 0x00007ff8f11ea000 	C:\Program Files\JetBrains\IntelliJ IDEA 2024.3\bin\breakgen64.dll
0x00007ff8fff10000 - 0x00007ff8fffda000 	C:\WINDOWS\SYSTEM32\DNSAPI.dll
0x00007ff8ffed0000 - 0x00007ff8fff0b000 	C:\WINDOWS\SYSTEM32\IPHLPAPI.DLL
0x00007ff902000000 - 0x00007ff902008000 	C:\WINDOWS\System32\NSI.dll
0x00007ff8fa410000 - 0x00007ff8fa41a000 	C:\Windows\System32\rasadhlp.dll
0x00007ff8f5dc0000 - 0x00007ff8f5e40000 	C:\WINDOWS\System32\fwpuclnt.dll
0x00007ff8f8fd0000 - 0x00007ff8f8fd9000 	C:\Users\andyd\.jdks\openjdk-17.0.2\bin\management.dll
0x00007ff8f4650000 - 0x00007ff8f465b000 	C:\Users\andyd\.jdks\openjdk-17.0.2\bin\management_ext.dll
0x00007ff8b2310000 - 0x00007ff8b238a000 	C:\Users\andyd\AppData\Local\Temp\lwjgl_andyd\3.3.2+13\x64\lwjgl.dll
0x00007ff8af100000 - 0x00007ff8af182000 	C:\Users\andyd\AppData\Local\Temp\lwjgl_andyd\3.3.2+13\x64\glfw.dll
0x00007ff8cc290000 - 0x00007ff8cc2d5000 	C:\WINDOWS\SYSTEM32\dinput8.dll
0x00007ff8f0c50000 - 0x00007ff8f0c61000 	C:\WINDOWS\SYSTEM32\xinput1_4.dll
0x00007ff9013e0000 - 0x00007ff90142e000 	C:\WINDOWS\System32\cfgmgr32.dll
0x00007ff900840000 - 0x00007ff900873000 	C:\WINDOWS\SYSTEM32\DEVOBJ.dll
0x00007ff8fe540000 - 0x00007ff8fe56f000 	C:\WINDOWS\SYSTEM32\dwmapi.dll
0x00007ff8fe150000 - 0x00007ff8fe1ee000 	C:\WINDOWS\system32\uxtheme.dll
0x00007ff8e7590000 - 0x00007ff8e76e2000 	C:\WINDOWS\SYSTEM32\inputhost.dll
0x00007ff8fcfc0000 - 0x00007ff8fd0b6000 	C:\WINDOWS\SYSTEM32\PROPSYS.dll
0x00007ff8fd280000 - 0x00007ff8fd3d7000 	C:\WINDOWS\SYSTEM32\wintypes.dll
0x00007ff8fc7e0000 - 0x00007ff8fcb3b000 	C:\WINDOWS\SYSTEM32\CoreUIComponents.dll
0x00007ff8fcec0000 - 0x00007ff8fcfb2000 	C:\WINDOWS\SYSTEM32\CoreMessaging.dll
0x00007ff8ffd40000 - 0x00007ff8ffd73000 	C:\WINDOWS\SYSTEM32\ntmarta.dll
0x0000000180000000 - 0x0000000180272000 	C:\Program Files (x86)\RivaTuner Statistics Server\RTSSHooks64.dll
0x00007ff900440000 - 0x00007ff900458000 	C:\WINDOWS\SYSTEM32\CRYPTSP.dll
0x00007ff8ffaf0000 - 0x00007ff8ffb28000 	C:\WINDOWS\system32\rsaenh.dll
0x00007ff900960000 - 0x00007ff90098e000 	C:\WINDOWS\SYSTEM32\USERENV.dll
0x00007ff900430000 - 0x00007ff90043c000 	C:\WINDOWS\SYSTEM32\CRYPTBASE.dll
0x00007ff9021b0000 - 0x00007ff9022c5000 	C:\WINDOWS\System32\MSCTF.dll
0x00007ff8b0b50000 - 0x00007ff8b0c78000 	C:\WINDOWS\SYSTEM32\opengl32.dll
0x00007ff8fa0b0000 - 0x00007ff8fa0dc000 	C:\WINDOWS\SYSTEM32\GLU32.dll
0x00007ff8f9eb0000 - 0x00007ff8f9ec7000 	C:\WINDOWS\SYSTEM32\dhcpcsvc6.DLL
0x00007ff901e90000 - 0x00007ff901f39000 	C:\WINDOWS\System32\clbcatq.dll
0x00007ff8f9e90000 - 0x00007ff8f9ead000 	C:\WINDOWS\SYSTEM32\dhcpcsvc.DLL
0x00007ff877d70000 - 0x00007ff87bffa000 	C:\WINDOWS\System32\DriverStore\FileRepository\nvle.inf_amd64_82ff39a34b899b1d\nvoglv64.dll
0x00007ff902f50000 - 0x00007ff9033c1000 	C:\WINDOWS\System32\SETUPAPI.dll
0x00007ff901680000 - 0x00007ff9017ab000 	C:\WINDOWS\System32\ole32.dll
0x00007ff8fb0f0000 - 0x00007ff8fb104000 	C:\WINDOWS\SYSTEM32\WTSAPI32.dll
0x00007ff900670000 - 0x00007ff900682000 	C:\WINDOWS\SYSTEM32\msasn1.dll
0x00007ff8fa420000 - 0x00007ff8fa451000 	C:\WINDOWS\SYSTEM32\cryptnet.dll
0x00007ff901250000 - 0x00007ff9013ac000 	C:\WINDOWS\System32\CRYPT32.dll
0x00007ff8f57c0000 - 0x00007ff8f5907000 	C:\WINDOWS\SYSTEM32\drvstore.dll
0x00007ff901150000 - 0x00007ff9011b8000 	C:\WINDOWS\System32\WINTRUST.dll
0x00007ff890b90000 - 0x00007ff890ba7000 	C:\WINDOWS\system32\napinsp.dll
0x00007ff890b70000 - 0x00007ff890b8b000 	C:\WINDOWS\system32\pnrpnsp.dll
0x00007ff8f9fb0000 - 0x00007ff8f9fcd000 	C:\WINDOWS\system32\NLAapi.dll
0x00007ff8fd260000 - 0x00007ff8fd275000 	C:\WINDOWS\system32\wshbth.dll
0x00007ff890b50000 - 0x00007ff890b62000 	C:\WINDOWS\System32\winrnr.dll
0x00007ff8fb2d0000 - 0x00007ff8fb30b000 	C:\WINDOWS\SYSTEM32\dxcore.dll
0x00007ff8f8770000 - 0x00007ff8f87c1000 	C:\WINDOWS\SYSTEM32\pdh.dll
0x00007ff8ffff0000 - 0x00007ff90003b000 	C:\WINDOWS\SYSTEM32\powrprof.dll
0x00007ff8ffeb0000 - 0x00007ff8ffec2000 	C:\WINDOWS\SYSTEM32\UMPDC.dll
0x00007ff8ff930000 - 0x00007ff8ff98b000 	C:\WINDOWS\SYSTEM32\WINSTA.dll
0x00007ff8e7ea0000 - 0x00007ff8e7f99000 	C:\WINDOWS\SYSTEM32\textinputframework.dll
0x00007ff8c3fd0000 - 0x00007ff8c402e000 	C:\Users\andyd\AppData\Local\Temp\lwjgl_andyd\3.3.2+13\x64\lwjgl_opengl.dll
0x00007ff8f0c40000 - 0x00007ff8f0c4f000 	C:\WINDOWS\System32\perfproc.dll
0x00007ff8cc740000 - 0x00007ff8cc74f000 	C:\WINDOWS\System32\perfos.dll
0x00007ff866dd0000 - 0x00007ff8675c4000 	C:\RT\VoluMarch\lib\imgui-java64.dll
0x00007ff8adaf0000 - 0x00007ff8adc7e000 	C:\Users\andyd\.jdks\openjdk-17.0.2\bin\awt.dll
0x00007ff8fd780000 - 0x00007ff8fd814000 	C:\WINDOWS\SYSTEM32\apphelp.dll

dbghelp: loaded successfully - version: 4.0.5 - missing functions: none
symbol engine: initialized successfully - sym options: 0x614 - pdb path: .;C:\Users\andyd\.jdks\openjdk-17.0.2\bin;C:\WINDOWS\SYSTEM32;C:\WINDOWS\WinSxS\amd64_microsoft.windows.common-controls_6595b64144ccf1df_6.0.19041.4355_none_60b8b9eb71f62e16;C:\Users\andyd\.jdks\openjdk-17.0.2\bin\server;C:\Program Files\JetBrains\IntelliJ IDEA 2024.3\bin;C:\Users\andyd\AppData\Local\Temp\lwjgl_andyd\3.3.2+13\x64;C:\Program Files (x86)\RivaTuner Statistics Server;C:\WINDOWS\System32\DriverStore\FileRepository\nvle.inf_amd64_82ff39a34b899b1d;C:\RT\VoluMarch\lib

VM Arguments:
jvm_args: -Djava.library.path=C:\RT\VoluMarch\lib -javaagent:C:\Program Files\JetBrains\IntelliJ IDEA 2024.3\lib\idea_rt.jar=51520:C:\Program Files\JetBrains\IntelliJ IDEA 2024.3\bin -Dfile.encoding=UTF-8 
java_command: VolumeRaymarchLWJGL
java_class_path (initial): C:\RT\VoluMarch\out\production\VoluMarch;C:\RT\VoluMarch\lib\lwjgl-glfw-natives-linux.jar;C:\RT\VoluMarch\lib\lwjgl-glfw-natives-windows-arm64.jar;C:\RT\VoluMarch\lib\lwjgl-glfw-natives-windows-x86.jar;C:\RT\VoluMarch\lib\lwjgl-glfw-natives-windows.jar;C:\RT\VoluMarch\lib\lwjgl-glfw.jar;C:\RT\VoluMarch\lib\lwjgl-natives-windows-arm64.jar;C:\RT\VoluMarch\lib\lwjgl-natives-windows.jar;C:\RT\VoluMarch\lib\lwjgl-opengl-natives-windows-arm64.jar;C:\RT\VoluMarch\lib\lwjgl-opengl-natives-windows.jar;C:\RT\VoluMarch\lib\lwjgl-opengl.jar;C:\RT\VoluMarch\lib\lwjgl-stb.jar;C:\RT\VoluMarch\lib\lwjgl.jar;C:\RT\VoluMarch\lib\slick.jar;C:\RT\VoluMarch\lib\lwjgl-stb-natives-windows.jar;C:\RT\VoluMarch\lib\lwjgl-openxr.jar;C:\RT\VoluMarch\lib\lwjgl-openxr-natives-windows.jar;C:\RT\VoluMarch\lib\lwjgl-openxr-natives-windows-arm64.jar;C:\RT\VoluMarch\lib\imgui-binding-1.89.0.jar;C:\RT\VoluMarch\lib\imgui-lwjgl3-1.89.0.jar
Launcher Type: SUN_STANDARD

[Global flags]
     intx CICompilerCount                          = 3                                         {product} {ergonomic}
     uint ConcGCThreads                            = 2                                         {product} {ergonomic}
     uint G1ConcRefinementThreads                  = 6                                         {product} {ergonomic}
   size_t G1HeapRegionSize                         = 2097152                                   {product} {ergonomic}
    uintx GCDrainStackTargetSize                   = 64                                        {product} {ergonomic}
   size_t InitialHeapSize                          = 268435456                                 {product} {ergonomic}
   size_t MarkStackSize                            = 4194304                                   {product} {ergonomic}
   size_t MaxHeapSize                              = 4278190080                                {product} {ergonomic}
   size_t MaxNewSize                               = 2566914048                                {product} {ergonomic}
   size_t MinHeapDeltaBytes                        = 2097152                                   {product} {ergonomic}
   size_t MinHeapSize                              = 8388608                                   {product} {ergonomic}
    uintx NonNMethodCodeHeapSize                   = 5832780                                {pd product} {ergonomic}
    uintx NonProfiledCodeHeapSize                  = 122912730                              {pd product} {ergonomic}
    uintx ProfiledCodeHeapSize                     = 122912730                              {pd product} {ergonomic}
    uintx ReservedCodeCacheSize                    = 251658240                              {pd product} {ergonomic}
     bool SegmentedCodeCache                       = true                                      {product} {ergonomic}
   size_t SoftMaxHeapSize                          = 4278190080                             {manageable} {ergonomic}
     bool UseCompressedClassPointers               = true                           {product lp64_product} {ergonomic}
     bool UseCompressedOops                        = true                           {product lp64_product} {ergonomic}
     bool UseG1GC                                  = true                                      {product} {ergonomic}
     bool UseLargePagesIndividualAllocation        = false                                  {pd product} {ergonomic}

Logging:
Log output configuration:
 #0: stdout all=warning uptime,level,tags
 #1: stderr all=off uptime,level,tags

Environment Variables:
JAVA_HOME=C:\Program Files\Java\jdk-21
PATH=C:\Python312\Scripts\;C:\Python312\;C:\Program Files\Java\jdk-21\bin;C:\Users\andyd\AppData\Local\Programs\Python\Python310\Scripts\;C:\Users\andyd\AppData\Local\Programs\Python\Python310\;C:\Program Files\Java\jdk-11.0.8\bin;C:\Program Files\apache-maven-3.8.1\bin;C:\Program Files (x86)\Common Files\Oracle\Java\javapath;C:\Program Files\Common Files\Oracle\Java\javapath;C:\Windows\system32;C:\Windows;C:\Windows\System32\Wbem;C:\Windows\System32\WindowsPowerShell\v1.0\;C:\Windows\System32\OpenSSH\;C:\Program Files (x86)\NVIDIA Corporation\PhysX\Common;C:\WINDOWS\system32;C:\WINDOWS;C:\WINDOWS\System32\Wbem;C:\WINDOWS\System32\WindowsPowerShell\v1.0\;C:\WINDOWS\System32\OpenSSH\;C:\ProgramData\chocolatey\bin;C:\Program Files\Git\cmd;C:\Program Files\dotnet\;C:\Program Files\Microsoft SQL Server\130\Tools\Binn\;C:\Program Files\Microsoft SQL Server\Client SDK\ODBC\170\Tools\Binn\;C:\geckodriver-v0.33.0-win32;C:\edgedriver_win64;C:\Program Files\nodejs\;C:\Users\andyd\AppData\Local\Microsoft\WindowsApps;C:\Program Files\JetBrains\IntelliJ IDEA Community Edition 2020.2.3\bin;C:\Program Files\apache-maven-3.8.1\bin;C:\Users\andyd\AppData\Local\atom\bin;C:\Users\andyd\AppData\Local\Programs\Microsoft VS Code\bin;C:\Program Files\JetBrains\IntelliJ IDEA Community Edition 2021.1.1\bin;C:\Users\andyd\AppData\Local\GitHubDesktop\bin;C:\Program Files\node-v14.18.1-win-x64;C:\Program Files\JetBrains\PyCharm Community Edition 2021.2.3\bin;C:\Program Files\JetBrains\IntelliJ IDEA 2022.1\bin;C:\Program Files\JetBrains\DataGrip 2022.1.3\bin;C:\Program Files\JetBrains\PyCharm 2022.2.1\bin;C:\Users\andyd\.dotnet\tools;C:\Users\andyd\AppData\Local\gitkraken\bin;C:\edgedriver_win64;;C:\Program Files\JetBrains\IntelliJ IDEA 2024.3\bin;;C:\Users\andyd\AppData\Roaming\npm;C:\Users\andyd\AppData\Local\Programs\cursor\resources\app\bin
USERNAME=andyd
OS=Windows_NT
PROCESSOR_IDENTIFIER=Intel64 Family 6 Model 158 Stepping 10, GenuineIntel



---------------  S Y S T E M  ---------------

OS:
 Windows 10 , 64 bit Build 19041 (10.0.19041.5438)
OS uptime: 19 days 14:45 hours

CPU: total 6 (initial active 6) (6 cores per cpu, 1 threads per core) family 6 model 158 stepping 10 microcode 0xb4, cx8, cmov, fxsr, mmx, 3dnowpref, sse, sse2, sse3, ssse3, sse4.1, sse4.2, popcnt, lzcnt, tsc, tscinvbit, avx, avx2, aes, erms, clmul, bmi1, bmi2, adx, fma, vzeroupper, clflush, clflushopt

Memory: 4k page, system-wide physical 16313M (4168M free)
TotalPageFile size 28411M (AvailPageFile size 4220M)
current process WorkingSet (physical memory assigned to process): 192M, peak: 192M
current process commit charge ("private bytes"): 486M, peak: 491M

vm_info: OpenJDK 64-Bit Server VM (17.0.2+8-86) for windows-amd64 JRE (17.0.2+8-86), built on Dec  7 2021 21:49:10 by "mach5one" with MS VC++ 16.8 / 16.9 (VS2019)

END.
