#
# A fatal error has been detected by the Java Runtime Environment:
#
#  EXCEPTION_ACCESS_VIOLATION (0xc0000005) at pc=0x00007ff87900d254, pid=3140, tid=11656
#
# JRE version: OpenJDK Runtime Environment (17.0.2+8) (build 17.0.2+8-86)
# Java VM: OpenJDK 64-Bit Server VM (17.0.2+8-86, mixed mode, sharing, tiered, compressed oops, compressed class ptrs, g1 gc, windows-amd64)
# Problematic frame:
# C  [nvoglv64.dll+0x129d254]
#
# No core dump will be written. Minidumps are not enabled by default on client versions of Windows
#
# If you would like to submit a bug report, please visit:
#   https://bugreport.java.com/bugreport/crash.jsp
# The crash happened outside the Java Virtual Machine in native code.
# See problematic frame for where to report the bug.
#

---------------  S U M M A R Y ------------

Command Line: -Djava.library.path=C:\RT\VoluMarch\lib -javaagent:C:\Program Files\JetBrains\IntelliJ IDEA 2024.3\lib\idea_rt.jar=53201:C:\Program Files\JetBrains\IntelliJ IDEA 2024.3\bin -Dfile.encoding=UTF-8 VolumeRaymarchLWJGL

Host: Intel(R) Core(TM) i5-9400F CPU @ 2.90GHz, 6 cores, 15G,  Windows 10 , 64 bit Build 19041 (10.0.19041.5438)
Time: Thu Apr  3 15:40:26 2025 W. Europe Daylight Time elapsed time: 1.240155 seconds (0d 0h 0m 1s)

---------------  T H R E A D  ---------------

Current thread (0x000002cca2ffae60):  JavaThread "main" [_thread_in_native, id=11656, stack(0x000000fa49300000,0x000000fa49400000)]

Stack: [0x000000fa49300000,0x000000fa49400000],  sp=0x000000fa493ff1e0,  free space=1020k
Native frames: (J=compiled Java code, j=interpreted, Vv=VM code, C=native code)
C  [nvoglv64.dll+0x129d254]

Java frames: (J=compiled Java code, j=interpreted, Vv=VM code)
j  org.lwjgl.opengl.GL32C.nglDrawElementsBaseVertex(IIIJI)V+0
j  org.lwjgl.opengl.GL32C.glDrawElementsBaseVertex(IIIJI)V+6
j  org.lwjgl.opengl.GL32.glDrawElementsBaseVertex(IIIJI)V+6
j  imgui.gl3.ImGuiImplGl3.renderDrawData(Limgui/ImDrawData;)V+691
j  VolumeRaymarchLWJGL.loop()V+234
j  VolumeRaymarchLWJGL.run()V+5
j  VolumeRaymarchLWJGL.main([Ljava/lang/String;)V+7
v  ~StubRoutines::call_stub

siginfo: EXCEPTION_ACCESS_VIOLATION (0xc0000005), reading address 0x00000000000000f4


Register to memory mapping:

RIP=0x00007ff87900d254 nvoglv64.dll
RAX=0x0000017b8c69e4ab is an unknown value
RBX=0x0000000000000001 is an unknown value
RCX=0x0005ca9c7da53d88 is an unknown value
RDX=0x0000017b8c69e4ab is an unknown value
RSP=0x000000fa493ff1e0 is pointing into the stack for thread: 0x000002cca2ffae60
RBP=0x000000000000007b is an unknown value
RSI=0x000000000000007b is an unknown value
RDI=0x0 is NULL
R8 =0x00000000000000a5 is an unknown value
R9 =0x0 is NULL
R10=0x00000000546c6148 is an unknown value
R11=0x00000d674b0c2103 is an unknown value
R12=0x0000000000000004 is an unknown value
R13=0x000002ccc86df080 points into unknown readable memory: 0x0000000000000000 | 00 00 00 00 00 00 00 00
R14=0x0 is NULL
R15=0x0000000000001403 is an unknown value


Registers:
RAX=0x0000017b8c69e4ab, RBX=0x0000000000000001, RCX=0x0005ca9c7da53d88, RDX=0x0000017b8c69e4ab
RSP=0x000000fa493ff1e0, RBP=0x000000000000007b, RSI=0x000000000000007b, RDI=0x0000000000000000
R8 =0x00000000000000a5, R9 =0x0000000000000000, R10=0x00000000546c6148, R11=0x00000d674b0c2103
R12=0x0000000000000004, R13=0x000002ccc86df080, R14=0x0000000000000000, R15=0x0000000000001403
RIP=0x00007ff87900d254, EFLAGS=0x0000000000010246

Top of Stack: (sp=0x000000fa493ff1e0)
0x000000fa493ff1e0:   0000000000000001 000002cca2ffae00
0x000000fa493ff1f0:   0000000000000000 00000000000000b8
0x000000fa493ff200:   0000000000000000 0000000000000000
0x000000fa493ff210:   0000000000000000 0000000000000000
0x000000fa493ff220:   0000000000000000 0000000000000000
0x000000fa493ff230:   000002ccc86e6980 000002cccbeece60
0x000000fa493ff240:   000002cc0000000e 000000000157555d
0x000000fa493ff250:   000002cccf4185e0 0000000000000000
0x000000fa493ff260:   000000fa493ff410 0000000000001403
0x000000fa493ff270:   0000000000000004 000002ccc86df080
0x000000fa493ff280:   000000000000007b 000000fa493ff3c8
0x000000fa493ff290:   000002cccf4185e0 00007ff878c6e2af
0x000000fa493ff2a0:   0000000000000010 000002cc00000004
0x000000fa493ff2b0:   000000fa00000000 00007ff800000000
0x000000fa493ff2c0:   00000000000000f6 000002cc00001403
0x000000fa493ff2d0:   0000000000000000 000002cc00000000 

Instructions: (pc=0x00007ff87900d254)
0x00007ff87900d154:   8b 8a 14 06 00 00 f7 d0 44 23 d8 89 94 24 e0 00
0x00007ff87900d164:   00 00 41 8b 82 08 06 00 00 41 0b cb f7 d1 23 c8
0x00007ff87900d174:   c1 e8 14 a8 01 0f 85 81 08 00 00 41 80 bd a4 08
0x00007ff87900d184:   8e 00 00 0f 85 73 08 00 00 41 3b f9 0f 82 6a 08
0x00007ff87900d194:   00 00 85 ed 0f 8e 62 08 00 00 41 83 f8 0e 0f 87
0x00007ff87900d1a4:   58 08 00 00 41 3b 95 e8 0a 8e 00 0f 8f 4b 08 00
0x00007ff87900d1b4:   00 41 83 ba 00 06 00 00 00 0f 85 3d 08 00 00 41
0x00007ff87900d1c4:   80 ba 29 06 00 00 00 0f 85 2f 08 00 00 41 80 ba
0x00007ff87900d1d4:   28 06 00 00 00 0f 85 21 08 00 00 41 80 bd 2d e5
0x00007ff87900d1e4:   8c 00 00 0f 85 13 08 00 00 41 80 bd 34 e5 8c 00
0x00007ff87900d1f4:   00 0f 85 05 08 00 00 f7 c1 00 00 03 00 0f 85 f9
0x00007ff87900d204:   07 00 00 44 0b d9 45 85 9a 48 08 00 00 0f 85 e9
0x00007ff87900d214:   07 00 00 bb 01 00 00 00 49 8d 8d 40 0c 8e 00 8b
0x00007ff87900d224:   d3 e8 86 a1 e7 ff 41 81 ff 05 14 00 00 75 18 41
0x00007ff87900d234:   8b 44 ae fc 4c 8d 65 ff 41 8b 0e 8b f8 3b c8 0f
0x00007ff87900d244:   47 f9 0f 42 c1 eb 5d 41 81 ff 03 14 00 00 75 24
0x00007ff87900d254:   41 0f b7 4c 6e fe 4c 8d 65 ff 41 0f b7 16 0f b7
0x00007ff87900d264:   c1 66 3b d1 66 0f 47 c2 66 0f 42 ca 0f b7 f8 0f
0x00007ff87900d274:   b7 c1 eb 30 41 81 ff 01 14 00 00 0f 85 7b 07 00
0x00007ff87900d284:   00 42 0f b6 54 35 ff 4c 8d 65 ff 45 0f b6 06 8b
0x00007ff87900d294:   ca 44 3a c2 41 0f 47 c8 0f b6 f9 8b ca 41 0f 42
0x00007ff87900d2a4:   c8 0f b6 c1 48 8b 4c 24 50 8d 75 ff 2b f8 e8 49
0x00007ff87900d2b4:   0b 00 00 48 8b 44 24 50 44 8b 50 20 41 8b c2 0f
0x00007ff87900d2c4:   af c7 44 89 94 24 c0 00 00 00 41 3b 85 ec 0a 8e
0x00007ff87900d2d4:   00 0f 8f 1e 07 00 00 0f 29 74 24 60 41 81 ff 05
0x00007ff87900d2e4:   14 00 00 0f 85 f8 00 00 00 45 8b 3e 41 8b ff 49
0x00007ff87900d2f4:   8d 56 04 3b eb 0f 8e 72 03 00 00 83 fe 08 0f 82
0x00007ff87900d304:   b3 00 00 00 83 3d 91 57 cb 02 02 0f 8c a6 00 00
0x00007ff87900d314:   00 81 e6 07 00 00 80 7d 07 ff ce 83 ce f8 ff c6
0x00007ff87900d324:   66 41 0f 6e cf 8b c5 66 0f 70 c9 00 2b c6 66 0f
0x00007ff87900d334:   6f d9 66 0f 6f e1 66 0f 6f d1 66 90 f3 0f 6f 02
0x00007ff87900d344:   83 c3 08 66 0f 38 3b c8 66 0f 38 3f d0 f3 0f 6f 


Stack slot to memory mapping:
stack at sp + 0 slots: 0x0000000000000001 is an unknown value
stack at sp + 1 slots: 0x000002cca2ffae00 points into unknown readable memory: 0x0000000000000000 | 00 00 00 00 00 00 00 00
stack at sp + 2 slots: 0x0 is NULL
stack at sp + 3 slots: 0x00000000000000b8 is an unknown value
stack at sp + 4 slots: 0x0 is NULL
stack at sp + 5 slots: 0x0 is NULL
stack at sp + 6 slots: 0x0 is NULL
stack at sp + 7 slots: 0x0 is NULL


---------------  P R O C E S S  ---------------

Threads class SMR info:
_java_thread_list=0x000002ccc6ec15f0, length=18, elements={
0x000002cca2ffae60, 0x000002ccc58da760, 0x000002ccc58db5d0, 0x000002ccc58edd90,
0x000002ccc58f0850, 0x000002ccc58f1200, 0x000002ccc58f1bb0, 0x000002ccc58f2f60,
0x000002ccc58f6f00, 0x000002ccc58fa4f0, 0x000002ccc58c17a0, 0x000002ccc671c930,
0x000002ccc671ce00, 0x000002ccc6f66610, 0x000002ccc70654f0, 0x000002ccc7218ec0,
0x000002ccc7226620, 0x000002cccbd3d1d0
}

Java Threads: ( => current thread )
=>0x000002cca2ffae60 JavaThread "main" [_thread_in_native, id=11656, stack(0x000000fa49300000,0x000000fa49400000)]
  0x000002ccc58da760 JavaThread "Reference Handler" daemon [_thread_blocked, id=30684, stack(0x000000fa49a00000,0x000000fa49b00000)]
  0x000002ccc58db5d0 JavaThread "Finalizer" daemon [_thread_blocked, id=8676, stack(0x000000fa49b00000,0x000000fa49c00000)]
  0x000002ccc58edd90 JavaThread "Signal Dispatcher" daemon [_thread_blocked, id=6196, stack(0x000000fa49c00000,0x000000fa49d00000)]
  0x000002ccc58f0850 JavaThread "Attach Listener" daemon [_thread_blocked, id=4572, stack(0x000000fa49d00000,0x000000fa49e00000)]
  0x000002ccc58f1200 JavaThread "Service Thread" daemon [_thread_blocked, id=13328, stack(0x000000fa49e00000,0x000000fa49f00000)]
  0x000002ccc58f1bb0 JavaThread "Monitor Deflation Thread" daemon [_thread_blocked, id=21112, stack(0x000000fa49f00000,0x000000fa4a000000)]
  0x000002ccc58f2f60 JavaThread "C2 CompilerThread0" daemon [_thread_blocked, id=29904, stack(0x000000fa4a000000,0x000000fa4a100000)]
  0x000002ccc58f6f00 JavaThread "C1 CompilerThread0" daemon [_thread_blocked, id=31376, stack(0x000000fa4a100000,0x000000fa4a200000)]
  0x000002ccc58fa4f0 JavaThread "Sweeper thread" daemon [_thread_blocked, id=2148, stack(0x000000fa4a200000,0x000000fa4a300000)]
  0x000002ccc58c17a0 JavaThread "Common-Cleaner" daemon [_thread_blocked, id=3804, stack(0x000000fa4a300000,0x000000fa4a400000)]
  0x000002ccc671c930 JavaThread "Monitor Ctrl-Break" daemon [_thread_in_native, id=2128, stack(0x000000fa4a500000,0x000000fa4a600000)]
  0x000002ccc671ce00 JavaThread "Notification Thread" daemon [_thread_blocked, id=28908, stack(0x000000fa4a600000,0x000000fa4a700000)]
  0x000002ccc6f66610 JavaThread "RMI TCP Accept-0" daemon [_thread_in_native, id=27708, stack(0x000000fa4ab00000,0x000000fa4ac00000)]
  0x000002ccc70654f0 JavaThread "RMI TCP Connection(1)-192.168.56.1" daemon [_thread_in_native, id=24256, stack(0x000000fa4ad00000,0x000000fa4ae00000)]
  0x000002ccc7218ec0 JavaThread "RMI Scheduler(0)" daemon [_thread_blocked, id=28620, stack(0x000000fa4ae00000,0x000000fa4af00000)]
  0x000002ccc7226620 JavaThread "JMX server connection timeout 19" daemon [_thread_blocked, id=7768, stack(0x000000fa4af00000,0x000000fa4b000000)]
  0x000002cccbd3d1d0 JavaThread "Java2D Disposer" daemon [_thread_blocked, id=14312, stack(0x000000fa4b100000,0x000000fa4b200000)]

Other Threads:
  0x000002ccc58d1290 VMThread "VM Thread" [stack: 0x000000fa49900000,0x000000fa49a00000] [id=4152]
  0x000002cca3075b60 WatcherThread [stack: 0x000000fa4a700000,0x000000fa4a800000] [id=6000]
  0x000002cca3048f10 GCTaskThread "GC Thread#0" [stack: 0x000000fa49400000,0x000000fa49500000] [id=4896]
  0x000002cccc21f2c0 GCTaskThread "GC Thread#1" [stack: 0x000000fa4b200000,0x000000fa4b300000] [id=26592]
  0x000002cccc149ae0 GCTaskThread "GC Thread#2" [stack: 0x000000fa4b300000,0x000000fa4b400000] [id=31040]
  0x000002cccbfb6110 GCTaskThread "GC Thread#3" [stack: 0x000000fa4b400000,0x000000fa4b500000] [id=30764]
  0x000002cccc22ec30 GCTaskThread "GC Thread#4" [stack: 0x000000fa4b500000,0x000000fa4b600000] [id=31204]
  0x000002cccbf804c0 GCTaskThread "GC Thread#5" [stack: 0x000000fa4b600000,0x000000fa4b700000] [id=28824]
  0x000002cca3059d50 ConcurrentGCThread "G1 Main Marker" [stack: 0x000000fa49500000,0x000000fa49600000] [id=19720]
  0x000002cca305af00 ConcurrentGCThread "G1 Conc#0" [stack: 0x000000fa49600000,0x000000fa49700000] [id=4244]
  0x000002ccc57920c0 ConcurrentGCThread "G1 Refine#0" [stack: 0x000000fa49700000,0x000000fa49800000] [id=4972]
  0x000002ccc5792ae0 ConcurrentGCThread "G1 Service" [stack: 0x000000fa49800000,0x000000fa49900000] [id=19116]

Threads with active compile tasks:

VM state: not at safepoint (normal execution)

VM Mutex/Monitor currently owned by a thread: None

Heap address: 0x0000000701000000, size: 4080 MB, Compressed Oops mode: Zero based, Oop shift amount: 3

CDS archive(s) mapped at: [0x0000000800000000-0x0000000800bc0000-0x0000000800bc0000), size 12320768, SharedBaseAddress: 0x0000000800000000, ArchiveRelocationMode: 0.
Compressed class space mapped at: 0x0000000800c00000-0x0000000840c00000, reserved size: 1073741824
Narrow klass base: 0x0000000800000000, Narrow klass shift: 0, Narrow klass range: 0x100000000

GC Precious Log:
 CPUs: 6 total, 6 available
 Memory: 16313M
 Large Page Support: Disabled
 NUMA Support: Disabled
 Compressed Oops: Enabled (Zero based)
 Heap Region Size: 2M
 Heap Min Capacity: 8M
 Heap Initial Capacity: 256M
 Heap Max Capacity: 4080M
 Pre-touch: Disabled
 Parallel Workers: 6
 Concurrent Workers: 2
 Concurrent Refinement Workers: 6
 Periodic GC: Disabled

Heap:
 garbage-first heap   total 262144K, used 14429K [0x0000000701000000, 0x0000000800000000)
  region size 2048K, 8 young (16384K), 2 survivors (4096K)
 Metaspace       used 13139K, committed 13440K, reserved 1064960K
  class space    used 1127K, committed 1280K, reserved 1048576K

Heap Regions: E=young(eden), S=young(survivor), O=old, HS=humongous(starts), HC=humongous(continues), CS=collection set, F=free, OA=open archive, CA=closed archive, TAMS=top-at-mark-start (previous, next)
|   0|0x0000000701000000, 0x0000000701017400, 0x0000000701200000|  4%| O|  |TAMS 0x0000000701000000, 0x0000000701000000| Untracked 
|   1|0x0000000701200000, 0x0000000701200000, 0x0000000701400000|  0%| F|  |TAMS 0x0000000701200000, 0x0000000701200000| Untracked 
|   2|0x0000000701400000, 0x0000000701400000, 0x0000000701600000|  0%| F|  |TAMS 0x0000000701400000, 0x0000000701400000| Untracked 
|   3|0x0000000701600000, 0x0000000701600000, 0x0000000701800000|  0%| F|  |TAMS 0x0000000701600000, 0x0000000701600000| Untracked 
|   4|0x0000000701800000, 0x0000000701800000, 0x0000000701a00000|  0%| F|  |TAMS 0x0000000701800000, 0x0000000701800000| Untracked 
|   5|0x0000000701a00000, 0x0000000701a00000, 0x0000000701c00000|  0%| F|  |TAMS 0x0000000701a00000, 0x0000000701a00000| Untracked 
|   6|0x0000000701c00000, 0x0000000701c00000, 0x0000000701e00000|  0%| F|  |TAMS 0x0000000701c00000, 0x0000000701c00000| Untracked 
|   7|0x0000000701e00000, 0x0000000701e00000, 0x0000000702000000|  0%| F|  |TAMS 0x0000000701e00000, 0x0000000701e00000| Untracked 
|   8|0x0000000702000000, 0x0000000702000000, 0x0000000702200000|  0%| F|  |TAMS 0x0000000702000000, 0x0000000702000000| Untracked 
|   9|0x0000000702200000, 0x0000000702200000, 0x0000000702400000|  0%| F|  |TAMS 0x0000000702200000, 0x0000000702200000| Untracked 
|  10|0x0000000702400000, 0x0000000702400000, 0x0000000702600000|  0%| F|  |TAMS 0x0000000702400000, 0x0000000702400000| Untracked 
|  11|0x0000000702600000, 0x0000000702600000, 0x0000000702800000|  0%| F|  |TAMS 0x0000000702600000, 0x0000000702600000| Untracked 
|  12|0x0000000702800000, 0x0000000702800000, 0x0000000702a00000|  0%| F|  |TAMS 0x0000000702800000, 0x0000000702800000| Untracked 
|  13|0x0000000702a00000, 0x0000000702a00000, 0x0000000702c00000|  0%| F|  |TAMS 0x0000000702a00000, 0x0000000702a00000| Untracked 
|  14|0x0000000702c00000, 0x0000000702c00000, 0x0000000702e00000|  0%| F|  |TAMS 0x0000000702c00000, 0x0000000702c00000| Untracked 
|  15|0x0000000702e00000, 0x0000000702e00000, 0x0000000703000000|  0%| F|  |TAMS 0x0000000702e00000, 0x0000000702e00000| Untracked 
|  16|0x0000000703000000, 0x0000000703000000, 0x0000000703200000|  0%| F|  |TAMS 0x0000000703000000, 0x0000000703000000| Untracked 
|  17|0x0000000703200000, 0x0000000703200000, 0x0000000703400000|  0%| F|  |TAMS 0x0000000703200000, 0x0000000703200000| Untracked 
|  18|0x0000000703400000, 0x0000000703400000, 0x0000000703600000|  0%| F|  |TAMS 0x0000000703400000, 0x0000000703400000| Untracked 
|  19|0x0000000703600000, 0x0000000703600000, 0x0000000703800000|  0%| F|  |TAMS 0x0000000703600000, 0x0000000703600000| Untracked 
|  20|0x0000000703800000, 0x0000000703800000, 0x0000000703a00000|  0%| F|  |TAMS 0x0000000703800000, 0x0000000703800000| Untracked 
|  21|0x0000000703a00000, 0x0000000703a00000, 0x0000000703c00000|  0%| F|  |TAMS 0x0000000703a00000, 0x0000000703a00000| Untracked 
|  22|0x0000000703c00000, 0x0000000703c00000, 0x0000000703e00000|  0%| F|  |TAMS 0x0000000703c00000, 0x0000000703c00000| Untracked 
|  23|0x0000000703e00000, 0x0000000703e00000, 0x0000000704000000|  0%| F|  |TAMS 0x0000000703e00000, 0x0000000703e00000| Untracked 
|  24|0x0000000704000000, 0x0000000704000000, 0x0000000704200000|  0%| F|  |TAMS 0x0000000704000000, 0x0000000704000000| Untracked 
|  25|0x0000000704200000, 0x0000000704200000, 0x0000000704400000|  0%| F|  |TAMS 0x0000000704200000, 0x0000000704200000| Untracked 
|  26|0x0000000704400000, 0x0000000704400000, 0x0000000704600000|  0%| F|  |TAMS 0x0000000704400000, 0x0000000704400000| Untracked 
|  27|0x0000000704600000, 0x0000000704600000, 0x0000000704800000|  0%| F|  |TAMS 0x0000000704600000, 0x0000000704600000| Untracked 
|  28|0x0000000704800000, 0x0000000704800000, 0x0000000704a00000|  0%| F|  |TAMS 0x0000000704800000, 0x0000000704800000| Untracked 
|  29|0x0000000704a00000, 0x0000000704a00000, 0x0000000704c00000|  0%| F|  |TAMS 0x0000000704a00000, 0x0000000704a00000| Untracked 
|  30|0x0000000704c00000, 0x0000000704c00000, 0x0000000704e00000|  0%| F|  |TAMS 0x0000000704c00000, 0x0000000704c00000| Untracked 
|  31|0x0000000704e00000, 0x0000000704e00000, 0x0000000705000000|  0%| F|  |TAMS 0x0000000704e00000, 0x0000000704e00000| Untracked 
|  32|0x0000000705000000, 0x0000000705000000, 0x0000000705200000|  0%| F|  |TAMS 0x0000000705000000, 0x0000000705000000| Untracked 
|  33|0x0000000705200000, 0x0000000705200000, 0x0000000705400000|  0%| F|  |TAMS 0x0000000705200000, 0x0000000705200000| Untracked 
|  34|0x0000000705400000, 0x0000000705400000, 0x0000000705600000|  0%| F|  |TAMS 0x0000000705400000, 0x0000000705400000| Untracked 
|  35|0x0000000705600000, 0x0000000705600000, 0x0000000705800000|  0%| F|  |TAMS 0x0000000705600000, 0x0000000705600000| Untracked 
|  36|0x0000000705800000, 0x0000000705800000, 0x0000000705a00000|  0%| F|  |TAMS 0x0000000705800000, 0x0000000705800000| Untracked 
|  37|0x0000000705a00000, 0x0000000705a00000, 0x0000000705c00000|  0%| F|  |TAMS 0x0000000705a00000, 0x0000000705a00000| Untracked 
|  38|0x0000000705c00000, 0x0000000705c00000, 0x0000000705e00000|  0%| F|  |TAMS 0x0000000705c00000, 0x0000000705c00000| Untracked 
|  39|0x0000000705e00000, 0x0000000705e00000, 0x0000000706000000|  0%| F|  |TAMS 0x0000000705e00000, 0x0000000705e00000| Untracked 
|  40|0x0000000706000000, 0x0000000706000000, 0x0000000706200000|  0%| F|  |TAMS 0x0000000706000000, 0x0000000706000000| Untracked 
|  41|0x0000000706200000, 0x0000000706200000, 0x0000000706400000|  0%| F|  |TAMS 0x0000000706200000, 0x0000000706200000| Untracked 
|  42|0x0000000706400000, 0x0000000706400000, 0x0000000706600000|  0%| F|  |TAMS 0x0000000706400000, 0x0000000706400000| Untracked 
|  43|0x0000000706600000, 0x0000000706600000, 0x0000000706800000|  0%| F|  |TAMS 0x0000000706600000, 0x0000000706600000| Untracked 
|  44|0x0000000706800000, 0x0000000706800000, 0x0000000706a00000|  0%| F|  |TAMS 0x0000000706800000, 0x0000000706800000| Untracked 
|  45|0x0000000706a00000, 0x0000000706a00000, 0x0000000706c00000|  0%| F|  |TAMS 0x0000000706a00000, 0x0000000706a00000| Untracked 
|  46|0x0000000706c00000, 0x0000000706c00000, 0x0000000706e00000|  0%| F|  |TAMS 0x0000000706c00000, 0x0000000706c00000| Untracked 
|  47|0x0000000706e00000, 0x0000000706e00000, 0x0000000707000000|  0%| F|  |TAMS 0x0000000706e00000, 0x0000000706e00000| Untracked 
|  48|0x0000000707000000, 0x0000000707000000, 0x0000000707200000|  0%| F|  |TAMS 0x0000000707000000, 0x0000000707000000| Untracked 
|  49|0x0000000707200000, 0x0000000707200000, 0x0000000707400000|  0%| F|  |TAMS 0x0000000707200000, 0x0000000707200000| Untracked 
|  50|0x0000000707400000, 0x0000000707400000, 0x0000000707600000|  0%| F|  |TAMS 0x0000000707400000, 0x0000000707400000| Untracked 
|  51|0x0000000707600000, 0x0000000707600000, 0x0000000707800000|  0%| F|  |TAMS 0x0000000707600000, 0x0000000707600000| Untracked 
|  52|0x0000000707800000, 0x0000000707800000, 0x0000000707a00000|  0%| F|  |TAMS 0x0000000707800000, 0x0000000707800000| Untracked 
|  53|0x0000000707a00000, 0x0000000707a00000, 0x0000000707c00000|  0%| F|  |TAMS 0x0000000707a00000, 0x0000000707a00000| Untracked 
|  54|0x0000000707c00000, 0x0000000707c00000, 0x0000000707e00000|  0%| F|  |TAMS 0x0000000707c00000, 0x0000000707c00000| Untracked 
|  55|0x0000000707e00000, 0x0000000707e00000, 0x0000000708000000|  0%| F|  |TAMS 0x0000000707e00000, 0x0000000707e00000| Untracked 
|  56|0x0000000708000000, 0x0000000708000000, 0x0000000708200000|  0%| F|  |TAMS 0x0000000708000000, 0x0000000708000000| Untracked 
|  57|0x0000000708200000, 0x0000000708200000, 0x0000000708400000|  0%| F|  |TAMS 0x0000000708200000, 0x0000000708200000| Untracked 
|  58|0x0000000708400000, 0x0000000708400000, 0x0000000708600000|  0%| F|  |TAMS 0x0000000708400000, 0x0000000708400000| Untracked 
|  59|0x0000000708600000, 0x0000000708600000, 0x0000000708800000|  0%| F|  |TAMS 0x0000000708600000, 0x0000000708600000| Untracked 
|  60|0x0000000708800000, 0x0000000708800000, 0x0000000708a00000|  0%| F|  |TAMS 0x0000000708800000, 0x0000000708800000| Untracked 
|  61|0x0000000708a00000, 0x0000000708a00000, 0x0000000708c00000|  0%| F|  |TAMS 0x0000000708a00000, 0x0000000708a00000| Untracked 
|  62|0x0000000708c00000, 0x0000000708c00000, 0x0000000708e00000|  0%| F|  |TAMS 0x0000000708c00000, 0x0000000708c00000| Untracked 
|  63|0x0000000708e00000, 0x0000000708e00000, 0x0000000709000000|  0%| F|  |TAMS 0x0000000708e00000, 0x0000000708e00000| Untracked 
|  64|0x0000000709000000, 0x0000000709000000, 0x0000000709200000|  0%| F|  |TAMS 0x0000000709000000, 0x0000000709000000| Untracked 
|  65|0x0000000709200000, 0x0000000709200000, 0x0000000709400000|  0%| F|  |TAMS 0x0000000709200000, 0x0000000709200000| Untracked 
|  66|0x0000000709400000, 0x0000000709400000, 0x0000000709600000|  0%| F|  |TAMS 0x0000000709400000, 0x0000000709400000| Untracked 
|  67|0x0000000709600000, 0x0000000709600000, 0x0000000709800000|  0%| F|  |TAMS 0x0000000709600000, 0x0000000709600000| Untracked 
|  68|0x0000000709800000, 0x0000000709800000, 0x0000000709a00000|  0%| F|  |TAMS 0x0000000709800000, 0x0000000709800000| Untracked 
|  69|0x0000000709a00000, 0x0000000709a00000, 0x0000000709c00000|  0%| F|  |TAMS 0x0000000709a00000, 0x0000000709a00000| Untracked 
|  70|0x0000000709c00000, 0x0000000709c00000, 0x0000000709e00000|  0%| F|  |TAMS 0x0000000709c00000, 0x0000000709c00000| Untracked 
|  71|0x0000000709e00000, 0x0000000709e00000, 0x000000070a000000|  0%| F|  |TAMS 0x0000000709e00000, 0x0000000709e00000| Untracked 
|  72|0x000000070a000000, 0x000000070a000000, 0x000000070a200000|  0%| F|  |TAMS 0x000000070a000000, 0x000000070a000000| Untracked 
|  73|0x000000070a200000, 0x000000070a200000, 0x000000070a400000|  0%| F|  |TAMS 0x000000070a200000, 0x000000070a200000| Untracked 
|  74|0x000000070a400000, 0x000000070a400000, 0x000000070a600000|  0%| F|  |TAMS 0x000000070a400000, 0x000000070a400000| Untracked 
|  75|0x000000070a600000, 0x000000070a600000, 0x000000070a800000|  0%| F|  |TAMS 0x000000070a600000, 0x000000070a600000| Untracked 
|  76|0x000000070a800000, 0x000000070a800000, 0x000000070aa00000|  0%| F|  |TAMS 0x000000070a800000, 0x000000070a800000| Untracked 
|  77|0x000000070aa00000, 0x000000070aa00000, 0x000000070ac00000|  0%| F|  |TAMS 0x000000070aa00000, 0x000000070aa00000| Untracked 
|  78|0x000000070ac00000, 0x000000070ac00000, 0x000000070ae00000|  0%| F|  |TAMS 0x000000070ac00000, 0x000000070ac00000| Untracked 
|  79|0x000000070ae00000, 0x000000070ae00000, 0x000000070b000000|  0%| F|  |TAMS 0x000000070ae00000, 0x000000070ae00000| Untracked 
|  80|0x000000070b000000, 0x000000070b000000, 0x000000070b200000|  0%| F|  |TAMS 0x000000070b000000, 0x000000070b000000| Untracked 
|  81|0x000000070b200000, 0x000000070b200000, 0x000000070b400000|  0%| F|  |TAMS 0x000000070b200000, 0x000000070b200000| Untracked 
|  82|0x000000070b400000, 0x000000070b400000, 0x000000070b600000|  0%| F|  |TAMS 0x000000070b400000, 0x000000070b400000| Untracked 
|  83|0x000000070b600000, 0x000000070b600000, 0x000000070b800000|  0%| F|  |TAMS 0x000000070b600000, 0x000000070b600000| Untracked 
|  84|0x000000070b800000, 0x000000070b800000, 0x000000070ba00000|  0%| F|  |TAMS 0x000000070b800000, 0x000000070b800000| Untracked 
|  85|0x000000070ba00000, 0x000000070ba00000, 0x000000070bc00000|  0%| F|  |TAMS 0x000000070ba00000, 0x000000070ba00000| Untracked 
|  86|0x000000070bc00000, 0x000000070bc00000, 0x000000070be00000|  0%| F|  |TAMS 0x000000070bc00000, 0x000000070bc00000| Untracked 
|  87|0x000000070be00000, 0x000000070be00000, 0x000000070c000000|  0%| F|  |TAMS 0x000000070be00000, 0x000000070be00000| Untracked 
|  88|0x000000070c000000, 0x000000070c000000, 0x000000070c200000|  0%| F|  |TAMS 0x000000070c000000, 0x000000070c000000| Untracked 
|  89|0x000000070c200000, 0x000000070c200000, 0x000000070c400000|  0%| F|  |TAMS 0x000000070c200000, 0x000000070c200000| Untracked 
|  90|0x000000070c400000, 0x000000070c400000, 0x000000070c600000|  0%| F|  |TAMS 0x000000070c400000, 0x000000070c400000| Untracked 
|  91|0x000000070c600000, 0x000000070c600000, 0x000000070c800000|  0%| F|  |TAMS 0x000000070c600000, 0x000000070c600000| Untracked 
|  92|0x000000070c800000, 0x000000070c800000, 0x000000070ca00000|  0%| F|  |TAMS 0x000000070c800000, 0x000000070c800000| Untracked 
|  93|0x000000070ca00000, 0x000000070ca00000, 0x000000070cc00000|  0%| F|  |TAMS 0x000000070ca00000, 0x000000070ca00000| Untracked 
|  94|0x000000070cc00000, 0x000000070cc00000, 0x000000070ce00000|  0%| F|  |TAMS 0x000000070cc00000, 0x000000070cc00000| Untracked 
|  95|0x000000070ce00000, 0x000000070ce00000, 0x000000070d000000|  0%| F|  |TAMS 0x000000070ce00000, 0x000000070ce00000| Untracked 
|  96|0x000000070d000000, 0x000000070d000000, 0x000000070d200000|  0%| F|  |TAMS 0x000000070d000000, 0x000000070d000000| Untracked 
|  97|0x000000070d200000, 0x000000070d200000, 0x000000070d400000|  0%| F|  |TAMS 0x000000070d200000, 0x000000070d200000| Untracked 
|  98|0x000000070d400000, 0x000000070d400000, 0x000000070d600000|  0%| F|  |TAMS 0x000000070d400000, 0x000000070d400000| Untracked 
|  99|0x000000070d600000, 0x000000070d600000, 0x000000070d800000|  0%| F|  |TAMS 0x000000070d600000, 0x000000070d600000| Untracked 
| 100|0x000000070d800000, 0x000000070d800000, 0x000000070da00000|  0%| F|  |TAMS 0x000000070d800000, 0x000000070d800000| Untracked 
| 101|0x000000070da00000, 0x000000070da00000, 0x000000070dc00000|  0%| F|  |TAMS 0x000000070da00000, 0x000000070da00000| Untracked 
| 102|0x000000070dc00000, 0x000000070dc00000, 0x000000070de00000|  0%| F|  |TAMS 0x000000070dc00000, 0x000000070dc00000| Untracked 
| 103|0x000000070de00000, 0x000000070de00000, 0x000000070e000000|  0%| F|  |TAMS 0x000000070de00000, 0x000000070de00000| Untracked 
| 104|0x000000070e000000, 0x000000070e000000, 0x000000070e200000|  0%| F|  |TAMS 0x000000070e000000, 0x000000070e000000| Untracked 
| 105|0x000000070e200000, 0x000000070e200000, 0x000000070e400000|  0%| F|  |TAMS 0x000000070e200000, 0x000000070e200000| Untracked 
| 106|0x000000070e400000, 0x000000070e400000, 0x000000070e600000|  0%| F|  |TAMS 0x000000070e400000, 0x000000070e400000| Untracked 
| 107|0x000000070e600000, 0x000000070e600000, 0x000000070e800000|  0%| F|  |TAMS 0x000000070e600000, 0x000000070e600000| Untracked 
| 108|0x000000070e800000, 0x000000070e800000, 0x000000070ea00000|  0%| F|  |TAMS 0x000000070e800000, 0x000000070e800000| Untracked 
| 109|0x000000070ea00000, 0x000000070ea00000, 0x000000070ec00000|  0%| F|  |TAMS 0x000000070ea00000, 0x000000070ea00000| Untracked 
| 110|0x000000070ec00000, 0x000000070ec00000, 0x000000070ee00000|  0%| F|  |TAMS 0x000000070ec00000, 0x000000070ec00000| Untracked 
| 111|0x000000070ee00000, 0x000000070ee00000, 0x000000070f000000|  0%| F|  |TAMS 0x000000070ee00000, 0x000000070ee00000| Untracked 
| 112|0x000000070f000000, 0x000000070f000000, 0x000000070f200000|  0%| F|  |TAMS 0x000000070f000000, 0x000000070f000000| Untracked 
| 113|0x000000070f200000, 0x000000070f200000, 0x000000070f400000|  0%| F|  |TAMS 0x000000070f200000, 0x000000070f200000| Untracked 
| 114|0x000000070f400000, 0x000000070f400000, 0x000000070f600000|  0%| F|  |TAMS 0x000000070f400000, 0x000000070f400000| Untracked 
| 115|0x000000070f600000, 0x000000070f600000, 0x000000070f800000|  0%| F|  |TAMS 0x000000070f600000, 0x000000070f600000| Untracked 
| 116|0x000000070f800000, 0x000000070fa00000, 0x000000070fa00000|100%| S|CS|TAMS 0x000000070f800000, 0x000000070f800000| Complete 
| 117|0x000000070fa00000, 0x000000070fc00000, 0x000000070fc00000|100%| S|CS|TAMS 0x000000070fa00000, 0x000000070fa00000| Complete 
| 118|0x000000070fc00000, 0x000000070fc00000, 0x000000070fe00000|  0%| F|  |TAMS 0x000000070fc00000, 0x000000070fc00000| Untracked 
| 119|0x000000070fe00000, 0x000000070fe00000, 0x0000000710000000|  0%| F|  |TAMS 0x000000070fe00000, 0x000000070fe00000| Untracked 
| 120|0x0000000710000000, 0x0000000710000000, 0x0000000710200000|  0%| F|  |TAMS 0x0000000710000000, 0x0000000710000000| Untracked 
| 121|0x0000000710200000, 0x0000000710200000, 0x0000000710400000|  0%| F|  |TAMS 0x0000000710200000, 0x0000000710200000| Untracked 
| 122|0x0000000710400000, 0x0000000710525ad0, 0x0000000710600000| 57%| E|  |TAMS 0x0000000710400000, 0x0000000710400000| Complete 
| 123|0x0000000710600000, 0x0000000710800000, 0x0000000710800000|100%| E|CS|TAMS 0x0000000710600000, 0x0000000710600000| Complete 
| 124|0x0000000710800000, 0x0000000710a00000, 0x0000000710a00000|100%| E|CS|TAMS 0x0000000710800000, 0x0000000710800000| Complete 
| 125|0x0000000710a00000, 0x0000000710c00000, 0x0000000710c00000|100%| E|CS|TAMS 0x0000000710a00000, 0x0000000710a00000| Complete 
| 126|0x0000000710c00000, 0x0000000710e00000, 0x0000000710e00000|100%| E|CS|TAMS 0x0000000710c00000, 0x0000000710c00000| Complete 
| 127|0x0000000710e00000, 0x0000000711000000, 0x0000000711000000|100%| E|CS|TAMS 0x0000000710e00000, 0x0000000710e00000| Complete 

Card table byte_map: [0x000002ccba150000,0x000002ccba950000] _byte_map_base: 0x000002ccb6948000

Marking Bits (Prev, Next): (CMBitMap*) 0x000002cca3049520, (CMBitMap*) 0x000002cca3049560
 Prev Bits: [0x000002ccbb150000, 0x000002ccbf110000)
 Next Bits: [0x000002ccbf110000, 0x000002ccc30d0000)

Polling page: 0x000002cca0fc0000

Metaspace:

Usage:
  Non-class:     11.73 MB used.
      Class:      1.10 MB used.
       Both:     12.83 MB used.

Virtual space:
  Non-class space:       16.00 MB reserved,      11.88 MB ( 74%) committed,  2 nodes.
      Class space:        1.00 GB reserved,       1.25 MB ( <1%) committed,  1 nodes.
             Both:        1.02 GB reserved,      13.12 MB (  1%) committed. 

Chunk freelists:
   Non-Class:  3.86 MB
       Class:  2.73 MB
        Both:  6.59 MB

MaxMetaspaceSize: unlimited
CompressedClassSpaceSize: 1.00 GB
Initial GC threshold: 21.00 MB
Current GC threshold: 21.00 MB
CDS: on
MetaspaceReclaimPolicy: balanced
 - commit_granule_bytes: 65536.
 - commit_granule_words: 8192.
 - virtual_space_node_default_size: 1048576.
 - enlarge_chunks_in_place: 1.
 - new_chunks_are_fully_committed: 0.
 - uncommit_free_chunks: 1.
 - use_allocation_guard: 0.
 - handle_deallocations: 1.


Internal statistics:

num_allocs_failed_limit: 0.
num_arena_births: 238.
num_arena_deaths: 0.
num_vsnodes_births: 3.
num_vsnodes_deaths: 0.
num_space_committed: 208.
num_space_uncommitted: 0.
num_chunks_returned_to_freelist: 0.
num_chunks_taken_from_freelist: 456.
num_chunk_merges: 0.
num_chunk_splits: 280.
num_chunks_enlarged: 151.
num_purges: 0.
num_inconsistent_stats: 0.

CodeHeap 'non-profiled nmethods': size=120000Kb used=506Kb max_used=506Kb free=119493Kb
 bounds [0x000002ccb2310000, 0x000002ccb2580000, 0x000002ccb9840000]
CodeHeap 'profiled nmethods': size=120000Kb used=2820Kb max_used=2820Kb free=117179Kb
 bounds [0x000002ccaade0000, 0x000002ccab0b0000, 0x000002ccb2310000]
CodeHeap 'non-nmethods': size=5760Kb used=1879Kb max_used=1895Kb free=3880Kb
 bounds [0x000002ccaa840000, 0x000002ccaaab0000, 0x000002ccaade0000]
 total_blobs=3034 nmethods=1636 adapters=1311
 compilation: enabled
              stopped_count=0, restarted_count=0
 full_count=0

Compilation events (20 events):
Event: 1.078 Thread 0x000002ccc58f2f60 nmethod 1627 0x000002ccb2389c90 code [0x000002ccb2389e00, 0x000002ccb2389e78]
Event: 1.078 Thread 0x000002ccc58f6f00 nmethod 1624 0x000002ccab098d10 code [0x000002ccab098f00, 0x000002ccab099458]
Event: 1.078 Thread 0x000002ccc58f2f60 1628   !   4       java.nio.DirectFloatBufferU::put (36 bytes)
Event: 1.079 Thread 0x000002ccc58f2f60 nmethod 1628 0x000002ccb2389f90 code [0x000002ccb238a100, 0x000002ccb238a1f8]
Event: 1.083 Thread 0x000002cccc587e70 nmethod 1621% 0x000002ccb238a310 code [0x000002ccb238a500, 0x000002ccb238b5c8]
Event: 1.088 Thread 0x000002ccc58f6f00 1629 % !   3       Texture3D::create3DTextureDefault @ 113 (331 bytes)
Event: 1.089 Thread 0x000002ccc58f6f00 nmethod 1629% 0x000002ccab099690 code [0x000002ccab099a60, 0x000002ccab09ac48]
Event: 1.089 Thread 0x000002ccc58f6f00 1630   !   3       Texture3D::create3DTextureDefault (331 bytes)
Event: 1.090 Thread 0x000002ccc58f6f00 nmethod 1630 0x000002ccab09b490 code [0x000002ccab09b840, 0x000002ccab09c948]
Event: 1.092 Thread 0x000002ccc58f2f60 1631 % !   4       Texture3D::create3DTextureDefault @ 101 (331 bytes)
Event: 1.097 Thread 0x000002ccc58f2f60 nmethod 1631% 0x000002ccb238c010 code [0x000002ccb238c220, 0x000002ccb238c7b8]
Event: 1.098 Thread 0x000002cccc587e70 1632 % !   4       Texture3D::create3DTextureDefault @ 113 (331 bytes)
Event: 1.104 Thread 0x000002cccc587e70 nmethod 1632% 0x000002ccb238cb10 code [0x000002ccb238cd40, 0x000002ccb238d558]
Event: 1.112 Thread 0x000002ccc58f6f00 1634       3       java.util.concurrent.ConcurrentHashMap$ValueIterator::<init> (12 bytes)
Event: 1.112 Thread 0x000002ccc58f6f00 nmethod 1634 0x000002ccab09d090 code [0x000002ccab09d220, 0x000002ccab09d368]
Event: 1.225 Thread 0x000002ccc58f6f00 1635       3       java.util.zip.ZipUtils::LOCSIG (6 bytes)
Event: 1.225 Thread 0x000002ccc58f6f00 nmethod 1635 0x000002ccab09d410 code [0x000002ccab09d5c0, 0x000002ccab09d898]
Event: 1.226 Thread 0x000002ccc58f6f00 1636   !   3       jdk.internal.loader.URLClassPath$JarLoader::getResource (354 bytes)
Event: 1.227 Thread 0x000002ccc58f2f60 1637       4       java.lang.AbstractStringBuilder::append (45 bytes)
Event: 1.228 Thread 0x000002ccc58f6f00 nmethod 1636 0x000002ccab09da10 code [0x000002ccab09dea0, 0x000002ccab09ff78]

GC Heap History (2 events):
Event: 0.926 GC heap before
{Heap before GC invocations=0 (full 0):
 garbage-first heap   total 262144K, used 18432K [0x0000000701000000, 0x0000000800000000)
  region size 2048K, 10 young (20480K), 0 survivors (0K)
 Metaspace       used 12010K, committed 12224K, reserved 1064960K
  class space    used 1040K, committed 1152K, reserved 1048576K
}
Event: 0.929 GC heap after
{Heap after GC invocations=1 (full 0):
 garbage-first heap   total 262144K, used 4189K [0x0000000701000000, 0x0000000800000000)
  region size 2048K, 2 young (4096K), 2 survivors (4096K)
 Metaspace       used 12010K, committed 12224K, reserved 1064960K
  class space    used 1040K, committed 1152K, reserved 1048576K
}

Deoptimization events (20 events):
Event: 0.925 Thread 0x000002cca2ffae60 Uncommon trap: trap_request=0xffffffc6 fr.pc=0x000002ccb2345ab4 relative=0x0000000000001274
Event: 0.925 Thread 0x000002cca2ffae60 Uncommon trap: reason=bimorphic_or_optimized_type_check action=maybe_recompile pc=0x000002ccb2345ab4 method=java.util.HashMap.putVal(ILjava/lang/Object;Ljava/lang/Object;ZZ)Ljava/lang/Object; @ 56 c2
Event: 0.925 Thread 0x000002cca2ffae60 DEOPT PACKING pc=0x000002ccb2345ab4 sp=0x000000fa493fd6d0
Event: 0.925 Thread 0x000002cca2ffae60 DEOPT UNPACKING pc=0x000002ccaa8923a3 sp=0x000000fa493fd658 mode 2
Event: 0.925 Thread 0x000002cca2ffae60 Uncommon trap: trap_request=0xffffffc6 fr.pc=0x000002ccb2345b5c relative=0x000000000000131c
Event: 0.925 Thread 0x000002cca2ffae60 Uncommon trap: reason=bimorphic_or_optimized_type_check action=maybe_recompile pc=0x000002ccb2345b5c method=java.util.HashMap.putVal(ILjava/lang/Object;Ljava/lang/Object;ZZ)Ljava/lang/Object; @ 152 c2
Event: 0.925 Thread 0x000002cca2ffae60 DEOPT PACKING pc=0x000002ccb2345b5c sp=0x000000fa493fd6d0
Event: 0.925 Thread 0x000002cca2ffae60 DEOPT UNPACKING pc=0x000002ccaa8923a3 sp=0x000000fa493fd660 mode 2
Event: 0.926 Thread 0x000002cca2ffae60 Uncommon trap: trap_request=0xffffffc6 fr.pc=0x000002ccb2345ab4 relative=0x0000000000001274
Event: 0.926 Thread 0x000002cca2ffae60 Uncommon trap: reason=bimorphic_or_optimized_type_check action=maybe_recompile pc=0x000002ccb2345ab4 method=java.util.HashMap.putVal(ILjava/lang/Object;Ljava/lang/Object;ZZ)Ljava/lang/Object; @ 56 c2
Event: 0.926 Thread 0x000002cca2ffae60 DEOPT PACKING pc=0x000002ccb2345ab4 sp=0x000000fa493fd6d0
Event: 0.926 Thread 0x000002cca2ffae60 DEOPT UNPACKING pc=0x000002ccaa8923a3 sp=0x000000fa493fd658 mode 2
Event: 0.983 Thread 0x000002cca2ffae60 DEOPT PACKING pc=0x000002ccab0426ea sp=0x000000fa493feda0
Event: 0.983 Thread 0x000002cca2ffae60 DEOPT UNPACKING pc=0x000002ccaa892b43 sp=0x000000fa493fe228 mode 0
Event: 1.098 Thread 0x000002cca2ffae60 DEOPT PACKING pc=0x000002ccab09a9b0 sp=0x000000fa493ff430
Event: 1.098 Thread 0x000002cca2ffae60 DEOPT UNPACKING pc=0x000002ccaa892b43 sp=0x000000fa493fe9d8 mode 0
Event: 1.102 Thread 0x000002cca2ffae60 DEOPT PACKING pc=0x000002ccab09a9b0 sp=0x000000fa493ff430
Event: 1.102 Thread 0x000002cca2ffae60 DEOPT UNPACKING pc=0x000002ccaa892b43 sp=0x000000fa493fe9d8 mode 0
Event: 1.104 Thread 0x000002cca2ffae60 DEOPT PACKING pc=0x000002ccab09a98a sp=0x000000fa493ff430
Event: 1.104 Thread 0x000002cca2ffae60 DEOPT UNPACKING pc=0x000002ccaa892b43 sp=0x000000fa493fe9d8 mode 0

Classes unloaded (0 events):
No events

Classes redefined (0 events):
No events

Internal exceptions (20 events):
Event: 0.182 Thread 0x000002cca2ffae60 Exception <a 'java/lang/NoSuchMethodError'{0x00000007108ece68}: 'java.lang.Object java.lang.invoke.Invokers$Holder.linkToTargetMethod(java.lang.Object, long, java.lang.Object)'> (0x00000007108ece68) 
thrown [t:\workspace\open\src\hotspot\share\interpreter\linkResolver.cpp, line 766]
Event: 0.183 Thread 0x000002cca2ffae60 Exception <a 'java/lang/NoSuchMethodError'{0x00000007108f4338}: 'int java.lang.invoke.DirectMethodHandle$Holder.invokeStaticInit(java.lang.Object, java.lang.Object, java.lang.Object, long)'> (0x00000007108f4338) 
thrown [t:\workspace\open\src\hotspot\share\interpreter\linkResolver.cpp, line 766]
Event: 0.215 Thread 0x000002cca2ffae60 Exception <a 'sun/nio/fs/WindowsException'{0x0000000710682398}> (0x0000000710682398) 
thrown [t:\workspace\open\src\hotspot\share\prims\jni.cpp, line 516]
Event: 0.215 Thread 0x000002cca2ffae60 Exception <a 'sun/nio/fs/WindowsException'{0x00000007106826f8}> (0x00000007106826f8) 
thrown [t:\workspace\open\src\hotspot\share\prims\jni.cpp, line 516]
Event: 0.225 Thread 0x000002ccc58f0850 Exception <a 'java/lang/NoSuchMethodError'{0x000000071071da80}: 'void java.lang.invoke.DirectMethodHandle$Holder.invokeStatic(java.lang.Object, java.lang.Object, java.lang.Object)'> (0x000000071071da80) 
thrown [t:\workspace\open\src\hotspot\share\interpreter\linkResolver.cpp, line 766]
Event: 0.252 Thread 0x000002ccc58f0850 Exception <a 'java/lang/NoSuchMethodError'{0x00000007107dbcb0}: 'java.lang.Object java.lang.invoke.DirectMethodHandle$Holder.invokeStaticInit(java.lang.Object, int, int, int, int)'> (0x00000007107dbcb0) 
thrown [t:\workspace\open\src\hotspot\share\interpreter\linkResolver.cpp, line 766]
Event: 0.357 Thread 0x000002ccc58f0850 Exception <a 'java/lang/NoSuchMethodError'{0x00000007104a28a8}: 'java.lang.Object java.lang.invoke.DirectMethodHandle$Holder.invokeStaticInit(java.lang.Object, java.lang.Object, int, int, int, int)'> (0x00000007104a28a8) 
thrown [t:\workspace\open\src\hotspot\share\interpreter\linkResolver.cpp, line 766]
Event: 0.367 Thread 0x000002ccc58f0850 Exception <a 'java/lang/ClassNotFoundException'{0x00000007104c08c0}: javax/management/remote/rmi/RMIServerImpl_Skel> (0x00000007104c08c0) 
thrown [t:\workspace\open\src\hotspot\share\classfile\systemDictionary.cpp, line 256]
Event: 0.405 Thread 0x000002ccc70654f0 Exception <a 'java/lang/NoSuchMethodError'{0x00000007105fe540}: static [B.<clinit>()V> (0x00000007105fe540) 
thrown [t:\workspace\open\src\hotspot\share\prims\jni.cpp, line 1107]
Event: 0.410 Thread 0x000002ccc70654f0 Exception <a 'java/lang/ClassNotFoundException'{0x0000000710286798}: javax/management/remote/rmi/RMIConnectionImpl_Skel> (0x0000000710286798) 
thrown [t:\workspace\open\src\hotspot\share\classfile\systemDictionary.cpp, line 256]
Event: 0.544 Thread 0x000002cca2ffae60 Exception <a 'sun/nio/fs/WindowsException'{0x000000071035e470}> (0x000000071035e470) 
thrown [t:\workspace\open\src\hotspot\share\prims\jni.cpp, line 516]
Event: 0.544 Thread 0x000002cca2ffae60 Exception <a 'sun/nio/fs/WindowsException'{0x000000071035e818}> (0x000000071035e818) 
thrown [t:\workspace\open\src\hotspot\share\prims\jni.cpp, line 516]
Event: 0.548 Thread 0x000002cca2ffae60 Exception <a 'sun/nio/fs/WindowsException'{0x000000071036aae8}> (0x000000071036aae8) 
thrown [t:\workspace\open\src\hotspot\share\prims\jni.cpp, line 516]
Event: 0.548 Thread 0x000002cca2ffae60 Exception <a 'sun/nio/fs/WindowsException'{0x000000071036adc8}> (0x000000071036adc8) 
thrown [t:\workspace\open\src\hotspot\share\prims\jni.cpp, line 516]
Event: 0.862 Thread 0x000002cca2ffae60 Exception <a 'java/lang/NoSuchMethodError'{0x000000070fd01680}: 'void java.lang.invoke.DirectMethodHandle$Holder.invokeSpecial(java.lang.Object, java.lang.Object, long, double, double)'> (0x000000070fd01680) 
thrown [t:\workspace\open\src\hotspot\share\interpreter\linkResolver.cpp, line 766]
Event: 0.863 Thread 0x000002cca2ffae60 Exception <a 'java/lang/NoSuchMethodError'{0x000000070fd06d48}: 'void java.lang.invoke.DirectMethodHandle$Holder.invokeSpecial(java.lang.Object, java.lang.Object, long, int, int, int)'> (0x000000070fd06d48) 
thrown [t:\workspace\open\src\hotspot\share\interpreter\linkResolver.cpp, line 766]
Event: 0.871 Thread 0x000002cca2ffae60 Exception <a 'java/lang/ClassNotFoundException'{0x000000070fd23030}: sun/awt/resources/spi/awtProvider> (0x000000070fd23030) 
thrown [t:\workspace\open\src\hotspot\share\classfile\systemDictionary.cpp, line 256]
Event: 0.876 Thread 0x000002cca2ffae60 Exception <a 'java/io/FileNotFoundException'{0x000000070fd2cd08}> (0x000000070fd2cd08) 
thrown [t:\workspace\open\src\hotspot\share\prims\jni.cpp, line 516]
Event: 0.879 Thread 0x000002cca2ffae60 Exception <a 'java/io/FileNotFoundException'{0x000000070fd59ee0}> (0x000000070fd59ee0) 
thrown [t:\workspace\open\src\hotspot\share\prims\jni.cpp, line 516]
Event: 1.108 Thread 0x000002cca2ffae60 Exception <a 'java/lang/NoSuchMethodError'{0x00000007104bb278}: 'void java.lang.invoke.DirectMethodHandle$Holder.invokeSpecial(java.lang.Object, java.lang.Object, long, int, int, int, int)'> (0x00000007104bb278) 
thrown [t:\workspace\open\src\hotspot\share\interpreter\linkResolver.cpp, line 766]

VM Operations (20 events):
Event: 0.160 Executing VM operation: HandshakeAllThreads
Event: 0.160 Executing VM operation: HandshakeAllThreads done
Event: 0.166 Executing VM operation: HandshakeAllThreads
Event: 0.166 Executing VM operation: HandshakeAllThreads done
Event: 0.244 Executing VM operation: HandshakeAllThreads
Event: 0.244 Executing VM operation: HandshakeAllThreads done
Event: 0.409 Executing VM operation: HandshakeAllThreads
Event: 0.409 Executing VM operation: HandshakeAllThreads done
Event: 0.626 Executing VM operation: HandshakeAllThreads
Event: 0.626 Executing VM operation: HandshakeAllThreads done
Event: 0.857 Executing VM operation: ICBufferFull
Event: 0.857 Executing VM operation: ICBufferFull done
Event: 0.902 Executing VM operation: HandshakeAllThreads
Event: 0.902 Executing VM operation: HandshakeAllThreads done
Event: 0.925 Executing VM operation: HandshakeAllThreads
Event: 0.925 Executing VM operation: HandshakeAllThreads done
Event: 0.926 Executing VM operation: G1CollectForAllocation
Event: 0.929 Executing VM operation: G1CollectForAllocation done
Event: 0.942 Executing VM operation: HandshakeAllThreads
Event: 0.942 Executing VM operation: HandshakeAllThreads done

Events (20 events):
Event: 1.049 loading class java/awt/image/ComponentColorModel done
Event: 1.049 loading class java/awt/image/PixelInterleavedSampleModel
Event: 1.049 loading class java/awt/image/ComponentSampleModel
Event: 1.049 loading class java/awt/image/ComponentSampleModel done
Event: 1.049 loading class java/awt/image/PixelInterleavedSampleModel done
Event: 1.049 loading class javax/imageio/ImageTypeSpecifier$Packed
Event: 1.049 loading class javax/imageio/ImageTypeSpecifier$Packed done
Event: 1.049 loading class java/awt/image/DataBufferByte
Event: 1.049 loading class java/awt/image/DataBufferByte done
Event: 1.049 loading class sun/awt/image/ByteInterleavedRaster
Event: 1.049 loading class sun/awt/image/ByteComponentRaster
Event: 1.050 loading class sun/awt/image/ByteComponentRaster done
Event: 1.050 loading class sun/awt/image/ByteInterleavedRaster done
Event: 1.050 loading class java/awt/image/BufferedImage$1
Event: 1.050 loading class java/awt/image/BufferedImage$1 done
Event: 1.050 loading class sun/awt/image/ShortComponentRaster
Event: 1.051 loading class sun/awt/image/ShortComponentRaster done
Event: 1.051 loading class com/sun/imageio/plugins/common/ReaderUtil
Event: 1.051 loading class com/sun/imageio/plugins/common/ReaderUtil done
Event: 1.225 Thread 0x000002cccc587e70 Thread exited: 0x000002cccc587e70


Dynamic libraries:
0x00007ff707230000 - 0x00007ff70723e000 	C:\Users\andyd\.jdks\openjdk-17.0.2\bin\java.exe
0x00007ff903410000 - 0x00007ff903608000 	C:\WINDOWS\SYSTEM32\ntdll.dll
0x00007ff901430000 - 0x00007ff9014f2000 	C:\WINDOWS\System32\KERNEL32.DLL
0x00007ff900ab0000 - 0x00007ff900daf000 	C:\WINDOWS\System32\KERNELBASE.dll
0x00007ff900f00000 - 0x00007ff901000000 	C:\WINDOWS\System32\ucrtbase.dll
0x00007ff8fb8b0000 - 0x00007ff8fb8c8000 	C:\Users\andyd\.jdks\openjdk-17.0.2\bin\jli.dll
0x00007ff8fb370000 - 0x00007ff8fb38a000 	C:\Users\andyd\.jdks\openjdk-17.0.2\bin\VCRUNTIME140.dll
0x00007ff902010000 - 0x00007ff9021ad000 	C:\WINDOWS\System32\USER32.dll
0x00007ff900ed0000 - 0x00007ff900ef2000 	C:\WINDOWS\System32\win32u.dll
0x00007ff8d4750000 - 0x00007ff8d49ea000 	C:\WINDOWS\WinSxS\amd64_microsoft.windows.common-controls_6595b64144ccf1df_6.0.19041.4355_none_60b8b9eb71f62e16\COMCTL32.dll
0x00007ff901d50000 - 0x00007ff901d7b000 	C:\WINDOWS\System32\GDI32.dll
0x00007ff901b20000 - 0x00007ff901bbe000 	C:\WINDOWS\System32\msvcrt.dll
0x00007ff900db0000 - 0x00007ff900eca000 	C:\WINDOWS\System32\gdi32full.dll
0x00007ff9010b0000 - 0x00007ff90114d000 	C:\WINDOWS\System32\msvcp_win.dll
0x00007ff901860000 - 0x00007ff90188f000 	C:\WINDOWS\System32\IMM32.DLL
0x00007ff8fb360000 - 0x00007ff8fb36c000 	C:\Users\andyd\.jdks\openjdk-17.0.2\bin\vcruntime140_1.dll
0x00007ff8c1b60000 - 0x00007ff8c1bed000 	C:\Users\andyd\.jdks\openjdk-17.0.2\bin\msvcp140.dll
0x00007ff8a9850000 - 0x00007ff8aa411000 	C:\Users\andyd\.jdks\openjdk-17.0.2\bin\server\jvm.dll
0x00007ff901ca0000 - 0x00007ff901d4f000 	C:\WINDOWS\System32\ADVAPI32.dll
0x00007ff901520000 - 0x00007ff9015bf000 	C:\WINDOWS\System32\sechost.dll
0x00007ff9026b0000 - 0x00007ff9027d3000 	C:\WINDOWS\System32\RPCRT4.dll
0x00007ff9013b0000 - 0x00007ff9013d7000 	C:\WINDOWS\System32\bcrypt.dll
0x00007ff901c90000 - 0x00007ff901c98000 	C:\WINDOWS\System32\PSAPI.DLL
0x00007ff8fb250000 - 0x00007ff8fb277000 	C:\WINDOWS\SYSTEM32\WINMM.dll
0x00007ff8f9200000 - 0x00007ff8f920a000 	C:\WINDOWS\SYSTEM32\VERSION.dll
0x00007ff8d8440000 - 0x00007ff8d8449000 	C:\WINDOWS\SYSTEM32\WSOCK32.dll
0x00007ff901d80000 - 0x00007ff901deb000 	C:\WINDOWS\System32\WS2_32.dll
0x00007ff8feb30000 - 0x00007ff8feb42000 	C:\WINDOWS\SYSTEM32\kernel.appcore.dll
0x00007ff8fb080000 - 0x00007ff8fb08a000 	C:\Users\andyd\.jdks\openjdk-17.0.2\bin\jimage.dll
0x00007ff8fe720000 - 0x00007ff8fe904000 	C:\WINDOWS\SYSTEM32\DBGHELP.DLL
0x00007ff8f2cb0000 - 0x00007ff8f2ce4000 	C:\WINDOWS\SYSTEM32\dbgcore.DLL
0x00007ff9011c0000 - 0x00007ff901242000 	C:\WINDOWS\System32\bcryptPrimitives.dll
0x00007ff8fb060000 - 0x00007ff8fb06e000 	C:\Users\andyd\.jdks\openjdk-17.0.2\bin\instrument.dll
0x00007ff8f4650000 - 0x00007ff8f4675000 	C:\Users\andyd\.jdks\openjdk-17.0.2\bin\java.dll
0x00007ff8bd880000 - 0x00007ff8bd956000 	C:\Users\andyd\.jdks\openjdk-17.0.2\bin\jsvml.dll
0x00007ff9027e0000 - 0x00007ff902f4d000 	C:\WINDOWS\System32\SHELL32.dll
0x00007ff8feb50000 - 0x00007ff8ff2f4000 	C:\WINDOWS\SYSTEM32\windows.storage.dll
0x00007ff902350000 - 0x00007ff9026a5000 	C:\WINDOWS\System32\combase.dll
0x00007ff9004e0000 - 0x00007ff90050b000 	C:\WINDOWS\SYSTEM32\Wldp.dll
0x00007ff901bc0000 - 0x00007ff901c8d000 	C:\WINDOWS\System32\OLEAUT32.dll
0x00007ff9017b0000 - 0x00007ff90185d000 	C:\WINDOWS\System32\SHCORE.dll
0x00007ff9015c0000 - 0x00007ff901615000 	C:\WINDOWS\System32\shlwapi.dll
0x00007ff9009e0000 - 0x00007ff900a05000 	C:\WINDOWS\SYSTEM32\profapi.dll
0x00007ff8f8fd0000 - 0x00007ff8f8fe8000 	C:\Users\andyd\.jdks\openjdk-17.0.2\bin\zip.dll
0x00007ff8f4770000 - 0x00007ff8f4789000 	C:\Users\andyd\.jdks\openjdk-17.0.2\bin\net.dll
0x00007ff8f8ba0000 - 0x00007ff8f8caa000 	C:\WINDOWS\SYSTEM32\WINHTTP.dll
0x00007ff900240000 - 0x00007ff9002ac000 	C:\WINDOWS\system32\mswsock.dll
0x00007ff8f45c0000 - 0x00007ff8f45d6000 	C:\Users\andyd\.jdks\openjdk-17.0.2\bin\nio.dll
0x00007ff8f45a0000 - 0x00007ff8f45ba000 	C:\Program Files\JetBrains\IntelliJ IDEA 2024.3\bin\breakgen64.dll
0x00007ff8fff10000 - 0x00007ff8fffda000 	C:\WINDOWS\SYSTEM32\DNSAPI.dll
0x00007ff8ffed0000 - 0x00007ff8fff0b000 	C:\WINDOWS\SYSTEM32\IPHLPAPI.DLL
0x00007ff902000000 - 0x00007ff902008000 	C:\WINDOWS\System32\NSI.dll
0x00007ff8fa410000 - 0x00007ff8fa41a000 	C:\Windows\System32\rasadhlp.dll
0x00007ff8f5dc0000 - 0x00007ff8f5e40000 	C:\WINDOWS\System32\fwpuclnt.dll
0x00007ff8f92d0000 - 0x00007ff8f92d9000 	C:\Users\andyd\.jdks\openjdk-17.0.2\bin\management.dll
0x00007ff8f92b0000 - 0x00007ff8f92bb000 	C:\Users\andyd\.jdks\openjdk-17.0.2\bin\management_ext.dll
0x00007ff8b0c00000 - 0x00007ff8b0c7a000 	C:\Users\andyd\AppData\Local\Temp\lwjgl_andyd\3.3.2+13\x64\lwjgl.dll
0x00007ff8b0b70000 - 0x00007ff8b0bf2000 	C:\Users\andyd\AppData\Local\Temp\lwjgl_andyd\3.3.2+13\x64\glfw.dll
0x00007ff8b22b0000 - 0x00007ff8b22f5000 	C:\WINDOWS\SYSTEM32\dinput8.dll
0x00007ff8f11d0000 - 0x00007ff8f11e1000 	C:\WINDOWS\SYSTEM32\xinput1_4.dll
0x00007ff9013e0000 - 0x00007ff90142e000 	C:\WINDOWS\System32\cfgmgr32.dll
0x00007ff900840000 - 0x00007ff900873000 	C:\WINDOWS\SYSTEM32\DEVOBJ.dll
0x00007ff8fe540000 - 0x00007ff8fe56f000 	C:\WINDOWS\SYSTEM32\dwmapi.dll
0x00007ff8fe150000 - 0x00007ff8fe1ee000 	C:\WINDOWS\system32\uxtheme.dll
0x00007ff8e7590000 - 0x00007ff8e76e2000 	C:\WINDOWS\SYSTEM32\inputhost.dll
0x00007ff8fcec0000 - 0x00007ff8fcfb2000 	C:\WINDOWS\SYSTEM32\CoreMessaging.dll
0x00007ff8fcfc0000 - 0x00007ff8fd0b6000 	C:\WINDOWS\SYSTEM32\PROPSYS.dll
0x00007ff8fd280000 - 0x00007ff8fd3d7000 	C:\WINDOWS\SYSTEM32\wintypes.dll
0x00007ff8fc7e0000 - 0x00007ff8fcb3b000 	C:\WINDOWS\SYSTEM32\CoreUIComponents.dll
0x00007ff8ffd40000 - 0x00007ff8ffd73000 	C:\WINDOWS\SYSTEM32\ntmarta.dll
0x0000000180000000 - 0x0000000180272000 	C:\Program Files (x86)\RivaTuner Statistics Server\RTSSHooks64.dll
0x00007ff900440000 - 0x00007ff900458000 	C:\WINDOWS\SYSTEM32\CRYPTSP.dll
0x00007ff8ffaf0000 - 0x00007ff8ffb28000 	C:\WINDOWS\system32\rsaenh.dll
0x00007ff900960000 - 0x00007ff90098e000 	C:\WINDOWS\SYSTEM32\USERENV.dll
0x00007ff9021b0000 - 0x00007ff9022c5000 	C:\WINDOWS\System32\MSCTF.dll
0x00007ff900430000 - 0x00007ff90043c000 	C:\WINDOWS\SYSTEM32\CRYPTBASE.dll
0x00007ff8aef50000 - 0x00007ff8af078000 	C:\WINDOWS\SYSTEM32\opengl32.dll
0x00007ff8fa0b0000 - 0x00007ff8fa0dc000 	C:\WINDOWS\SYSTEM32\GLU32.dll
0x00007ff901e90000 - 0x00007ff901f39000 	C:\WINDOWS\System32\clbcatq.dll
0x00007ff8f9eb0000 - 0x00007ff8f9ec7000 	C:\WINDOWS\SYSTEM32\dhcpcsvc6.DLL
0x00007ff8f9e90000 - 0x00007ff8f9ead000 	C:\WINDOWS\SYSTEM32\dhcpcsvc.DLL
0x00007ff877d70000 - 0x00007ff87bffa000 	C:\WINDOWS\System32\DriverStore\FileRepository\nvle.inf_amd64_82ff39a34b899b1d\nvoglv64.dll
0x00007ff902f50000 - 0x00007ff9033c1000 	C:\WINDOWS\System32\SETUPAPI.dll
0x00007ff901680000 - 0x00007ff9017ab000 	C:\WINDOWS\System32\ole32.dll
0x00007ff8fb0f0000 - 0x00007ff8fb104000 	C:\WINDOWS\SYSTEM32\WTSAPI32.dll
0x00007ff900670000 - 0x00007ff900682000 	C:\WINDOWS\SYSTEM32\msasn1.dll
0x00007ff8fa420000 - 0x00007ff8fa451000 	C:\WINDOWS\SYSTEM32\cryptnet.dll
0x00007ff901250000 - 0x00007ff9013ac000 	C:\WINDOWS\System32\CRYPT32.dll
0x00007ff8f57c0000 - 0x00007ff8f5907000 	C:\WINDOWS\SYSTEM32\drvstore.dll
0x00007ff901150000 - 0x00007ff9011b8000 	C:\WINDOWS\System32\WINTRUST.dll
0x00007ff890b90000 - 0x00007ff890ba7000 	C:\WINDOWS\system32\napinsp.dll
0x00007ff890b70000 - 0x00007ff890b8b000 	C:\WINDOWS\system32\pnrpnsp.dll
0x00007ff8f9fb0000 - 0x00007ff8f9fcd000 	C:\WINDOWS\system32\NLAapi.dll
0x00007ff8fd260000 - 0x00007ff8fd275000 	C:\WINDOWS\system32\wshbth.dll
0x00007ff890b50000 - 0x00007ff890b62000 	C:\WINDOWS\System32\winrnr.dll
0x00007ff8fb2d0000 - 0x00007ff8fb30b000 	C:\WINDOWS\SYSTEM32\dxcore.dll
0x00007ff8f8770000 - 0x00007ff8f87c1000 	C:\WINDOWS\SYSTEM32\pdh.dll
0x00007ff8ffff0000 - 0x00007ff90003b000 	C:\WINDOWS\SYSTEM32\powrprof.dll
0x00007ff8ffeb0000 - 0x00007ff8ffec2000 	C:\WINDOWS\SYSTEM32\UMPDC.dll
0x00007ff8ff930000 - 0x00007ff8ff98b000 	C:\WINDOWS\SYSTEM32\WINSTA.dll
0x00007ff8e7ea0000 - 0x00007ff8e7f99000 	C:\WINDOWS\SYSTEM32\textinputframework.dll
0x00007ff8af1e0000 - 0x00007ff8af23e000 	C:\Users\andyd\AppData\Local\Temp\lwjgl_andyd\3.3.2+13\x64\lwjgl_opengl.dll
0x00007ff8f4590000 - 0x00007ff8f459f000 	C:\WINDOWS\System32\perfproc.dll
0x00007ff8cc740000 - 0x00007ff8cc74f000 	C:\WINDOWS\System32\perfos.dll
0x00007ff863ba0000 - 0x00007ff864394000 	C:\RT\VoluMarch\lib\imgui-java64.dll
0x00007ff8adbd0000 - 0x00007ff8add5e000 	C:\Users\andyd\.jdks\openjdk-17.0.2\bin\awt.dll
0x00007ff8fd780000 - 0x00007ff8fd814000 	C:\WINDOWS\SYSTEM32\apphelp.dll
0x00007ff8af100000 - 0x00007ff8af189000 	C:\Users\andyd\.jdks\openjdk-17.0.2\bin\freetype.dll
0x00007ff8ade00000 - 0x00007ff8adea8000 	C:\Users\andyd\.jdks\openjdk-17.0.2\bin\fontmanager.dll

dbghelp: loaded successfully - version: 4.0.5 - missing functions: none
symbol engine: initialized successfully - sym options: 0x614 - pdb path: .;C:\Users\andyd\.jdks\openjdk-17.0.2\bin;C:\WINDOWS\SYSTEM32;C:\WINDOWS\WinSxS\amd64_microsoft.windows.common-controls_6595b64144ccf1df_6.0.19041.4355_none_60b8b9eb71f62e16;C:\Users\andyd\.jdks\openjdk-17.0.2\bin\server;C:\Program Files\JetBrains\IntelliJ IDEA 2024.3\bin;C:\Users\andyd\AppData\Local\Temp\lwjgl_andyd\3.3.2+13\x64;C:\Program Files (x86)\RivaTuner Statistics Server;C:\WINDOWS\System32\DriverStore\FileRepository\nvle.inf_amd64_82ff39a34b899b1d;C:\RT\VoluMarch\lib

VM Arguments:
jvm_args: -Djava.library.path=C:\RT\VoluMarch\lib -javaagent:C:\Program Files\JetBrains\IntelliJ IDEA 2024.3\lib\idea_rt.jar=53201:C:\Program Files\JetBrains\IntelliJ IDEA 2024.3\bin -Dfile.encoding=UTF-8 
java_command: VolumeRaymarchLWJGL
java_class_path (initial): C:\RT\VoluMarch\out\production\VoluMarch;C:\RT\VoluMarch\lib\lwjgl-glfw-natives-linux.jar;C:\RT\VoluMarch\lib\lwjgl-glfw-natives-windows-arm64.jar;C:\RT\VoluMarch\lib\lwjgl-glfw-natives-windows-x86.jar;C:\RT\VoluMarch\lib\lwjgl-glfw-natives-windows.jar;C:\RT\VoluMarch\lib\lwjgl-glfw.jar;C:\RT\VoluMarch\lib\lwjgl-natives-windows-arm64.jar;C:\RT\VoluMarch\lib\lwjgl-natives-windows.jar;C:\RT\VoluMarch\lib\lwjgl-opengl-natives-windows-arm64.jar;C:\RT\VoluMarch\lib\lwjgl-opengl-natives-windows.jar;C:\RT\VoluMarch\lib\lwjgl-opengl.jar;C:\RT\VoluMarch\lib\lwjgl-stb.jar;C:\RT\VoluMarch\lib\lwjgl.jar;C:\RT\VoluMarch\lib\slick.jar;C:\RT\VoluMarch\lib\lwjgl-stb-natives-windows.jar;C:\RT\VoluMarch\lib\lwjgl-openxr.jar;C:\RT\VoluMarch\lib\lwjgl-openxr-natives-windows.jar;C:\RT\VoluMarch\lib\lwjgl-openxr-natives-windows-arm64.jar;C:\RT\VoluMarch\lib\imgui-binding-1.89.0.jar;C:\RT\VoluMarch\lib\imgui-lwjgl3-1.89.0.jar
Launcher Type: SUN_STANDARD

[Global flags]
     intx CICompilerCount                          = 3                                         {product} {ergonomic}
     uint ConcGCThreads                            = 2                                         {product} {ergonomic}
     uint G1ConcRefinementThreads                  = 6                                         {product} {ergonomic}
   size_t G1HeapRegionSize                         = 2097152                                   {product} {ergonomic}
    uintx GCDrainStackTargetSize                   = 64                                        {product} {ergonomic}
   size_t InitialHeapSize                          = 268435456                                 {product} {ergonomic}
   size_t MarkStackSize                            = 4194304                                   {product} {ergonomic}
   size_t MaxHeapSize                              = 4278190080                                {product} {ergonomic}
   size_t MaxNewSize                               = 2566914048                                {product} {ergonomic}
   size_t MinHeapDeltaBytes                        = 2097152                                   {product} {ergonomic}
   size_t MinHeapSize                              = 8388608                                   {product} {ergonomic}
    uintx NonNMethodCodeHeapSize                   = 5832780                                {pd product} {ergonomic}
    uintx NonProfiledCodeHeapSize                  = 122912730                              {pd product} {ergonomic}
    uintx ProfiledCodeHeapSize                     = 122912730                              {pd product} {ergonomic}
    uintx ReservedCodeCacheSize                    = 251658240                              {pd product} {ergonomic}
     bool SegmentedCodeCache                       = true                                      {product} {ergonomic}
   size_t SoftMaxHeapSize                          = 4278190080                             {manageable} {ergonomic}
     bool UseCompressedClassPointers               = true                           {product lp64_product} {ergonomic}
     bool UseCompressedOops                        = true                           {product lp64_product} {ergonomic}
     bool UseG1GC                                  = true                                      {product} {ergonomic}
     bool UseLargePagesIndividualAllocation        = false                                  {pd product} {ergonomic}

Logging:
Log output configuration:
 #0: stdout all=warning uptime,level,tags
 #1: stderr all=off uptime,level,tags

Environment Variables:
JAVA_HOME=C:\Program Files\Java\jdk-21
PATH=C:\Python312\Scripts\;C:\Python312\;C:\Program Files\Java\jdk-21\bin;C:\Users\andyd\AppData\Local\Programs\Python\Python310\Scripts\;C:\Users\andyd\AppData\Local\Programs\Python\Python310\;C:\Program Files\Java\jdk-11.0.8\bin;C:\Program Files\apache-maven-3.8.1\bin;C:\Program Files (x86)\Common Files\Oracle\Java\javapath;C:\Program Files\Common Files\Oracle\Java\javapath;C:\Windows\system32;C:\Windows;C:\Windows\System32\Wbem;C:\Windows\System32\WindowsPowerShell\v1.0\;C:\Windows\System32\OpenSSH\;C:\Program Files (x86)\NVIDIA Corporation\PhysX\Common;C:\WINDOWS\system32;C:\WINDOWS;C:\WINDOWS\System32\Wbem;C:\WINDOWS\System32\WindowsPowerShell\v1.0\;C:\WINDOWS\System32\OpenSSH\;C:\ProgramData\chocolatey\bin;C:\Program Files\Git\cmd;C:\Program Files\dotnet\;C:\Program Files\Microsoft SQL Server\130\Tools\Binn\;C:\Program Files\Microsoft SQL Server\Client SDK\ODBC\170\Tools\Binn\;C:\geckodriver-v0.33.0-win32;C:\edgedriver_win64;C:\Program Files\nodejs\;C:\Users\andyd\AppData\Local\Microsoft\WindowsApps;C:\Program Files\JetBrains\IntelliJ IDEA Community Edition 2020.2.3\bin;C:\Program Files\apache-maven-3.8.1\bin;C:\Users\andyd\AppData\Local\atom\bin;C:\Users\andyd\AppData\Local\Programs\Microsoft VS Code\bin;C:\Program Files\JetBrains\IntelliJ IDEA Community Edition 2021.1.1\bin;C:\Users\andyd\AppData\Local\GitHubDesktop\bin;C:\Program Files\node-v14.18.1-win-x64;C:\Program Files\JetBrains\PyCharm Community Edition 2021.2.3\bin;C:\Program Files\JetBrains\IntelliJ IDEA 2022.1\bin;C:\Program Files\JetBrains\DataGrip 2022.1.3\bin;C:\Program Files\JetBrains\PyCharm 2022.2.1\bin;C:\Users\andyd\.dotnet\tools;C:\Users\andyd\AppData\Local\gitkraken\bin;C:\edgedriver_win64;;C:\Program Files\JetBrains\IntelliJ IDEA 2024.3\bin;;C:\Users\andyd\AppData\Roaming\npm;C:\Users\andyd\AppData\Local\Programs\cursor\resources\app\bin
USERNAME=andyd
OS=Windows_NT
PROCESSOR_IDENTIFIER=Intel64 Family 6 Model 158 Stepping 10, GenuineIntel



---------------  S Y S T E M  ---------------

OS:
 Windows 10 , 64 bit Build 19041 (10.0.19041.5438)
OS uptime: 18 days 20:48 hours

CPU: total 6 (initial active 6) (6 cores per cpu, 1 threads per core) family 6 model 158 stepping 10 microcode 0xb4, cx8, cmov, fxsr, mmx, 3dnowpref, sse, sse2, sse3, ssse3, sse4.1, sse4.2, popcnt, lzcnt, tsc, tscinvbit, avx, avx2, aes, erms, clmul, bmi1, bmi2, adx, fma, vzeroupper, clflush, clflushopt

Memory: 4k page, system-wide physical 16313M (2184M free)
TotalPageFile size 29536M (AvailPageFile size 3439M)
current process WorkingSet (physical memory assigned to process): 195M, peak: 196M
current process commit charge ("private bytes"): 486M, peak: 486M

vm_info: OpenJDK 64-Bit Server VM (17.0.2+8-86) for windows-amd64 JRE (17.0.2+8-86), built on Dec  7 2021 21:49:10 by "mach5one" with MS VC++ 16.8 / 16.9 (VS2019)

END.
